Archive member included to satisfy reference by file (symbol)

C:/ST/STM32CubeIDE_1.19.0/STM32CubeIDE/plugins/com.st.stm32cube.ide.mcu.externaltools.gnu-tools-for-stm32.13.3.rel1.win32_1.0.0.202411081344/tools/bin/../lib/gcc/arm-none-eabi/13.3.1/../../../../arm-none-eabi/lib/thumb/v7e-m+fp/hard\libc_nano.a(libc_a-exit.o)
                              C:/ST/STM32CubeIDE_1.19.0/STM32CubeIDE/plugins/com.st.stm32cube.ide.mcu.externaltools.gnu-tools-for-stm32.13.3.rel1.win32_1.0.0.202411081344/tools/bin/../lib/gcc/arm-none-eabi/13.3.1/../../../../arm-none-eabi/lib/thumb/v7e-m+fp/hard/crt0.o (exit)
C:/ST/STM32CubeIDE_1.19.0/STM32CubeIDE/plugins/com.st.stm32cube.ide.mcu.externaltools.gnu-tools-for-stm32.13.3.rel1.win32_1.0.0.202411081344/tools/bin/../lib/gcc/arm-none-eabi/13.3.1/../../../../arm-none-eabi/lib/thumb/v7e-m+fp/hard\libc_nano.a(libc_a-rand.o)
                              ./Core/Src/main.o (rand)
C:/ST/STM32CubeIDE_1.19.0/STM32CubeIDE/plugins/com.st.stm32cube.ide.mcu.externaltools.gnu-tools-for-stm32.13.3.rel1.win32_1.0.0.202411081344/tools/bin/../lib/gcc/arm-none-eabi/13.3.1/../../../../arm-none-eabi/lib/thumb/v7e-m+fp/hard\libc_nano.a(libc_a-findfp.o)
                              C:/ST/STM32CubeIDE_1.19.0/STM32CubeIDE/plugins/com.st.stm32cube.ide.mcu.externaltools.gnu-tools-for-stm32.13.3.rel1.win32_1.0.0.202411081344/tools/bin/../lib/gcc/arm-none-eabi/13.3.1/../../../../arm-none-eabi/lib/thumb/v7e-m+fp/hard\libc_nano.a(libc_a-exit.o) (__stdio_exit_handler)
C:/ST/STM32CubeIDE_1.19.0/STM32CubeIDE/plugins/com.st.stm32cube.ide.mcu.externaltools.gnu-tools-for-stm32.13.3.rel1.win32_1.0.0.202411081344/tools/bin/../lib/gcc/arm-none-eabi/13.3.1/../../../../arm-none-eabi/lib/thumb/v7e-m+fp/hard\libc_nano.a(libc_a-fwalk.o)
                              C:/ST/STM32CubeIDE_1.19.0/STM32CubeIDE/plugins/com.st.stm32cube.ide.mcu.externaltools.gnu-tools-for-stm32.13.3.rel1.win32_1.0.0.202411081344/tools/bin/../lib/gcc/arm-none-eabi/13.3.1/../../../../arm-none-eabi/lib/thumb/v7e-m+fp/hard\libc_nano.a(libc_a-findfp.o) (_fwalk_sglue)
C:/ST/STM32CubeIDE_1.19.0/STM32CubeIDE/plugins/com.st.stm32cube.ide.mcu.externaltools.gnu-tools-for-stm32.13.3.rel1.win32_1.0.0.202411081344/tools/bin/../lib/gcc/arm-none-eabi/13.3.1/../../../../arm-none-eabi/lib/thumb/v7e-m+fp/hard\libc_nano.a(libc_a-sprintf.o)
                              ./Core/Src/ds3231.o (sprintf)
C:/ST/STM32CubeIDE_1.19.0/STM32CubeIDE/plugins/com.st.stm32cube.ide.mcu.externaltools.gnu-tools-for-stm32.13.3.rel1.win32_1.0.0.202411081344/tools/bin/../lib/gcc/arm-none-eabi/13.3.1/../../../../arm-none-eabi/lib/thumb/v7e-m+fp/hard\libc_nano.a(libc_a-stdio.o)
                              C:/ST/STM32CubeIDE_1.19.0/STM32CubeIDE/plugins/com.st.stm32cube.ide.mcu.externaltools.gnu-tools-for-stm32.13.3.rel1.win32_1.0.0.202411081344/tools/bin/../lib/gcc/arm-none-eabi/13.3.1/../../../../arm-none-eabi/lib/thumb/v7e-m+fp/hard\libc_nano.a(libc_a-findfp.o) (__sread)
C:/ST/STM32CubeIDE_1.19.0/STM32CubeIDE/plugins/com.st.stm32cube.ide.mcu.externaltools.gnu-tools-for-stm32.13.3.rel1.win32_1.0.0.202411081344/tools/bin/../lib/gcc/arm-none-eabi/13.3.1/../../../../arm-none-eabi/lib/thumb/v7e-m+fp/hard\libc_nano.a(libc_a-memset.o)
                              C:/ST/STM32CubeIDE_1.19.0/STM32CubeIDE/plugins/com.st.stm32cube.ide.mcu.externaltools.gnu-tools-for-stm32.13.3.rel1.win32_1.0.0.202411081344/tools/bin/../lib/gcc/arm-none-eabi/13.3.1/../../../../arm-none-eabi/lib/thumb/v7e-m+fp/hard/crt0.o (memset)
C:/ST/STM32CubeIDE_1.19.0/STM32CubeIDE/plugins/com.st.stm32cube.ide.mcu.externaltools.gnu-tools-for-stm32.13.3.rel1.win32_1.0.0.202411081344/tools/bin/../lib/gcc/arm-none-eabi/13.3.1/../../../../arm-none-eabi/lib/thumb/v7e-m+fp/hard\libc_nano.a(libc_a-closer.o)
                              C:/ST/STM32CubeIDE_1.19.0/STM32CubeIDE/plugins/com.st.stm32cube.ide.mcu.externaltools.gnu-tools-for-stm32.13.3.rel1.win32_1.0.0.202411081344/tools/bin/../lib/gcc/arm-none-eabi/13.3.1/../../../../arm-none-eabi/lib/thumb/v7e-m+fp/hard\libc_nano.a(libc_a-stdio.o) (_close_r)
C:/ST/STM32CubeIDE_1.19.0/STM32CubeIDE/plugins/com.st.stm32cube.ide.mcu.externaltools.gnu-tools-for-stm32.13.3.rel1.win32_1.0.0.202411081344/tools/bin/../lib/gcc/arm-none-eabi/13.3.1/../../../../arm-none-eabi/lib/thumb/v7e-m+fp/hard\libc_nano.a(libc_a-reent.o)
                              C:/ST/STM32CubeIDE_1.19.0/STM32CubeIDE/plugins/com.st.stm32cube.ide.mcu.externaltools.gnu-tools-for-stm32.13.3.rel1.win32_1.0.0.202411081344/tools/bin/../lib/gcc/arm-none-eabi/13.3.1/../../../../arm-none-eabi/lib/thumb/v7e-m+fp/hard\libc_nano.a(libc_a-closer.o) (errno)
C:/ST/STM32CubeIDE_1.19.0/STM32CubeIDE/plugins/com.st.stm32cube.ide.mcu.externaltools.gnu-tools-for-stm32.13.3.rel1.win32_1.0.0.202411081344/tools/bin/../lib/gcc/arm-none-eabi/13.3.1/../../../../arm-none-eabi/lib/thumb/v7e-m+fp/hard\libc_nano.a(libc_a-impure.o)
[...]
Memory Configuration

Name             Origin             Length             Attributes
RAM              0x20000000         0x00010000         xrw
FLASH            0x08000000         0x00040000         xr
*default*        0x00000000         0xffffffff

Linker script and memory map

LOAD C:/ST/STM32CubeIDE_1.19.0/STM32CubeIDE/plugins/com.st.stm32cube.ide.mcu.externaltools.gnu-tools-for-stm32.13.3.rel1.win32_1.0.0.202411081344/tools/bin/../lib/gcc/arm-none-eabi/13.3.1/thumb/v7e-m+fp/hard/crti.o
LOAD C:/ST/STM32CubeIDE_1.19.0/STM32CubeIDE/plugins/com.st.stm32cube.ide.mcu.externaltools.gnu-tools-for-stm32.13.3.rel1.win32_1.0.0.202411081344/tools/bin/../lib/gcc/arm-none-eabi/13.3.1/thumb/v7e-m+fp/hard/crtbegin.o
LOAD C:/ST/STM32CubeIDE_1.19.0/STM32CubeIDE/plugins/com.st.stm32cube.ide.mcu.externaltools.gnu-tools-for-stm32.13.3.rel1.win32_1.0.0.202411081344/tools/bin/../lib/gcc/arm-none-eabi/13.3.1/../../../../arm-none-eabi/lib/thumb/v7e-m+fp/hard/crt0.o
LOAD ./Core/Src/74hc165.o
LOAD ./Core/Src/TM1637.o
LOAD ./Core/Src/ds3231.o
LOAD ./Core/Src/main.o
LOAD ./Core/Src/stm32f4xx_hal_msp.o
LOAD ./Core/Src/stm32f4xx_it.o
LOAD ./Core/Src/syscalls.o
LOAD ./Core/Src/sysmem.o
LOAD ./Core/Src/system_stm32f4xx.o
LOAD ./Core/Src/w25q64.o
LOAD ./Core/Startup/startup_stm32f401ccux.o
LOAD ./Drivers/STM32F4xx_HAL_Driver/Src/stm32f4xx_hal.o
LOAD ./Drivers/STM32F4xx_HAL_Driver/Src/stm32f4xx_hal_adc.o
LOAD ./Drivers/STM32F4xx_HAL_Driver/Src/stm32f4xx_hal_adc_ex.o
LOAD ./Drivers/STM32F4xx_HAL_Driver/Src/stm32f4xx_hal_cortex.o
LOAD ./Drivers/STM32F4xx_HAL_Driver/Src/stm32f4xx_hal_dma.o
LOAD ./Drivers/STM32F4xx_HAL_Driver/Src/stm32f4xx_hal_dma_ex.o
LOAD ./Drivers/STM32F4xx_HAL_Driver/Src/stm32f4xx_hal_exti.o
LOAD ./Drivers/STM32F4xx_HAL_Driver/Src/stm32f4xx_hal_flash.o
LOAD ./Drivers/STM32F4xx_HAL_Driver/Src/stm32f4xx_hal_flash_ex.o
LOAD ./Drivers/STM32F4xx_HAL_Driver/Src/stm32f4xx_hal_flash_ramfunc.o
LOAD ./Drivers/STM32F4xx_HAL_Driver/Src/stm32f4xx_hal_gpio.o
LOAD ./Drivers/STM32F4xx_HAL_Driver/Src/stm32f4xx_hal_i2c.o
LOAD ./Drivers/STM32F4xx_HAL_Driver/Src/stm32f4xx_hal_i2c_ex.o
LOAD ./Drivers/STM32F4xx_HAL_Driver/Src/stm32f4xx_hal_pcd.o
LOAD ./Drivers/STM32F4xx_HAL_Driver/Src/stm32f4xx_hal_pcd_ex.o
LOAD ./Drivers/STM32F4xx_HAL_Driver/Src/stm32f4xx_hal_pwr.o
LOAD ./Drivers/STM32F4xx_HAL_Driver/Src/stm32f4xx_hal_pwr_ex.o
LOAD ./Drivers/STM32F4xx_HAL_Driver/Src/stm32f4xx_hal_rcc.o
LOAD ./Drivers/STM32F4xx_HAL_Driver/Src/stm32f4xx_hal_rcc_ex.o
LOAD ./Drivers/STM32F4xx_HAL_Driver/Src/stm32f4xx_hal_spi.o
LOAD ./Drivers/STM32F4xx_HAL_Driver/Src/stm32f4xx_hal_tim.o
LOAD ./Drivers/STM32F4xx_HAL_Driver/Src/stm32f4xx_hal_tim_ex.o
LOAD ./Drivers/STM32F4xx_HAL_Driver/Src/stm32f4xx_hal_uart.o
LOAD ./Drivers/STM32F4xx_HAL_Driver/Src/stm32f4xx_ll_adc.o
LOAD ./Drivers/STM32F4xx_HAL_Driver/Src/stm32f4xx_ll_usb.o
LOAD ./FATFS/App/fatfs.o
LOAD ./FATFS/Target/user_diskio.o
LOAD ./Middlewares/ST/STM32_USB_Device_Library/Class/MSC/Src/usbd_msc.o
LOAD ./Middlewares/ST/STM32_USB_Device_Library/Class/MSC/Src/usbd_msc_bot.o
LOAD ./Middlewares/ST/STM32_USB_Device_Library/Class/MSC/Src/usbd_msc_data.o
LOAD ./Middlewares/ST/STM32_USB_Device_Library/Class/MSC/Src/usbd_msc_scsi.o
LOAD ./Middlewares/ST/STM32_USB_Device_Library/Core/Src/usbd_core.o
LOAD ./Middlewares/ST/STM32_USB_Device_Library/Core/Src/usbd_ctlreq.o
LOAD ./Middlewares/ST/STM32_USB_Device_Library/Core/Src/usbd_ioreq.o
LOAD ./Middlewares/Third_Party/FatFs/src/diskio.o
LOAD ./Middlewares/Third_Party/FatFs/src/ff.o
LOAD ./Middlewares/Third_Party/FatFs/src/ff_gen_drv.o
LOAD ./Middlewares/Third_Party/FatFs/src/option/syscall.o
LOAD ./USB_DEVICE/App/usb_device.o
LOAD ./USB_DEVICE/App/usbd_desc.o
LOAD ./USB_DEVICE/App/usbd_storage_if.o
LOAD ./USB_DEVICE/Target/usbd_conf.o
START GROUP
LOAD C:/ST/STM32CubeIDE_1.19.0/STM32CubeIDE/plugins/com.st.stm32cube.ide.mcu.externaltools.gnu-tools-for-stm32.13.3.rel1.win32_1.0.0.202411081344/tools/bin/../lib/gcc/arm-none-eabi/13.3.1/../../../../arm-none-eabi/lib/thumb/v7e-m+fp/hard\libc_nano.a
LOAD C:/ST/STM32CubeIDE_1.19.0/STM32CubeIDE/plugins/com.st.stm32cube.ide.mcu.externaltools.gnu-tools-for-stm32.13.3.rel1.win32_1.0.0.202411081344/tools/bin/../lib/gcc/arm-none-eabi/13.3.1/../../../../arm-none-eabi/lib/thumb/v7e-m+fp/hard\libm.a
END GROUP
START GROUP
LOAD C:/ST/STM32CubeIDE_1.19.0/STM32CubeIDE/plugins/com.st.stm32cube.ide.mcu.externaltools.gnu-tools-for-stm32.13.3.rel1.win32_1.0.0.202411081344/tools/bin/../lib/gcc/arm-none-eabi/13.3.1/thumb/v7e-m+fp/hard\libgcc.a
LOAD C:/ST/STM32CubeIDE_1.19.0/STM32CubeIDE/plugins/com.st.stm32cube.ide.mcu.externaltools.gnu-tools-for-stm32.13.3.rel1.win32_1.0.0.202411081344/tools/bin/../lib/gcc/arm-none-eabi/13.3.1/../../../../arm-none-eabi/lib/thumb/v7e-m+fp/hard\libc_nano.a
END GROUP
START GROUP
LOAD C:/ST/STM32CubeIDE_1.19.0/STM32CubeIDE/plugins/com.st.stm32cube.ide.mcu.externaltools.gnu-tools-for-stm32.13.3.rel1.win32_1.0.0.202411081344/tools/bin/../lib/gcc/arm-none-eabi/13.3.1/thumb/v7e-m+fp/hard\libgcc.a
LOAD C:/ST/STM32CubeIDE_1.19.0/STM32CubeIDE/plugins/com.st.stm32cube.ide.mcu.externaltools.gnu-tools-for-stm32.13.3.rel1.win32_1.0.0.202411081344/tools/bin/../lib/gcc/arm-none-eabi/13.3.1/../../../../arm-none-eabi/lib/thumb/v7e-m+fp/hard\libc_nano.a
LOAD C:/ST/STM32CubeIDE_1.19.0/STM32CubeIDE/plugins/com.st.stm32cube.ide.mcu.externaltools.gnu-tools-for-stm32.13.3.rel1.win32_1.0.0.202411081344/tools/bin/../lib/gcc/arm-none-eabi/13.3.1/../../../../arm-none-eabi/lib/thumb/v7e-m+fp/hard\libnosys.a
END GROUP
START GROUP
LOAD C:/ST/STM32CubeIDE_1.19.0/STM32CubeIDE/plugins/com.st.stm32cube.ide.mcu.externaltools.gnu-tools-for-stm32.13.3.rel1.win32_1.0.0.202411081344/tools/bin/../lib/gcc/arm-none-eabi/13.3.1/thumb/v7e-m+fp/hard\libgcc.a
LOAD C:/ST/STM32CubeIDE_1.19.0/STM32CubeIDE/plugins/com.st.stm32cube.ide.mcu.externaltools.gnu-tools-for-stm32.13.3.rel1.win32_1.0.0.202411081344/tools/bin/../lib/gcc/arm-none-eabi/13.3.1/../../../../arm-none-eabi/lib/thumb/v7e-m+fp/hard\libc_nano.a
LOAD C:/ST/STM32CubeIDE_1.19.0/STM32CubeIDE/plugins/com.st.stm32cube.ide.mcu.externaltools.gnu-tools-for-stm32.13.3.rel1.win32_1.0.0.202411081344/tools/bin/../lib/gcc/arm-none-eabi/13.3.1/../../../../arm-none-eabi/lib/thumb/v7e-m+fp/hard\libnosys.a
END GROUP
LOAD C:/ST/STM32CubeIDE_1.19.0/STM32CubeIDE/plugins/com.st.stm32cube.ide.mcu.externaltools.gnu-tools-for-stm32.13.3.rel1.win32_1.0.0.202411081344/tools/bin/../lib/gcc/arm-none-eabi/13.3.1/thumb/v7e-m+fp/hard/crtend.o
LOAD C:/ST/STM32CubeIDE_1.19.0/STM32CubeIDE/plugins/com.st.stm32cube.ide.mcu.externaltools.gnu-tools-for-stm32.13.3.rel1.win32_1.0.0.202411081344/tools/bin/../lib/gcc/arm-none-eabi/13.3.1/thumb/v7e-m+fp/hard/crtn.o
                0x20010000                        _estack = (ORIGIN (RAM) + LENGTH (RAM))
                0x00000200                        _Min_Heap_Size = 0x200
                0x00000400                        _Min_Stack_Size = 0x400

.isr_vector     0x08000000      0x194
                0x08000000                        . = ALIGN (0x4)
 *(.isr_vector)
 .isr_vector    0x08000000      0x194 ./Core/Startup/startup_stm32f401ccux.o
                0x08000000                g_pfnVectors
                0x08000194                        . = ALIGN (0x4)

.text           0x080001a0    0x119f4
                0x080001a0                        . = ALIGN (0x4)
 *(.text)
 .text          0x080001a0       0x40 C:/ST/STM32CubeIDE_1.19.0/STM32CubeIDE/plugins/com.st.stm32cube.ide.mcu.externaltools.gnu-tools-for-stm32.13.3.rel1.win32_1.0.0.202411081344/tools/bin/../lib/gcc/arm-none-eabi/13.3.1/thumb/v7e-m+fp/hard/crtbegin.o
 .text          0x080001e0       0x10 C:/ST/STM32CubeIDE_1.19.0/STM32CubeIDE/plugins/com.st.stm32cube.ide.mcu.externaltools.gnu-tools-for-stm32.13.3.rel1.win32_1.0.0.202411081344/tools/bin/../lib/gcc/arm-none-eabi/13.3.1/../../../../arm-none-eabi/lib/thumb/v7e-m+fp/hard\libc_nano.a(libc_a-strlen.o)
                0x080001e0                strlen
 .text          0x080001f0       0xa0 C:/ST/STM32CubeIDE_1.19.0/STM32CubeIDE/plugins/com.st.stm32cube.ide.mcu.externaltools.gnu-tools-for-stm32.13.3.rel1.win32_1.0.0.202411081344/tools/bin/../lib/gcc/arm-none-eabi/13.3.1/../../../../arm-none-eabi/lib/thumb/v7e-m+fp/hard\libc_nano.a(libc_a-memchr.o)
                0x080001f0                memchr
 .text          0x08000290       0x30 C:/ST/STM32CubeIDE_1.19.0/STM32CubeIDE/plugins/com.st.stm32cube.ide.mcu.externaltools.gnu-tools-for-stm32.13.3.rel1.win32_1.0.0.202411081344/tools/bin/../lib/gcc/arm-none-eabi/13.3.1/thumb/v7e-m+fp/hard\libgcc.a(_aeabi_uldivmod.o)
                0x08000290                __aeabi_uldivmod
 .text          0x080002c0      0x2f8 C:/ST/STM32CubeIDE_1.19.0/STM32CubeIDE/plugins/com.st.stm32cube.ide.mcu.externaltools.gnu-tools-for-stm32.13.3.rel1.win32_1.0.0.202411081344/tools/bin/../lib/gcc/arm-none-eabi/13.3.1/thumb/v7e-m+fp/hard\libgcc.a(_udivmoddi4.o)
                0x080002c0                __udivmoddi4
 .text          0x080005b8        0x4 C:/ST/STM32CubeIDE_1.19.0/STM32CubeIDE/plugins/com.st.stm32cube.ide.mcu.externaltools.gnu-tools-for-stm32.13.3.rel1.win32_1.0.0.202411081344/tools/bin/../lib/gcc/arm-none-eabi/13.3.1/thumb/v7e-m+fp/hard\libgcc.a(_dvmd_tls.o)
                0x080005b8                __aeabi_idiv0
                0x080005b8                __aeabi_ldiv0
 *(.text*)
 .text.HC165_SetPins
                0x080005bc       0x5c ./Core/Src/74hc165.o
                0x080005bc                HC165_SetPins
 .text.HC165_Delay
                0x08000618       0x28 ./Core/Src/74hc165.o
 .text.HC165_Latch
                0x08000640       0x38 ./Core/Src/74hc165.o
 .text.HC165_PulseClock
                0x08000678       0x38 ./Core/Src/74hc165.o
 .text.HC165_Read
                0x080006b0       0x88 ./Core/Src/74hc165.o
                0x080006b0                HC165_Read
 .text.HC165_Unpack
                0x08000738       0x6a ./Core/Src/74hc165.o
                0x08000738                HC165_Unpack
 .text.TM1637_Delay
                0x080007a2       0x28 ./Core/Src/TM1637.o
 .text.TM1637_Start
                0x080007ca       0x58 ./Core/Src/TM1637.o
 .text.TM1637_Stop
                0x08000822       0x58 ./Core/Src/TM1637.o
 .text.TM1637_WriteByte
                0x0800087a       0xa8 ./Core/Src/TM1637.o
 *fill*         0x08000922        0x2 
 .text.TM1637_SetBrightness
                0x08000924       0xa8 ./Core/Src/TM1637.o
                0x08000924                TM1637_SetBrightness
 .text.TM1637_DisplayNumber
                0x080009cc      0x190 ./Core/Src/TM1637.o
                0x080009cc                TM1637_DisplayNumber
 .text.bcd_to_dec
                0x08000b5c       0x32 ./Core/Src/ds3231.o
 *fill*         0x08000b8e        0x2 
 .text.DS3231_Init
                0x08000b90       0x34 ./Core/Src/ds3231.o
                0x08000b90                DS3231_Init
 .text.DS3231_ReadByte
                0x08000bc4       0x3c ./Core/Src/ds3231.o
                0x08000bc4                DS3231_ReadByte
 .text.DS3231_ReadTime
                0x08000c00       0xcc ./Core/Src/ds3231.o
                0x08000c00                DS3231_ReadTime
 .text.Display_ShowNumber
                0x08000ccc       0x60 ./Core/Src/main.o
 .text.Display_SetBrightness
                0x08000d2c       0x5c ./Core/Src/main.o
 .text.MountFS  0x08000d88       0x90 ./Core/Src/main.o
 .text.UnmountFS
                0x08000e18       0x34 ./Core/Src/main.o
 .text.FormatFS
                0x08000e4c       0x80 ./Core/Src/main.o
 .text.WriteCSVHeader
                0x08000ecc       0xa8 ./Core/Src/main.o
 .text.AppendCSVLine
                0x08000f74       0x88 ./Core/Src/main.o
 .text.Log_Init
                0x08000ffc       0x24 ./Core/Src/main.o
 .text.Log_AddEvent
                0x08001020       0xd4 ./Core/Src/main.o
 .text.Log_FlushToCSV
                0x080010f4       0x74 ./Core/Src/main.o
 .text.Log_ReadCSV
                0x08001168       0xa8 ./Core/Src/main.o
 .text.main     0x08001210      0x640 ./Core/Src/main.o
                0x08001210                main
 .text.SystemClock_Config
                0x08001850       0xd8 ./Core/Src/main.o
                0x08001850                SystemClock_Config
 .text.MX_ADC1_Init
                0x08001928       0xa4 ./Core/Src/main.o
 .text.MX_I2C1_Init
                0x080019cc       0x5c ./Core/Src/main.o
 .text.MX_SPI1_Init
                0x08001a28       0x6c ./Core/Src/main.o
 .text.MX_TIM4_Init
                0x08001a94       0xa8 ./Core/Src/main.o
 .text.MX_TIM5_Init
                0x08001b3c       0xb4 ./Core/Src/main.o
 .text.MX_USART1_UART_Init
                0x08001bf0       0x54 ./Core/Src/main.o
 .text.MX_GPIO_Init
                0x08001c44      0x15c ./Core/Src/main.o
 .text.UART_Print
                0x08001da0       0x2c ./Core/Src/main.o
                0x08001da0                UART_Print
 .text.HAL_TIM_IC_CaptureCallback
                0x08001dcc       0xa4 ./Core/Src/main.o
                0x08001dcc                HAL_TIM_IC_CaptureCallback
 .text.HAL_TIM_PeriodElapsedCallback
                0x08001e70       0x30 ./Core/Src/main.o
                0x08001e70                HAL_TIM_PeriodElapsedCallback
 .text.Error_Handler
                0x08001ea0        0xc ./Core/Src/main.o
                0x08001ea0                Error_Handler
 .text.HAL_MspInit
                0x08001eac       0x50 ./Core/Src/stm32f4xx_hal_msp.o
                0x08001eac                HAL_MspInit
 .text.HAL_ADC_MspInit
                0x08001efc       0x88 ./Core/Src/stm32f4xx_hal_msp.o
                0x08001efc                HAL_ADC_MspInit
 .text.HAL_I2C_MspInit
                0x08001f84       0x90 ./Core/Src/stm32f4xx_hal_msp.o
                0x08001f84                HAL_I2C_MspInit
 .text.HAL_SPI_MspInit
                0x08002014       0x90 ./Core/Src/stm32f4xx_hal_msp.o
                0x08002014                HAL_SPI_MspInit
 .text.HAL_TIM_IC_MspInit
                0x080020a4       0xa0 ./Core/Src/stm32f4xx_hal_msp.o
                0x080020a4                HAL_TIM_IC_MspInit
 .text.HAL_TIM_PWM_MspInit
                0x08002144       0x44 ./Core/Src/stm32f4xx_hal_msp.o
                0x08002144                HAL_TIM_PWM_MspInit
 .text.HAL_TIM_MspPostInit
                0x08002188       0x74 ./Core/Src/stm32f4xx_hal_msp.o
                0x08002188                HAL_TIM_MspPostInit
 .text.HAL_UART_MspInit
                0x080021fc       0x90 ./Core/Src/stm32f4xx_hal_msp.o
                0x080021fc                HAL_UART_MspInit
 .text.NMI_Handler
                0x0800228c        0x8 ./Core/Src/stm32f4xx_it.o
                0x0800228c                NMI_Handler
 .text.HardFault_Handler
                0x08002294        0x8 ./Core/Src/stm32f4xx_it.o
                0x08002294                HardFault_Handler
 .text.MemManage_Handler
                0x0800229c        0x8 ./Core/Src/stm32f4xx_it.o
                0x0800229c                MemManage_Handler
 .text.BusFault_Handler
                0x080022a4        0x8 ./Core/Src/stm32f4xx_it.o
                0x080022a4                BusFault_Handler
 .text.UsageFault_Handler
                0x080022ac        0x8 ./Core/Src/stm32f4xx_it.o
                0x080022ac                UsageFault_Handler
 .text.SVC_Handler
                0x080022b4        0xe ./Core/Src/stm32f4xx_it.o
                0x080022b4                SVC_Handler
 .text.DebugMon_Handler
                0x080022c2        0xe ./Core/Src/stm32f4xx_it.o
                0x080022c2                DebugMon_Handler
 .text.PendSV_Handler
                0x080022d0        0xe ./Core/Src/stm32f4xx_it.o
                0x080022d0                PendSV_Handler
 .text.SysTick_Handler
                0x080022de        0xc ./Core/Src/stm32f4xx_it.o
                0x080022de                SysTick_Handler
 *fill*         0x080022ea        0x2 
 .text.TIM4_IRQHandler
                0x080022ec       0x14 ./Core/Src/stm32f4xx_it.o
                0x080022ec                TIM4_IRQHandler
 .text.OTG_FS_IRQHandler
                0x08002300       0x14 ./Core/Src/stm32f4xx_it.o
                0x08002300                OTG_FS_IRQHandler
 .text._getpid  0x08002314       0x10 ./Core/Src/syscalls.o
                0x08002314                _getpid
 .text._kill    0x08002324       0x20 ./Core/Src/syscalls.o
                0x08002324                _kill
 .text._exit    0x08002344       0x16 ./Core/Src/syscalls.o
                0x08002344                _exit
 .text._read    0x0800235a       0x3a ./Core/Src/syscalls.o
                0x0800235a                _read
 .text._write   0x08002394       0x38 ./Core/Src/syscalls.o
                0x08002394                _write
 .text._close   0x080023cc       0x18 ./Core/Src/syscalls.o
                0x080023cc                _close
 .text._fstat   0x080023e4       0x20 ./Core/Src/syscalls.o
                0x080023e4                _fstat
 .text._isatty  0x08002404       0x16 ./Core/Src/syscalls.o
                0x08002404                _isatty
 .text._lseek   0x0800241a       0x1a ./Core/Src/syscalls.o
                0x0800241a                _lseek
 .text._sbrk    0x08002434       0x6c ./Core/Src/sysmem.o
                0x08002434                _sbrk
 .text.SystemInit
                0x080024a0       0x24 ./Core/Src/system_stm32f4xx.o
                0x080024a0                SystemInit
 .text.W25Q_CS_Low
                0x080024c4       0x18 ./Core/Src/w25q64.o
 .text.W25Q_CS_High
                0x080024dc       0x18 ./Core/Src/w25q64.o
 .text.W25Q_SPI_Transceive
                0x080024f4       0x30 ./Core/Src/w25q64.o
 .text.W25Q64_Init
                0x08002524       0x12 ./Core/Src/w25q64.o
                0x08002524                W25Q64_Init
 .text.W25Q64_ReadID
                0x08002536       0x50 ./Core/Src/w25q64.o
                0x08002536                W25Q64_ReadID
 .text.W25Q64_ReadStatusRegister1
                0x08002586       0x28 ./Core/Src/w25q64.o
                0x08002586                W25Q64_ReadStatusRegister1
 .text.W25Q64_WriteStatusRegister1
                0x080025ae       0x30 ./Core/Src/w25q64.o
                0x080025ae                W25Q64_WriteStatusRegister1
 .text.W25Q64_WriteEnable
                0x080025de       0x16 ./Core/Src/w25q64.o
                0x080025de                W25Q64_WriteEnable
 .text.W25Q64_WaitBusy
                0x080025f4       0x1a ./Core/Src/w25q64.o
                0x080025f4                W25Q64_WaitBusy
 .text.W25Q64_SectorErase
                0x0800260e       0x48 ./Core/Src/w25q64.o
                0x0800260e                W25Q64_SectorErase
 .text.W25Q64_ReadData
                0x08002656       0x68 ./Core/Src/w25q64.o
                0x08002656                W25Q64_ReadData
 .text.W25Q64_PageProgram
                0x080026be       0x7c ./Core/Src/w25q64.o
                0x080026be                W25Q64_PageProgram
 *fill*         0x0800273a        0x2 
 .text.Reset_Handler
                0x0800273c       0x50 ./Core/Startup/startup_stm32f401ccux.o
                0x0800273c                Reset_Handler
 .text.Default_Handler
                0x0800278c        0x2 ./Core/Startup/startup_stm32f401ccux.o
                0x0800278c                RTC_Alarm_IRQHandler
                0x0800278c                EXTI2_IRQHandler
                0x0800278c                SPI4_IRQHandler
                0x0800278c                TIM1_CC_IRQHandler
                0x0800278c                DMA2_Stream5_IRQHandler
                0x0800278c                DMA1_Stream5_IRQHandler
                0x0800278c                PVD_IRQHandler
                0x0800278c                SDIO_IRQHandler
                0x0800278c                TAMP_STAMP_IRQHandler
                0x0800278c                EXTI3_IRQHandler
                0x0800278c                TIM1_UP_TIM10_IRQHandler
                0x0800278c                I2C3_ER_IRQHandler
                0x0800278c                EXTI0_IRQHandler
                0x0800278c                I2C2_EV_IRQHandler
                0x0800278c                DMA1_Stream2_IRQHandler
                0x0800278c                FPU_IRQHandler
                0x0800278c                DMA2_Stream2_IRQHandler
                0x0800278c                SPI1_IRQHandler
                0x0800278c                TIM1_BRK_TIM9_IRQHandler
                0x0800278c                DMA2_Stream3_IRQHandler
                0x0800278c                USART6_IRQHandler
                0x0800278c                DMA2_Stream0_IRQHandler
                0x0800278c                I2C1_EV_IRQHandler
                0x0800278c                DMA1_Stream6_IRQHandler
                0x0800278c                DMA1_Stream1_IRQHandler
                0x0800278c                TIM3_IRQHandler
                0x0800278c                RCC_IRQHandler
                0x0800278c                Default_Handler
                0x0800278c                EXTI15_10_IRQHandler
                0x0800278c                ADC_IRQHandler
                0x0800278c                DMA1_Stream7_IRQHandler
                0x0800278c                TIM5_IRQHandler
                0x0800278c                DMA2_Stream7_IRQHandler
                0x0800278c                I2C3_EV_IRQHandler
                0x0800278c                EXTI9_5_IRQHandler
                0x0800278c                RTC_WKUP_IRQHandler
                0x0800278c                SPI2_IRQHandler
                0x0800278c                DMA1_Stream0_IRQHandler
                0x0800278c                EXTI4_IRQHandler
                0x0800278c                WWDG_IRQHandler
                0x0800278c                TIM2_IRQHandler
                0x0800278c                OTG_FS_WKUP_IRQHandler
                0x0800278c                TIM1_TRG_COM_TIM11_IRQHandler
                0x0800278c                EXTI1_IRQHandler
                0x0800278c                USART2_IRQHandler
                0x0800278c                I2C2_ER_IRQHandler
                0x0800278c                DMA2_Stream1_IRQHandler
                0x0800278c                FLASH_IRQHandler
                0x0800278c                DMA2_Stream4_IRQHandler
                0x0800278c                USART1_IRQHandler
                0x0800278c                SPI3_IRQHandler
                0x0800278c                DMA1_Stream4_IRQHandler
                0x0800278c                I2C1_ER_IRQHandler
                0x0800278c                DMA2_Stream6_IRQHandler
                0x0800278c                DMA1_Stream3_IRQHandler
 *fill*         0x0800278e        0x2 
 .text.HAL_Init
                0x08002790       0x44 ./Drivers/STM32F4xx_HAL_Driver/Src/stm32f4xx_hal.o
                0x08002790                HAL_Init
 .text.HAL_InitTick
                0x080027d4       0x60 ./Drivers/STM32F4xx_HAL_Driver/Src/stm32f4xx_hal.o
                0x080027d4                HAL_InitTick
 .text.HAL_IncTick
                0x08002834       0x28 ./Drivers/STM32F4xx_HAL_Driver/Src/stm32f4xx_hal.o
                0x08002834                HAL_IncTick
 .text.HAL_GetTick
                0x0800285c       0x18 ./Drivers/STM32F4xx_HAL_Driver/Src/stm32f4xx_hal.o
                0x0800285c                HAL_GetTick
 .text.HAL_Delay
                0x08002874       0x48 ./Drivers/STM32F4xx_HAL_Driver/Src/stm32f4xx_hal.o
                0x08002874                HAL_Delay
 .text.HAL_ADC_Init
                0x080028bc       0x86 ./Drivers/STM32F4xx_HAL_Driver/Src/stm32f4xx_hal_adc.o
                0x080028bc                HAL_ADC_Init
 *fill*         0x08002942        0x2 
 .text.HAL_ADC_Start
                0x08002944      0x168 ./Drivers/STM32F4xx_HAL_Driver/Src/stm32f4xx_hal_adc.o
                0x08002944                HAL_ADC_Start
 .text.HAL_ADC_PollForConversion
                0x08002aac      0x116 ./Drivers/STM32F4xx_HAL_Driver/Src/stm32f4xx_hal_adc.o
                0x08002aac                HAL_ADC_PollForConversion
 .text.HAL_ADC_GetValue
                0x08002bc2       0x1a ./Drivers/STM32F4xx_HAL_Driver/Src/stm32f4xx_hal_adc.o
                0x08002bc2                HAL_ADC_GetValue
 .text.HAL_ADC_ConfigChannel
                0x08002bdc      0x244 ./Drivers/STM32F4xx_HAL_Driver/Src/stm32f4xx_hal_adc.o
                0x08002bdc                HAL_ADC_ConfigChannel
 .text.ADC_Init
                0x08002e20      0x1f8 ./Drivers/STM32F4xx_HAL_Driver/Src/stm32f4xx_hal_adc.o
 .text.__NVIC_SetPriorityGrouping
                0x08003018       0x48 ./Drivers/STM32F4xx_HAL_Driver/Src/stm32f4xx_hal_cortex.o
 .text.__NVIC_GetPriorityGrouping
                0x08003060       0x1c ./Drivers/STM32F4xx_HAL_Driver/Src/stm32f4xx_hal_cortex.o
 .text.__NVIC_EnableIRQ
                0x0800307c       0x3c ./Drivers/STM32F4xx_HAL_Driver/Src/stm32f4xx_hal_cortex.o
 .text.__NVIC_SetPriority
                0x080030b8       0x54 ./Drivers/STM32F4xx_HAL_Driver/Src/stm32f4xx_hal_cortex.o
 .text.NVIC_EncodePriority
                0x0800310c       0x66 ./Drivers/STM32F4xx_HAL_Driver/Src/stm32f4xx_hal_cortex.o
 *fill*         0x08003172        0x2 
 .text.SysTick_Config
                0x08003174       0x44 ./Drivers/STM32F4xx_HAL_Driver/Src/stm32f4xx_hal_cortex.o
 .text.HAL_NVIC_SetPriorityGrouping
                0x080031b8       0x16 ./Drivers/STM32F4xx_HAL_Driver/Src/stm32f4xx_hal_cortex.o
                0x080031b8                HAL_NVIC_SetPriorityGrouping
 .text.HAL_NVIC_SetPriority
                0x080031ce       0x38 ./Drivers/STM32F4xx_HAL_Driver/Src/stm32f4xx_hal_cortex.o
                0x080031ce                HAL_NVIC_SetPriority
 .text.HAL_NVIC_EnableIRQ
                0x08003206       0x1c ./Drivers/STM32F4xx_HAL_Driver/Src/stm32f4xx_hal_cortex.o
                0x08003206                HAL_NVIC_EnableIRQ
 .text.HAL_SYSTICK_Config
                0x08003222       0x18 ./Drivers/STM32F4xx_HAL_Driver/Src/stm32f4xx_hal_cortex.o
                0x08003222                HAL_SYSTICK_Config
 *fill*         0x0800323a        0x2 
 .text.HAL_GPIO_Init
                0x0800323c      0x308 ./Drivers/STM32F4xx_HAL_Driver/Src/stm32f4xx_hal_gpio.o
                0x0800323c                HAL_GPIO_Init
 .text.HAL_GPIO_ReadPin
                0x08003544       0x30 ./Drivers/STM32F4xx_HAL_Driver/Src/stm32f4xx_hal_gpio.o
                0x08003544                HAL_GPIO_ReadPin
 .text.HAL_GPIO_WritePin
                0x08003574       0x32 ./Drivers/STM32F4xx_HAL_Driver/Src/stm32f4xx_hal_gpio.o
                0x08003574                HAL_GPIO_WritePin
 *fill*         0x080035a6        0x2 
 .text.HAL_I2C_Init
                0x080035a8      0x288 ./Drivers/STM32F4xx_HAL_Driver/Src/stm32f4xx_hal_i2c.o
                0x080035a8                HAL_I2C_Init
 .text.HAL_I2C_Mem_Read
                0x08003830      0x464 ./Drivers/STM32F4xx_HAL_Driver/Src/stm32f4xx_hal_i2c.o
                0x08003830                HAL_I2C_Mem_Read
 .text.I2C_RequestMemoryRead
                0x08003c94      0x1d0 ./Drivers/STM32F4xx_HAL_Driver/Src/stm32f4xx_hal_i2c.o
 .text.I2C_WaitOnFlagUntilTimeout
                0x08003e64       0xf4 ./Drivers/STM32F4xx_HAL_Driver/Src/stm32f4xx_hal_i2c.o
 .text.I2C_WaitOnMasterAddressFlagUntilTimeout
                0x08003f58      0x140 ./Drivers/STM32F4xx_HAL_Driver/Src/stm32f4xx_hal_i2c.o
 .text.I2C_WaitOnTXEFlagUntilTimeout
                0x08004098       0x90 ./Drivers/STM32F4xx_HAL_Driver/Src/stm32f4xx_hal_i2c.o
 .text.I2C_WaitOnRXNEFlagUntilTimeout
                0x08004128       0xba ./Drivers/STM32F4xx_HAL_Driver/Src/stm32f4xx_hal_i2c.o
 .text.I2C_IsAcknowledgeFailed
                0x080041e2       0x5e ./Drivers/STM32F4xx_HAL_Driver/Src/stm32f4xx_hal_i2c.o
 .text.HAL_PCD_Init
                0x08004240      0x21e ./Drivers/STM32F4xx_HAL_Driver/Src/stm32f4xx_hal_pcd.o
                0x08004240                HAL_PCD_Init
 .text.HAL_PCD_Start
                0x0800445e       0x6a ./Drivers/STM32F4xx_HAL_Driver/Src/stm32f4xx_hal_pcd.o
                0x0800445e                HAL_PCD_Start
 .text.HAL_PCD_IRQHandler
                0x080044c8      0x942 ./Drivers/STM32F4xx_HAL_Driver/Src/stm32f4xx_hal_pcd.o
                0x080044c8                HAL_PCD_IRQHandler
 .text.HAL_PCD_SetAddress
                0x08004e0a       0x48 ./Drivers/STM32F4xx_HAL_Driver/Src/stm32f4xx_hal_pcd.o
                0x08004e0a                HAL_PCD_SetAddress
 .text.HAL_PCD_EP_Open
                0x08004e52       0xd4 ./Drivers/STM32F4xx_HAL_Driver/Src/stm32f4xx_hal_pcd.o
                0x08004e52                HAL_PCD_EP_Open
 .text.HAL_PCD_EP_Close
                0x08004f26       0x94 ./Drivers/STM32F4xx_HAL_Driver/Src/stm32f4xx_hal_pcd.o
                0x08004f26                HAL_PCD_EP_Close
 .text.HAL_PCD_EP_Receive
                0x08004fba       0x76 ./Drivers/STM32F4xx_HAL_Driver/Src/stm32f4xx_hal_pcd.o
                0x08004fba                HAL_PCD_EP_Receive
 .text.HAL_PCD_EP_GetRxCount
                0x08005030       0x30 ./Drivers/STM32F4xx_HAL_Driver/Src/stm32f4xx_hal_pcd.o
                0x08005030                HAL_PCD_EP_GetRxCount
 .text.HAL_PCD_EP_Transmit
                0x08005060       0x74 ./Drivers/STM32F4xx_HAL_Driver/Src/stm32f4xx_hal_pcd.o
                0x08005060                HAL_PCD_EP_Transmit
 .text.HAL_PCD_EP_SetStall
                0x080050d4       0xc6 ./Drivers/STM32F4xx_HAL_Driver/Src/stm32f4xx_hal_pcd.o
                0x080050d4                HAL_PCD_EP_SetStall
 .text.HAL_PCD_EP_ClrStall
                0x0800519a       0xac ./Drivers/STM32F4xx_HAL_Driver/Src/stm32f4xx_hal_pcd.o
                0x0800519a                HAL_PCD_EP_ClrStall
 .text.HAL_PCD_EP_Abort
                0x08005246       0x62 ./Drivers/STM32F4xx_HAL_Driver/Src/stm32f4xx_hal_pcd.o
                0x08005246                HAL_PCD_EP_Abort
 .text.HAL_PCD_EP_Flush
                0x080052a8       0x5a ./Drivers/STM32F4xx_HAL_Driver/Src/stm32f4xx_hal_pcd.o
                0x080052a8                HAL_PCD_EP_Flush
 .text.PCD_WriteEmptyTxFifo
                0x08005302      0x118 ./Drivers/STM32F4xx_HAL_Driver/Src/stm32f4xx_hal_pcd.o
 *fill*         0x0800541a        0x2 
 .text.PCD_EP_OutXfrComplete_int
                0x0800541c      0x1d0 ./Drivers/STM32F4xx_HAL_Driver/Src/stm32f4xx_hal_pcd.o
 .text.PCD_EP_OutSetupPacket_int
                0x080055ec       0x8c ./Drivers/STM32F4xx_HAL_Driver/Src/stm32f4xx_hal_pcd.o
 .text.HAL_PCDEx_SetTxFiFo
                0x08005678       0x8e ./Drivers/STM32F4xx_HAL_Driver/Src/stm32f4xx_hal_pcd_ex.o
                0x08005678                HAL_PCDEx_SetTxFiFo
 .text.HAL_PCDEx_SetRxFiFo
                0x08005706       0x22 ./Drivers/STM32F4xx_HAL_Driver/Src/stm32f4xx_hal_pcd_ex.o
                0x08005706                HAL_PCDEx_SetRxFiFo
 .text.HAL_PCDEx_LPM_Callback
                0x08005728       0x18 ./Drivers/STM32F4xx_HAL_Driver/Src/stm32f4xx_hal_pcd_ex.o
                0x08005728                HAL_PCDEx_LPM_Callback
 .text.HAL_RCC_OscConfig
                0x08005740      0x4f0 ./Drivers/STM32F4xx_HAL_Driver/Src/stm32f4xx_hal_rcc.o
                0x08005740                HAL_RCC_OscConfig
 .text.HAL_RCC_ClockConfig
                0x08005c30      0x1cc ./Drivers/STM32F4xx_HAL_Driver/Src/stm32f4xx_hal_rcc.o
                0x08005c30                HAL_RCC_ClockConfig
 .text.HAL_RCC_GetSysClockFreq
                0x08005dfc      0x18c ./Drivers/STM32F4xx_HAL_Driver/Src/stm32f4xx_hal_rcc.o
                0x08005dfc                HAL_RCC_GetSysClockFreq
 .text.HAL_RCC_GetHCLKFreq
                0x08005f88       0x18 ./Drivers/STM32F4xx_HAL_Driver/Src/stm32f4xx_hal_rcc.o
                0x08005f88                HAL_RCC_GetHCLKFreq
 .text.HAL_RCC_GetPCLK1Freq
                0x08005fa0       0x28 ./Drivers/STM32F4xx_HAL_Driver/Src/stm32f4xx_hal_rcc.o
                0x08005fa0                HAL_RCC_GetPCLK1Freq
 .text.HAL_RCC_GetPCLK2Freq
                0x08005fc8       0x28 ./Drivers/STM32F4xx_HAL_Driver/Src/stm32f4xx_hal_rcc.o
                0x08005fc8                HAL_RCC_GetPCLK2Freq
 .text.HAL_SPI_Init
                0x08005ff0      0x112 ./Drivers/STM32F4xx_HAL_Driver/Src/stm32f4xx_hal_spi.o
                0x08005ff0                HAL_SPI_Init
 .text.HAL_SPI_TransmitReceive
                0x08006102      0x352 ./Drivers/STM32F4xx_HAL_Driver/Src/stm32f4xx_hal_spi.o
                0x08006102                HAL_SPI_TransmitReceive
 .text.SPI_WaitFlagStateUntilTimeout
                0x08006454      0x110 ./Drivers/STM32F4xx_HAL_Driver/Src/stm32f4xx_hal_spi.o
 .text.SPI_EndRxTxTransaction
                0x08006564       0xa8 ./Drivers/STM32F4xx_HAL_Driver/Src/stm32f4xx_hal_spi.o
 .text.HAL_TIM_PWM_Init
                0x0800660c       0x9e ./Drivers/STM32F4xx_HAL_Driver/Src/stm32f4xx_hal_tim.o
                0x0800660c                HAL_TIM_PWM_Init
 *fill*         0x080066aa        0x2 
 .text.HAL_TIM_PWM_Start
                0x080066ac      0x160 ./Drivers/STM32F4xx_HAL_Driver/Src/stm32f4xx_hal_tim.o
                0x080066ac                HAL_TIM_PWM_Start
 .text.HAL_TIM_IC_Init
                0x0800680c       0x9e ./Drivers/STM32F4xx_HAL_Driver/Src/stm32f4xx_hal_tim.o
                0x0800680c                HAL_TIM_IC_Init
 *fill*         0x080068aa        0x2 
 .text.HAL_TIM_IC_Start_IT
                0x080068ac      0x234 ./Drivers/STM32F4xx_HAL_Driver/Src/stm32f4xx_hal_tim.o
                0x080068ac                HAL_TIM_IC_Start_IT
 .text.HAL_TIM_IRQHandler
                0x08006ae0      0x1e0 ./Drivers/STM32F4xx_HAL_Driver/Src/stm32f4xx_hal_tim.o
                0x08006ae0                HAL_TIM_IRQHandler
 .text.HAL_TIM_IC_ConfigChannel
                0x08006cc0      0x138 ./Drivers/STM32F4xx_HAL_Driver/Src/stm32f4xx_hal_tim.o
                0x08006cc0                HAL_TIM_IC_ConfigChannel
 .text.HAL_TIM_PWM_ConfigChannel
                0x08006df8      0x184 ./Drivers/STM32F4xx_HAL_Driver/Src/stm32f4xx_hal_tim.o
                0x08006df8                HAL_TIM_PWM_ConfigChannel
 .text.HAL_TIM_ReadCapturedValue
                0x08006f7c       0x88 ./Drivers/STM32F4xx_HAL_Driver/Src/stm32f4xx_hal_tim.o
                0x08006f7c                HAL_TIM_ReadCapturedValue
 .text.HAL_TIM_OC_DelayElapsedCallback
                0x08007004       0x14 ./Drivers/STM32F4xx_HAL_Driver/Src/stm32f4xx_hal_tim.o
                0x08007004                HAL_TIM_OC_DelayElapsedCallback
 .text.HAL_TIM_PWM_PulseFinishedCallback
                0x08007018       0x14 ./Drivers/STM32F4xx_HAL_Driver/Src/stm32f4xx_hal_tim.o
                0x08007018                HAL_TIM_PWM_PulseFinishedCallback
 .text.HAL_TIM_TriggerCallback
                0x0800702c       0x14 ./Drivers/STM32F4xx_HAL_Driver/Src/stm32f4xx_hal_tim.o
                0x0800702c                HAL_TIM_TriggerCallback
 .text.TIM_Base_SetConfig
                0x08007040      0x10c ./Drivers/STM32F4xx_HAL_Driver/Src/stm32f4xx_hal_tim.o
                0x08007040                TIM_Base_SetConfig
 .text.TIM_OC1_SetConfig
                0x0800714c       0xcc ./Drivers/STM32F4xx_HAL_Driver/Src/stm32f4xx_hal_tim.o
 .text.TIM_OC2_SetConfig
                0x08007218       0xd8 ./Drivers/STM32F4xx_HAL_Driver/Src/stm32f4xx_hal_tim.o
                0x08007218                TIM_OC2_SetConfig
 .text.TIM_OC3_SetConfig
                0x080072f0       0xd4 ./Drivers/STM32F4xx_HAL_Driver/Src/stm32f4xx_hal_tim.o
 .text.TIM_OC4_SetConfig
                0x080073c4       0xa0 ./Drivers/STM32F4xx_HAL_Driver/Src/stm32f4xx_hal_tim.o
 .text.TIM_TI1_SetConfig
                0x08007464       0xd0 ./Drivers/STM32F4xx_HAL_Driver/Src/stm32f4xx_hal_tim.o
                0x08007464                TIM_TI1_SetConfig
 .text.TIM_TI2_SetConfig
                0x08007534       0x7a ./Drivers/STM32F4xx_HAL_Driver/Src/stm32f4xx_hal_tim.o
 .text.TIM_TI3_SetConfig
                0x080075ae       0x78 ./Drivers/STM32F4xx_HAL_Driver/Src/stm32f4xx_hal_tim.o
 .text.TIM_TI4_SetConfig
                0x08007626       0x7a ./Drivers/STM32F4xx_HAL_Driver/Src/stm32f4xx_hal_tim.o
 .text.TIM_CCxChannelCmd
                0x080076a0       0x4a ./Drivers/STM32F4xx_HAL_Driver/Src/stm32f4xx_hal_tim.o
                0x080076a0                TIM_CCxChannelCmd
 *fill*         0x080076ea        0x2 
 .text.HAL_TIMEx_MasterConfigSynchronization
                0x080076ec       0xdc ./Drivers/STM32F4xx_HAL_Driver/Src/stm32f4xx_hal_tim_ex.o
                0x080076ec                HAL_TIMEx_MasterConfigSynchronization
 .text.HAL_TIMEx_CommutCallback
                0x080077c8       0x14 ./Drivers/STM32F4xx_HAL_Driver/Src/stm32f4xx_hal_tim_ex.o
                0x080077c8                HAL_TIMEx_CommutCallback
 .text.HAL_TIMEx_BreakCallback
                0x080077dc       0x14 ./Drivers/STM32F4xx_HAL_Driver/Src/stm32f4xx_hal_tim_ex.o
                0x080077dc                HAL_TIMEx_BreakCallback
 .text.HAL_UART_Init
                0x080077f0       0xa0 ./Drivers/STM32F4xx_HAL_Driver/Src/stm32f4xx_hal_uart.o
                0x080077f0                HAL_UART_Init
 .text.HAL_UART_Transmit
                0x08007890      0x116 ./Drivers/STM32F4xx_HAL_Driver/Src/stm32f4xx_hal_uart.o
                0x08007890                HAL_UART_Transmit
 .text.UART_WaitOnFlagUntilTimeout
                0x080079a6       0xb2 ./Drivers/STM32F4xx_HAL_Driver/Src/stm32f4xx_hal_uart.o
 .text.UART_EndRxTransfer
                0x08007a58       0xc6 ./Drivers/STM32F4xx_HAL_Driver/Src/stm32f4xx_hal_uart.o
 *fill*         0x08007b1e        0x2 
 .text.UART_SetConfig
                0x08007b20      0x4e8 ./Drivers/STM32F4xx_HAL_Driver/Src/stm32f4xx_hal_uart.o
 .text.USB_CoreInit
                0x08008008       0xc8 ./Drivers/STM32F4xx_HAL_Driver/Src/stm32f4xx_ll_usb.o
                0x08008008                USB_CoreInit
 .text.USB_SetTurnaroundTime
                0x080080d0      0x144 ./Drivers/STM32F4xx_HAL_Driver/Src/stm32f4xx_ll_usb.o
                0x080080d0                USB_SetTurnaroundTime
 .text.USB_EnableGlobalInt
                0x08008214       0x22 ./Drivers/STM32F4xx_HAL_Driver/Src/stm32f4xx_ll_usb.o
                0x08008214                USB_EnableGlobalInt
 .text.USB_DisableGlobalInt
                0x08008236       0x22 ./Drivers/STM32F4xx_HAL_Driver/Src/stm32f4xx_ll_usb.o
                0x08008236                USB_DisableGlobalInt
 .text.USB_SetCurrentMode
                0x08008258       0x98 ./Drivers/STM32F4xx_HAL_Driver/Src/stm32f4xx_ll_usb.o
                0x08008258                USB_SetCurrentMode
 .text.USB_DevInit
                0x080082f0      0x2c8 ./Drivers/STM32F4xx_HAL_Driver/Src/stm32f4xx_ll_usb.o
                0x080082f0                USB_DevInit
 .text.USB_FlushTxFifo
                0x080085b8       0x64 ./Drivers/STM32F4xx_HAL_Driver/Src/stm32f4xx_ll_usb.o
                0x080085b8                USB_FlushTxFifo
 .text.USB_FlushRxFifo
                0x0800861c       0x5c ./Drivers/STM32F4xx_HAL_Driver/Src/stm32f4xx_ll_usb.o
                0x0800861c                USB_FlushRxFifo
 .text.USB_SetDevSpeed
                0x08008678       0x32 ./Drivers/STM32F4xx_HAL_Driver/Src/stm32f4xx_ll_usb.o
                0x08008678                USB_SetDevSpeed
 .text.USB_GetDevSpeed
                0x080086aa       0x4a ./Drivers/STM32F4xx_HAL_Driver/Src/stm32f4xx_ll_usb.o
                0x080086aa                USB_GetDevSpeed
 .text.USB_ActivateEndpoint
                0x080086f4      0x10e ./Drivers/STM32F4xx_HAL_Driver/Src/stm32f4xx_ll_usb.o
                0x080086f4                USB_ActivateEndpoint
 *fill*         0x08008802        0x2 
 .text.USB_DeactivateEndpoint
                0x08008804      0x1b8 ./Drivers/STM32F4xx_HAL_Driver/Src/stm32f4xx_ll_usb.o
                0x08008804                USB_DeactivateEndpoint
 .text.USB_EPStartXfer
                0x080089bc      0x53c ./Drivers/STM32F4xx_HAL_Driver/Src/stm32f4xx_ll_usb.o
                0x080089bc                USB_EPStartXfer
 .text.USB_EPStopXfer
                0x08008ef8      0x154 ./Drivers/STM32F4xx_HAL_Driver/Src/stm32f4xx_ll_usb.o
                0x08008ef8                USB_EPStopXfer
 .text.USB_WritePacket
                0x0800904c       0x7c ./Drivers/STM32F4xx_HAL_Driver/Src/stm32f4xx_ll_usb.o
                0x0800904c                USB_WritePacket
 .text.USB_ReadPacket
                0x080090c8       0xb0 ./Drivers/STM32F4xx_HAL_Driver/Src/stm32f4xx_ll_usb.o
                0x080090c8                USB_ReadPacket
 .text.USB_EPSetStall
                0x08009178       0xdc ./Drivers/STM32F4xx_HAL_Driver/Src/stm32f4xx_ll_usb.o
                0x08009178                USB_EPSetStall
 .text.USB_EPClearStall
                0x08009254       0xcc ./Drivers/STM32F4xx_HAL_Driver/Src/stm32f4xx_ll_usb.o
                0x08009254                USB_EPClearStall
 .text.USB_SetDevAddress
                0x08009320       0x4c ./Drivers/STM32F4xx_HAL_Driver/Src/stm32f4xx_ll_usb.o
                0x08009320                USB_SetDevAddress
 .text.USB_DevConnect
                0x0800936c       0x42 ./Drivers/STM32F4xx_HAL_Driver/Src/stm32f4xx_ll_usb.o
                0x0800936c                USB_DevConnect
 .text.USB_DevDisconnect
                0x080093ae       0x42 ./Drivers/STM32F4xx_HAL_Driver/Src/stm32f4xx_ll_usb.o
                0x080093ae                USB_DevDisconnect
 .text.USB_ReadInterrupts
                0x080093f0       0x26 ./Drivers/STM32F4xx_HAL_Driver/Src/stm32f4xx_ll_usb.o
                0x080093f0                USB_ReadInterrupts
 .text.USB_ReadDevAllOutEpInterrupt
                0x08009416       0x34 ./Drivers/STM32F4xx_HAL_Driver/Src/stm32f4xx_ll_usb.o
                0x08009416                USB_ReadDevAllOutEpInterrupt
 .text.USB_ReadDevAllInEpInterrupt
                0x0800944a       0x34 ./Drivers/STM32F4xx_HAL_Driver/Src/stm32f4xx_ll_usb.o
                0x0800944a                USB_ReadDevAllInEpInterrupt
 .text.USB_ReadDevOutEPInterrupt
                0x0800947e       0x3c ./Drivers/STM32F4xx_HAL_Driver/Src/stm32f4xx_ll_usb.o
                0x0800947e                USB_ReadDevOutEPInterrupt
 .text.USB_ReadDevInEPInterrupt
                0x080094ba       0x5c ./Drivers/STM32F4xx_HAL_Driver/Src/stm32f4xx_ll_usb.o
                0x080094ba                USB_ReadDevInEPInterrupt
 .text.USB_GetMode
                0x08009516       0x1c ./Drivers/STM32F4xx_HAL_Driver/Src/stm32f4xx_ll_usb.o
                0x08009516                USB_GetMode
 .text.USB_ActivateSetup
                0x08009532       0x46 ./Drivers/STM32F4xx_HAL_Driver/Src/stm32f4xx_ll_usb.o
                0x08009532                USB_ActivateSetup
 .text.USB_EP0_OutStart
                0x08009578       0xbc ./Drivers/STM32F4xx_HAL_Driver/Src/stm32f4xx_ll_usb.o
                0x08009578                USB_EP0_OutStart
 .text.USB_CoreReset
                0x08009634       0x70 ./Drivers/STM32F4xx_HAL_Driver/Src/stm32f4xx_ll_usb.o
 .text.MX_FATFS_Init
                0x080096a4       0x24 ./FATFS/App/fatfs.o
                0x080096a4                MX_FATFS_Init
 .text.get_fattime
                0x080096c8       0x10 ./FATFS/App/fatfs.o
                0x080096c8                get_fattime
 .text.USER_initialize
                0x080096d8       0x28 ./FATFS/Target/user_diskio.o
                0x080096d8                USER_initialize
 .text.USER_status
                0x08009700       0x28 ./FATFS/Target/user_diskio.o
                0x08009700                USER_status
 .text.USER_read
                0x08009728       0x1e ./FATFS/Target/user_diskio.o
                0x08009728                USER_read
 .text.USER_write
                0x08009746       0x1e ./FATFS/Target/user_diskio.o
                0x08009746                USER_write
 .text.USER_ioctl
                0x08009764       0x22 ./FATFS/Target/user_diskio.o
                0x08009764                USER_ioctl
 *fill*         0x08009786        0x2 
 .text.USBD_MSC_Init
                0x08009788      0x120 ./Middlewares/ST/STM32_USB_Device_Library/Class/MSC/Src/usbd_msc.o
                0x08009788                USBD_MSC_Init
 .text.USBD_MSC_DeInit
                0x080098a8       0xb0 ./Middlewares/ST/STM32_USB_Device_Library/Class/MSC/Src/usbd_msc.o
                0x080098a8                USBD_MSC_DeInit
 .text.USBD_MSC_Setup
                0x08009958      0x200 ./Middlewares/ST/STM32_USB_Device_Library/Class/MSC/Src/usbd_msc.o
                0x08009958                USBD_MSC_Setup
 .text.USBD_MSC_DataIn
                0x08009b58       0x20 ./Middlewares/ST/STM32_USB_Device_Library/Class/MSC/Src/usbd_msc.o
                0x08009b58                USBD_MSC_DataIn
 .text.USBD_MSC_DataOut
                0x08009b78       0x20 ./Middlewares/ST/STM32_USB_Device_Library/Class/MSC/Src/usbd_msc.o
                0x08009b78                USBD_MSC_DataOut
 .text.USBD_MSC_GetHSCfgDesc
                0x08009b98       0x58 ./Middlewares/ST/STM32_USB_Device_Library/Class/MSC/Src/usbd_msc.o
                0x08009b98                USBD_MSC_GetHSCfgDesc
 .text.USBD_MSC_GetFSCfgDesc
                0x08009bf0       0x58 ./Middlewares/ST/STM32_USB_Device_Library/Class/MSC/Src/usbd_msc.o
                0x08009bf0                USBD_MSC_GetFSCfgDesc
 .text.USBD_MSC_GetOtherSpeedCfgDesc
                0x08009c48       0x58 ./Middlewares/ST/STM32_USB_Device_Library/Class/MSC/Src/usbd_msc.o
                0x08009c48                USBD_MSC_GetOtherSpeedCfgDesc
 .text.USBD_MSC_GetDeviceQualifierDescriptor
                0x08009ca0       0x20 ./Middlewares/ST/STM32_USB_Device_Library/Class/MSC/Src/usbd_msc.o
                0x08009ca0                USBD_MSC_GetDeviceQualifierDescriptor
 .text.USBD_MSC_RegisterStorage
                0x08009cc0       0x34 ./Middlewares/ST/STM32_USB_Device_Library/Class/MSC/Src/usbd_msc.o
                0x08009cc0                USBD_MSC_RegisterStorage
 .text.MSC_BOT_Init
                0x08009cf4       0x94 ./Middlewares/ST/STM32_USB_Device_Library/Class/MSC/Src/usbd_msc_bot.o
                0x08009cf4                MSC_BOT_Init
 .text.MSC_BOT_Reset
                0x08009d88       0x68 ./Middlewares/ST/STM32_USB_Device_Library/Class/MSC/Src/usbd_msc_bot.o
                0x08009d88                MSC_BOT_Reset
 .text.MSC_BOT_DeInit
                0x08009df0       0x30 ./Middlewares/ST/STM32_USB_Device_Library/Class/MSC/Src/usbd_msc_bot.o
                0x08009df0                MSC_BOT_DeInit
 .text.MSC_BOT_DataIn
                0x08009e20       0x74 ./Middlewares/ST/STM32_USB_Device_Library/Class/MSC/Src/usbd_msc_bot.o
                0x08009e20                MSC_BOT_DataIn
 .text.MSC_BOT_DataOut
                0x08009e94       0x68 ./Middlewares/ST/STM32_USB_Device_Library/Class/MSC/Src/usbd_msc_bot.o
                0x08009e94                MSC_BOT_DataOut
 .text.MSC_BOT_CBW_Decode
                0x08009efc      0x12c ./Middlewares/ST/STM32_USB_Device_Library/Class/MSC/Src/usbd_msc_bot.o
 .text.MSC_BOT_SendData
                0x0800a028       0x6c ./Middlewares/ST/STM32_USB_Device_Library/Class/MSC/Src/usbd_msc_bot.o
 .text.MSC_BOT_SendCSW
                0x0800a094       0x74 ./Middlewares/ST/STM32_USB_Device_Library/Class/MSC/Src/usbd_msc_bot.o
                0x0800a094                MSC_BOT_SendCSW
 .text.MSC_BOT_Abort
                0x0800a108       0x84 ./Middlewares/ST/STM32_USB_Device_Library/Class/MSC/Src/usbd_msc_bot.o
 .text.MSC_BOT_CplClrFeature
                0x0800a18c       0x74 ./Middlewares/ST/STM32_USB_Device_Library/Class/MSC/Src/usbd_msc_bot.o
                0x0800a18c                MSC_BOT_CplClrFeature
 .text.SCSI_ProcessCmd
                0x0800a200      0x354 ./Middlewares/ST/STM32_USB_Device_Library/Class/MSC/Src/usbd_msc_scsi.o
                0x0800a200                SCSI_ProcessCmd
 .text.SCSI_TestUnitReady
                0x0800a554       0xb2 ./Middlewares/ST/STM32_USB_Device_Library/Class/MSC/Src/usbd_msc_scsi.o
 *fill*         0x0800a606        0x2 
 .text.SCSI_Inquiry
                0x0800a608       0xf8 ./Middlewares/ST/STM32_USB_Device_Library/Class/MSC/Src/usbd_msc_scsi.o
 .text.SCSI_ReadCapacity10
                0x0800a700       0xf4 ./Middlewares/ST/STM32_USB_Device_Library/Class/MSC/Src/usbd_msc_scsi.o
 .text.SCSI_ReadCapacity16
                0x0800a7f4      0x160 ./Middlewares/ST/STM32_USB_Device_Library/Class/MSC/Src/usbd_msc_scsi.o
 .text.SCSI_ReadFormatCapacity
                0x0800a954       0xf6 ./Middlewares/ST/STM32_USB_Device_Library/Class/MSC/Src/usbd_msc_scsi.o
 *fill*         0x0800aa4a        0x2 
 .text.SCSI_ModeSense6
                0x0800aa4c       0xa0 ./Middlewares/ST/STM32_USB_Device_Library/Class/MSC/Src/usbd_msc_scsi.o
 .text.SCSI_ModeSense10
                0x0800aaec       0x9c ./Middlewares/ST/STM32_USB_Device_Library/Class/MSC/Src/usbd_msc_scsi.o
 .text.SCSI_RequestSense
                0x0800ab88      0x106 ./Middlewares/ST/STM32_USB_Device_Library/Class/MSC/Src/usbd_msc_scsi.o
 .text.SCSI_SenseCode
                0x0800ac8e       0x96 ./Middlewares/ST/STM32_USB_Device_Library/Class/MSC/Src/usbd_msc_scsi.o
                0x0800ac8e                SCSI_SenseCode
 .text.SCSI_StartStopUnit
                0x0800ad24       0xaa ./Middlewares/ST/STM32_USB_Device_Library/Class/MSC/Src/usbd_msc_scsi.o
 .text.SCSI_AllowPreventRemovable
                0x0800adce       0x5a ./Middlewares/ST/STM32_USB_Device_Library/Class/MSC/Src/usbd_msc_scsi.o
 .text.SCSI_Read10
                0x0800ae28      0x154 ./Middlewares/ST/STM32_USB_Device_Library/Class/MSC/Src/usbd_msc_scsi.o
 .text.SCSI_Read12
                0x0800af7c      0x16a ./Middlewares/ST/STM32_USB_Device_Library/Class/MSC/Src/usbd_msc_scsi.o
 *fill*         0x0800b0e6        0x2 
 .text.SCSI_Write10
                0x0800b0e8      0x1b0 ./Middlewares/ST/STM32_USB_Device_Library/Class/MSC/Src/usbd_msc_scsi.o
 .text.SCSI_Write12
                0x0800b298      0x1d0 ./Middlewares/ST/STM32_USB_Device_Library/Class/MSC/Src/usbd_msc_scsi.o
 .text.SCSI_Verify10
                0x0800b468       0x84 ./Middlewares/ST/STM32_USB_Device_Library/Class/MSC/Src/usbd_msc_scsi.o
 .text.SCSI_ReportLuns
                0x0800b4ec       0xa8 ./Middlewares/ST/STM32_USB_Device_Library/Class/MSC/Src/usbd_msc_scsi.o
 .text.SCSI_ReceiveDiagnosticResults
                0x0800b594       0x68 ./Middlewares/ST/STM32_USB_Device_Library/Class/MSC/Src/usbd_msc_scsi.o
 .text.SCSI_CheckAddressRange
                0x0800b5fc       0x64 ./Middlewares/ST/STM32_USB_Device_Library/Class/MSC/Src/usbd_msc_scsi.o
 .text.SCSI_ProcessRead
                0x0800b660      0x104 ./Middlewares/ST/STM32_USB_Device_Library/Class/MSC/Src/usbd_msc_scsi.o
 .text.SCSI_ProcessWrite
                0x0800b764      0x120 ./Middlewares/ST/STM32_USB_Device_Library/Class/MSC/Src/usbd_msc_scsi.o
 .text.SCSI_UpdateBotData
                0x0800b884       0x52 ./Middlewares/ST/STM32_USB_Device_Library/Class/MSC/Src/usbd_msc_scsi.o
 .text.USBD_Init
                0x0800b8d6       0x60 ./Middlewares/ST/STM32_USB_Device_Library/Core/Src/usbd_core.o
                0x0800b8d6                USBD_Init
 .text.USBD_RegisterClass
                0x0800b936       0x6c ./Middlewares/ST/STM32_USB_Device_Library/Core/Src/usbd_core.o
                0x0800b936                USBD_RegisterClass
 .text.USBD_Start
                0x0800b9a2       0x18 ./Middlewares/ST/STM32_USB_Device_Library/Core/Src/usbd_core.o
                0x0800b9a2                USBD_Start
 .text.USBD_RunTestMode
                0x0800b9ba       0x16 ./Middlewares/ST/STM32_USB_Device_Library/Core/Src/usbd_core.o
                0x0800b9ba                USBD_RunTestMode
 .text.USBD_SetClassConfig
                0x0800b9d0       0x38 ./Middlewares/ST/STM32_USB_Device_Library/Core/Src/usbd_core.o
                0x0800b9d0                USBD_SetClassConfig
 .text.USBD_ClrClassConfig
                0x0800ba08       0x34 ./Middlewares/ST/STM32_USB_Device_Library/Core/Src/usbd_core.o
                0x0800ba08                USBD_ClrClassConfig
 .text.USBD_LL_SetupStage
                0x0800ba3c       0xaa ./Middlewares/ST/STM32_USB_Device_Library/Core/Src/usbd_core.o
                0x0800ba3c                USBD_LL_SetupStage
 .text.USBD_LL_DataOutStage
                0x0800bae6      0x178 ./Middlewares/ST/STM32_USB_Device_Library/Core/Src/usbd_core.o
                0x0800bae6                USBD_LL_DataOutStage
 .text.USBD_LL_DataInStage
                0x0800bc5e      0x176 ./Middlewares/ST/STM32_USB_Device_Library/Core/Src/usbd_core.o
                0x0800bc5e                USBD_LL_DataInStage
 .text.USBD_LL_Reset
                0x0800bdd4       0xa6 ./Middlewares/ST/STM32_USB_Device_Library/Core/Src/usbd_core.o
                0x0800bdd4                USBD_LL_Reset
 .text.USBD_LL_SetSpeed
                0x0800be7a       0x20 ./Middlewares/ST/STM32_USB_Device_Library/Core/Src/usbd_core.o
                0x0800be7a                USBD_LL_SetSpeed
 .text.USBD_LL_Suspend
                0x0800be9a       0x38 ./Middlewares/ST/STM32_USB_Device_Library/Core/Src/usbd_core.o
                0x0800be9a                USBD_LL_Suspend
 .text.USBD_LL_Resume
                0x0800bed2       0x30 ./Middlewares/ST/STM32_USB_Device_Library/Core/Src/usbd_core.o
                0x0800bed2                USBD_LL_Resume
 .text.USBD_LL_SOF
                0x0800bf02       0x40 ./Middlewares/ST/STM32_USB_Device_Library/Core/Src/usbd_core.o
                0x0800bf02                USBD_LL_SOF
 .text.USBD_LL_IsoINIncomplete
                0x0800bf42       0x64 ./Middlewares/ST/STM32_USB_Device_Library/Core/Src/usbd_core.o
                0x0800bf42                USBD_LL_IsoINIncomplete
 .text.USBD_LL_IsoOUTIncomplete
                0x0800bfa6       0x64 ./Middlewares/ST/STM32_USB_Device_Library/Core/Src/usbd_core.o
                0x0800bfa6                USBD_LL_IsoOUTIncomplete
 .text.USBD_LL_DevConnected
                0x0800c00a       0x16 ./Middlewares/ST/STM32_USB_Device_Library/Core/Src/usbd_core.o
                0x0800c00a                USBD_LL_DevConnected
 .text.USBD_LL_DevDisconnected
                0x0800c020       0x46 ./Middlewares/ST/STM32_USB_Device_Library/Core/Src/usbd_core.o
                0x0800c020                USBD_LL_DevDisconnected
 .text.USBD_CoreFindIF
                0x0800c066       0x1a ./Middlewares/ST/STM32_USB_Device_Library/Core/Src/usbd_core.o
                0x0800c066                USBD_CoreFindIF
 .text.USBD_CoreFindEP
                0x0800c080       0x1a ./Middlewares/ST/STM32_USB_Device_Library/Core/Src/usbd_core.o
                0x0800c080                USBD_CoreFindEP
 .text.USBD_GetEpDesc
                0x0800c09a       0x70 ./Middlewares/ST/STM32_USB_Device_Library/Core/Src/usbd_core.o
                0x0800c09a                USBD_GetEpDesc
 .text.USBD_GetNextDesc
                0x0800c10a       0x38 ./Middlewares/ST/STM32_USB_Device_Library/Core/Src/usbd_core.o
                0x0800c10a                USBD_GetNextDesc
 .text.SWAPBYTE
                0x0800c142       0x3e ./Middlewares/ST/STM32_USB_Device_Library/Core/Src/usbd_ctlreq.o
 .text.USBD_StdDevReq
                0x0800c180       0xe4 ./Middlewares/ST/STM32_USB_Device_Library/Core/Src/usbd_ctlreq.o
                0x0800c180                USBD_StdDevReq
 .text.USBD_StdItfReq
                0x0800c264       0xd8 ./Middlewares/ST/STM32_USB_Device_Library/Core/Src/usbd_ctlreq.o
                0x0800c264                USBD_StdItfReq
 .text.USBD_StdEPReq
                0x0800c33c      0x33e ./Middlewares/ST/STM32_USB_Device_Library/Core/Src/usbd_ctlreq.o
                0x0800c33c                USBD_StdEPReq
 *fill*         0x0800c67a        0x2 
 .text.USBD_GetDescriptor
                0x0800c67c      0x2d4 ./Middlewares/ST/STM32_USB_Device_Library/Core/Src/usbd_ctlreq.o
 .text.USBD_SetAddress
                0x0800c950       0x88 ./Middlewares/ST/STM32_USB_Device_Library/Core/Src/usbd_ctlreq.o
 .text.USBD_SetConfig
                0x0800c9d8      0x154 ./Middlewares/ST/STM32_USB_Device_Library/Core/Src/usbd_ctlreq.o
 .text.USBD_GetConfig
                0x0800cb2c       0x6c ./Middlewares/ST/STM32_USB_Device_Library/Core/Src/usbd_ctlreq.o
 .text.USBD_GetStatus
                0x0800cb98       0x68 ./Middlewares/ST/STM32_USB_Device_Library/Core/Src/usbd_ctlreq.o
 .text.USBD_SetFeature
                0x0800cc00       0x52 ./Middlewares/ST/STM32_USB_Device_Library/Core/Src/usbd_ctlreq.o
 .text.USBD_ClrFeature
                0x0800cc52       0x44 ./Middlewares/ST/STM32_USB_Device_Library/Core/Src/usbd_ctlreq.o
 .text.USBD_ParseSetupRequest
                0x0800cc96       0x74 ./Middlewares/ST/STM32_USB_Device_Library/Core/Src/usbd_ctlreq.o
                0x0800cc96                USBD_ParseSetupRequest
 .text.USBD_CtlError
                0x0800cd0a       0x22 ./Middlewares/ST/STM32_USB_Device_Library/Core/Src/usbd_ctlreq.o
                0x0800cd0a                USBD_CtlError
 .text.USBD_GetString
                0x0800cd2c       0xa4 ./Middlewares/ST/STM32_USB_Device_Library/Core/Src/usbd_ctlreq.o
                0x0800cd2c                USBD_GetString
 .text.USBD_GetLen
                0x0800cdd0       0x34 ./Middlewares/ST/STM32_USB_Device_Library/Core/Src/usbd_ctlreq.o
 .text.USBD_CtlSendData
                0x0800ce04       0x3c ./Middlewares/ST/STM32_USB_Device_Library/Core/Src/usbd_ioreq.o
                0x0800ce04                USBD_CtlSendData
 .text.USBD_CtlContinueSendData
                0x0800ce40       0x22 ./Middlewares/ST/STM32_USB_Device_Library/Core/Src/usbd_ioreq.o
                0x0800ce40                USBD_CtlContinueSendData
 .text.USBD_CtlContinueRx
                0x0800ce62       0x22 ./Middlewares/ST/STM32_USB_Device_Library/Core/Src/usbd_ioreq.o
                0x0800ce62                USBD_CtlContinueRx
 .text.USBD_CtlSendStatus
                0x0800ce84       0x26 ./Middlewares/ST/STM32_USB_Device_Library/Core/Src/usbd_ioreq.o
                0x0800ce84                USBD_CtlSendStatus
 .text.USBD_CtlReceiveStatus
                0x0800ceaa       0x26 ./Middlewares/ST/STM32_USB_Device_Library/Core/Src/usbd_ioreq.o
                0x0800ceaa                USBD_CtlReceiveStatus
 .text.disk_status
                0x0800ced0       0x34 ./Middlewares/Third_Party/FatFs/src/diskio.o
                0x0800ced0                disk_status
 .text.disk_initialize
                0x0800cf04       0x50 ./Middlewares/Third_Party/FatFs/src/diskio.o
                0x0800cf04                disk_initialize
 .text.disk_read
                0x0800cf54       0x40 ./Middlewares/Third_Party/FatFs/src/diskio.o
                0x0800cf54                disk_read
 .text.disk_write
                0x0800cf94       0x40 ./Middlewares/Third_Party/FatFs/src/diskio.o
                0x0800cf94                disk_write
 .text.disk_ioctl
                0x0800cfd4       0x3c ./Middlewares/Third_Party/FatFs/src/diskio.o
                0x0800cfd4                disk_ioctl
 .text.ld_word  0x0800d010       0x32 ./Middlewares/Third_Party/FatFs/src/ff.o
 .text.ld_dword
                0x0800d042       0x46 ./Middlewares/Third_Party/FatFs/src/ff.o
 .text.st_word  0x0800d088       0x36 ./Middlewares/Third_Party/FatFs/src/ff.o
 .text.st_dword
                0x0800d0be       0x58 ./Middlewares/Third_Party/FatFs/src/ff.o
 .text.mem_cpy  0x0800d116       0x42 ./Middlewares/Third_Party/FatFs/src/ff.o
 .text.mem_set  0x0800d158       0x36 ./Middlewares/Third_Party/FatFs/src/ff.o
 .text.mem_cmp  0x0800d18e       0x4e ./Middlewares/Third_Party/FatFs/src/ff.o
 .text.chk_chr  0x0800d1dc       0x36 ./Middlewares/Third_Party/FatFs/src/ff.o
 *fill*         0x0800d212        0x2 
 .text.chk_lock
                0x0800d214       0xb8 ./Middlewares/Third_Party/FatFs/src/ff.o
 .text.enq_lock
                0x0800d2cc       0x44 ./Middlewares/Third_Party/FatFs/src/ff.o
 .text.inc_lock
                0x0800d310      0x11c ./Middlewares/Third_Party/FatFs/src/ff.o
 .text.dec_lock
                0x0800d42c       0x78 ./Middlewares/Third_Party/FatFs/src/ff.o
 .text.clear_lock
                0x0800d4a4       0x48 ./Middlewares/Third_Party/FatFs/src/ff.o
 .text.sync_window
                0x0800d4ec       0x88 ./Middlewares/Third_Party/FatFs/src/ff.o
 .text.move_window
                0x0800d574       0x5a ./Middlewares/Third_Party/FatFs/src/ff.o
 *fill*         0x0800d5ce        0x2 
 .text.sync_fs  0x0800d5d0       0xdc ./Middlewares/Third_Party/FatFs/src/ff.o
 .text.clust2sect
                0x0800d6ac       0x3e ./Middlewares/Third_Party/FatFs/src/ff.o
 .text.get_fat  0x0800d6ea      0x14e ./Middlewares/Third_Party/FatFs/src/ff.o
 .text.put_fat  0x0800d838      0x1d4 ./Middlewares/Third_Party/FatFs/src/ff.o
 .text.remove_chain
                0x0800da0c       0xca ./Middlewares/Third_Party/FatFs/src/ff.o
 .text.create_chain
                0x0800dad6      0x130 ./Middlewares/Third_Party/FatFs/src/ff.o
 .text.clmt_clust
                0x0800dc06       0x68 ./Middlewares/Third_Party/FatFs/src/ff.o
 .text.dir_sdi  0x0800dc6e       0xf6 ./Middlewares/Third_Party/FatFs/src/ff.o
 .text.dir_next
                0x0800dd64      0x18a ./Middlewares/Third_Party/FatFs/src/ff.o
 .text.dir_alloc
                0x0800deee       0x8e ./Middlewares/Third_Party/FatFs/src/ff.o
 .text.ld_clust
                0x0800df7c       0x3e ./Middlewares/Third_Party/FatFs/src/ff.o
 .text.st_clust
                0x0800dfba       0x40 ./Middlewares/Third_Party/FatFs/src/ff.o
 .text.dir_find
                0x0800dffa       0xaa ./Middlewares/Third_Party/FatFs/src/ff.o
 .text.dir_register
                0x0800e0a4       0x64 ./Middlewares/Third_Party/FatFs/src/ff.o
 .text.create_name
                0x0800e108      0x128 ./Middlewares/Third_Party/FatFs/src/ff.o
 .text.follow_path
                0x0800e230       0xe2 ./Middlewares/Third_Party/FatFs/src/ff.o
 .text.get_ldnumber
                0x0800e312       0x88 ./Middlewares/Third_Party/FatFs/src/ff.o
 *fill*         0x0800e39a        0x2 
 .text.check_fs
                0x0800e39c       0xac ./Middlewares/Third_Party/FatFs/src/ff.o
 .text.find_volume
                0x0800e448      0x498 ./Middlewares/Third_Party/FatFs/src/ff.o
 .text.validate
                0x0800e8e0       0x6a ./Middlewares/Third_Party/FatFs/src/ff.o
 *fill*         0x0800e94a        0x2 
 .text.f_mount  0x0800e94c       0x8c ./Middlewares/Third_Party/FatFs/src/ff.o
                0x0800e94c                f_mount
 .text.f_open   0x0800e9d8      0x374 ./Middlewares/Third_Party/FatFs/src/ff.o
                0x0800e9d8                f_open
 .text.f_read   0x0800ed4c      0x27e ./Middlewares/Third_Party/FatFs/src/ff.o
                0x0800ed4c                f_read
 .text.f_write  0x0800efca      0x2ea ./Middlewares/Third_Party/FatFs/src/ff.o
                0x0800efca                f_write
 .text.f_sync   0x0800f2b4       0xfc ./Middlewares/Third_Party/FatFs/src/ff.o
                0x0800f2b4                f_sync
 .text.f_close  0x0800f3b0       0x54 ./Middlewares/Third_Party/FatFs/src/ff.o
                0x0800f3b0                f_close
 .text.f_mkfs   0x0800f404      0x858 ./Middlewares/Third_Party/FatFs/src/ff.o
                0x0800f404                f_mkfs
 .text.FATFS_LinkDriverEx
                0x0800fc5c       0x98 ./Middlewares/Third_Party/FatFs/src/ff_gen_drv.o
                0x0800fc5c                FATFS_LinkDriverEx
 .text.FATFS_LinkDriver
                0x0800fcf4       0x1e ./Middlewares/Third_Party/FatFs/src/ff_gen_drv.o
                0x0800fcf4                FATFS_LinkDriver
 *fill*         0x0800fd12        0x2 
 .text.MX_USB_DEVICE_Init
                0x0800fd14       0x60 ./USB_DEVICE/App/usb_device.o
                0x0800fd14                MX_USB_DEVICE_Init
 .text.USBD_FS_DeviceDescriptor
                0x0800fd74       0x24 ./USB_DEVICE/App/usbd_desc.o
                0x0800fd74                USBD_FS_DeviceDescriptor
 .text.USBD_FS_LangIDStrDescriptor
                0x0800fd98       0x24 ./USB_DEVICE/App/usbd_desc.o
                0x0800fd98                USBD_FS_LangIDStrDescriptor
 .text.USBD_FS_ProductStrDescriptor
                0x0800fdbc       0x3c ./USB_DEVICE/App/usbd_desc.o
                0x0800fdbc                USBD_FS_ProductStrDescriptor
 .text.USBD_FS_ManufacturerStrDescriptor
                0x0800fdf8       0x28 ./USB_DEVICE/App/usbd_desc.o
                0x0800fdf8                USBD_FS_ManufacturerStrDescriptor
 .text.USBD_FS_SerialStrDescriptor
                0x0800fe20       0x24 ./USB_DEVICE/App/usbd_desc.o
                0x0800fe20                USBD_FS_SerialStrDescriptor
 .text.USBD_FS_ConfigStrDescriptor
                0x0800fe44       0x3c ./USB_DEVICE/App/usbd_desc.o
                0x0800fe44                USBD_FS_ConfigStrDescriptor
 .text.USBD_FS_InterfaceStrDescriptor
                0x0800fe80       0x3c ./USB_DEVICE/App/usbd_desc.o
                0x0800fe80                USBD_FS_InterfaceStrDescriptor
 .text.Get_SerialNum
                0x0800febc       0x58 ./USB_DEVICE/App/usbd_desc.o
 .text.IntToUnicode
                0x0800ff14       0x7e ./USB_DEVICE/App/usbd_desc.o
 *fill*         0x0800ff92        0x2 
 .text.STORAGE_Init_FS
                0x0800ff94       0x68 ./USB_DEVICE/App/usbd_storage_if.o
 .text.STORAGE_GetCapacity_FS
                0x0800fffc       0x30 ./USB_DEVICE/App/usbd_storage_if.o
 .text.STORAGE_IsReady_FS
                0x0801002c       0x18 ./USB_DEVICE/App/usbd_storage_if.o
 .text.STORAGE_IsWriteProtected_FS
                0x08010044       0x18 ./USB_DEVICE/App/usbd_storage_if.o
 .text.STORAGE_Read_FS
                0x0801005c       0x4c ./USB_DEVICE/App/usbd_storage_if.o
 .text.STORAGE_Write_FS
                0x080100a8      0x108 ./USB_DEVICE/App/usbd_storage_if.o
 .text.STORAGE_GetMaxLun_FS
                0x080101b0       0x10 ./USB_DEVICE/App/usbd_storage_if.o
 .text.HAL_PCD_MspInit
                0x080101c0       0xa8 ./USB_DEVICE/Target/usbd_conf.o
                0x080101c0                HAL_PCD_MspInit
 .text.HAL_PCD_SetupStageCallback
                0x08010268       0x24 ./USB_DEVICE/Target/usbd_conf.o
                0x08010268                HAL_PCD_SetupStageCallback
 .text.HAL_PCD_DataOutStageCallback
                0x0801028c       0x36 ./USB_DEVICE/Target/usbd_conf.o
                0x0801028c                HAL_PCD_DataOutStageCallback
 .text.HAL_PCD_DataInStageCallback
                0x080102c2       0x34 ./USB_DEVICE/Target/usbd_conf.o
                0x080102c2                HAL_PCD_DataInStageCallback
 .text.HAL_PCD_SOFCallback
                0x080102f6       0x1c ./USB_DEVICE/Target/usbd_conf.o
                0x080102f6                HAL_PCD_SOFCallback
 .text.HAL_PCD_ResetCallback
                0x08010312       0x3c ./USB_DEVICE/Target/usbd_conf.o
                0x08010312                HAL_PCD_ResetCallback
 *fill*         0x0801034e        0x2 
 .text.HAL_PCD_SuspendCallback
                0x08010350       0x4c ./USB_DEVICE/Target/usbd_conf.o
                0x08010350                HAL_PCD_SuspendCallback
 .text.HAL_PCD_ResumeCallback
                0x0801039c       0x1c ./USB_DEVICE/Target/usbd_conf.o
                0x0801039c                HAL_PCD_ResumeCallback
 .text.HAL_PCD_ISOOUTIncompleteCallback
                0x080103b8       0x24 ./USB_DEVICE/Target/usbd_conf.o
                0x080103b8                HAL_PCD_ISOOUTIncompleteCallback
 .text.HAL_PCD_ISOINIncompleteCallback
                0x080103dc       0x24 ./USB_DEVICE/Target/usbd_conf.o
                0x080103dc                HAL_PCD_ISOINIncompleteCallback
 .text.HAL_PCD_ConnectCallback
                0x08010400       0x1c ./USB_DEVICE/Target/usbd_conf.o
                0x08010400                HAL_PCD_ConnectCallback
 .text.HAL_PCD_DisconnectCallback
                0x0801041c       0x1c ./USB_DEVICE/Target/usbd_conf.o
                0x0801041c                HAL_PCD_DisconnectCallback
 .text.USBD_LL_Init
                0x08010438       0x98 ./USB_DEVICE/Target/usbd_conf.o
                0x08010438                USBD_LL_Init
 .text.USBD_LL_Start
                0x080104d0       0x36 ./USB_DEVICE/Target/usbd_conf.o
                0x080104d0                USBD_LL_Start
 .text.USBD_LL_OpenEP
                0x08010506       0x4c ./USB_DEVICE/Target/usbd_conf.o
                0x08010506                USBD_LL_OpenEP
 .text.USBD_LL_CloseEP
                0x08010552       0x3e ./USB_DEVICE/Target/usbd_conf.o
                0x08010552                USBD_LL_CloseEP
 .text.USBD_LL_FlushEP
                0x08010590       0x3e ./USB_DEVICE/Target/usbd_conf.o
                0x08010590                USBD_LL_FlushEP
 .text.USBD_LL_StallEP
                0x080105ce       0x3e ./USB_DEVICE/Target/usbd_conf.o
                0x080105ce                USBD_LL_StallEP
 .text.USBD_LL_ClearStallEP
                0x0801060c       0x3e ./USB_DEVICE/Target/usbd_conf.o
                0x0801060c                USBD_LL_ClearStallEP
 .text.USBD_LL_IsStallEP
                0x0801064a       0x58 ./USB_DEVICE/Target/usbd_conf.o
                0x0801064a                USBD_LL_IsStallEP
 .text.USBD_LL_SetUSBAddress
                0x080106a2       0x3e ./USB_DEVICE/Target/usbd_conf.o
                0x080106a2                USBD_LL_SetUSBAddress
 .text.USBD_LL_Transmit
                0x080106e0       0x42 ./USB_DEVICE/Target/usbd_conf.o
                0x080106e0                USBD_LL_Transmit
 .text.USBD_LL_PrepareReceive
                0x08010722       0x42 ./USB_DEVICE/Target/usbd_conf.o
                0x08010722                USBD_LL_PrepareReceive
 .text.USBD_LL_GetRxDataSize
                0x08010764       0x26 ./USB_DEVICE/Target/usbd_conf.o
                0x08010764                USBD_LL_GetRxDataSize
 *fill*         0x0801078a        0x2 
 .text.USBD_static_malloc
                0x0801078c       0x1c ./USB_DEVICE/Target/usbd_conf.o
                0x0801078c                USBD_static_malloc
 .text.USBD_static_free
                0x080107a8       0x14 ./USB_DEVICE/Target/usbd_conf.o
                0x080107a8                USBD_static_free
 .text.USBD_Get_USB_Status
                0x080107bc       0x58 ./USB_DEVICE/Target/usbd_conf.o
                0x080107bc                USBD_Get_USB_Status
 .text.rand     0x08010814       0x7c C:/ST/STM32CubeIDE_1.19.0/STM32CubeIDE/plugins/com.st.stm32cube.ide.mcu.externaltools.gnu-tools-for-stm32.13.3.rel1.win32_1.0.0.202411081344/tools/bin/../lib/gcc/arm-none-eabi/13.3.1/../../../../arm-none-eabi/lib/thumb/v7e-m+fp/hard\libc_nano.a(libc_a-rand.o)
                0x08010814                rand
 .text.std      0x08010890       0x6c C:/ST/STM32CubeIDE_1.19.0/STM32CubeIDE/plugins/com.st.stm32cube.ide.mcu.externaltools.gnu-tools-for-stm32.13.3.rel1.win32_1.0.0.202411081344/tools/bin/../lib/gcc/arm-none-eabi/13.3.1/../../../../arm-none-eabi/lib/thumb/v7e-m+fp/hard\libc_nano.a(libc_a-findfp.o)
 .text.stdio_exit_handler
                0x080108fc       0x18 C:/ST/STM32CubeIDE_1.19.0/STM32CubeIDE/plugins/com.st.stm32cube.ide.mcu.externaltools.gnu-tools-for-stm32.13.3.rel1.win32_1.0.0.202411081344/tools/bin/../lib/gcc/arm-none-eabi/13.3.1/../../../../arm-none-eabi/lib/thumb/v7e-m+fp/hard\libc_nano.a(libc_a-findfp.o)
 .text.cleanup_stdio
                0x08010914       0x40 C:/ST/STM32CubeIDE_1.19.0/STM32CubeIDE/plugins/com.st.stm32cube.ide.mcu.externaltools.gnu-tools-for-stm32.13.3.rel1.win32_1.0.0.202411081344/tools/bin/../lib/gcc/arm-none-eabi/13.3.1/../../../../arm-none-eabi/lib/thumb/v7e-m+fp/hard\libc_nano.a(libc_a-findfp.o)
 .text.global_stdio_init.part.0
                0x08010954       0x3c C:/ST/STM32CubeIDE_1.19.0/STM32CubeIDE/plugins/com.st.stm32cube.ide.mcu.externaltools.gnu-tools-for-stm32.13.3.rel1.win32_1.0.0.202411081344/tools/bin/../lib/gcc/arm-none-eabi/13.3.1/../../../../arm-none-eabi/lib/thumb/v7e-m+fp/hard\libc_nano.a(libc_a-findfp.o)
 .text.__sfp_lock_acquire
                0x08010990        0xc C:/ST/STM32CubeIDE_1.19.0/STM32CubeIDE/plugins/com.st.stm32cube.ide.mcu.externaltools.gnu-tools-for-stm32.13.3.rel1.win32_1.0.0.202411081344/tools/bin/../lib/gcc/arm-none-eabi/13.3.1/../../../../arm-none-eabi/lib/thumb/v7e-m+fp/hard\libc_nano.a(libc_a-findfp.o)
                0x08010990                __sfp_lock_acquire
 .text.__sfp_lock_release
                0x0801099c        0xc C:/ST/STM32CubeIDE_1.19.0/STM32CubeIDE/plugins/com.st.stm32cube.ide.mcu.externaltools.gnu-tools-for-stm32.13.3.rel1.win32_1.0.0.202411081344/tools/bin/../lib/gcc/arm-none-eabi/13.3.1/../../../../arm-none-eabi/lib/thumb/v7e-m+fp/hard\libc_nano.a(libc_a-findfp.o)
                0x0801099c                __sfp_lock_release
 .text.__sinit  0x080109a8       0x30 C:/ST/STM32CubeIDE_1.19.0/STM32CubeIDE/plugins/com.st.stm32cube.ide.mcu.externaltools.gnu-tools-for-stm32.13.3.rel1.win32_1.0.0.202411081344/tools/bin/../lib/gcc/arm-none-eabi/13.3.1/../../../../arm-none-eabi/lib/thumb/v7e-m+fp/hard\libc_nano.a(libc_a-findfp.o)
                0x080109a8                __sinit
 .text._fwalk_sglue
                0x080109d8       0x3c C:/ST/STM32CubeIDE_1.19.0/STM32CubeIDE/plugins/com.st.stm32cube.ide.mcu.externaltools.gnu-tools-for-stm32.13.3.rel1.win32_1.0.0.202411081344/tools/bin/../lib/gcc/arm-none-eabi/13.3.1/../../../../arm-none-eabi/lib/thumb/v7e-m+fp/hard\libc_nano.a(libc_a-fwalk.o)
                0x080109d8                _fwalk_sglue
 .text.sprintf  0x08010a14       0x44 C:/ST/STM32CubeIDE_1.19.0/STM32CubeIDE/plugins/com.st.stm32cube.ide.mcu.externaltools.gnu-tools-for-stm32.13.3.rel1.win32_1.0.0.202411081344/tools/bin/../lib/gcc/arm-none-eabi/13.3.1/../../../../arm-none-eabi/lib/thumb/v7e-m+fp/hard\libc_nano.a(libc_a-sprintf.o)
                0x08010a14                siprintf
                0x08010a14                sprintf
 .text.__sread  0x08010a58       0x22 C:/ST/STM32CubeIDE_1.19.0/STM32CubeIDE/plugins/com.st.stm32cube.ide.mcu.externaltools.gnu-tools-for-stm32.13.3.rel1.win32_1.0.0.202411081344/tools/bin/../lib/gcc/arm-none-eabi/13.3.1/../../../../arm-none-eabi/lib/thumb/v7e-m+fp/hard\libc_nano.a(libc_a-stdio.o)
                0x08010a58                __sread
 .text.__swrite
                0x08010a7a       0x38 C:/ST/STM32CubeIDE_1.19.0/STM32CubeIDE/plugins/com.st.stm32cube.ide.mcu.externaltools.gnu-tools-for-stm32.13.3.rel1.win32_1.0.0.202411081344/tools/bin/../lib/gcc/arm-none-eabi/13.3.1/../../../../arm-none-eabi/lib/thumb/v7e-m+fp/hard\libc_nano.a(libc_a-stdio.o)
                0x08010a7a                __swrite
 .text.__sseek  0x08010ab2       0x24 C:/ST/STM32CubeIDE_1.19.0/STM32CubeIDE/plugins/com.st.stm32cube.ide.mcu.externaltools.gnu-tools-for-stm32.13.3.rel1.win32_1.0.0.202411081344/tools/bin/../lib/gcc/arm-none-eabi/13.3.1/../../../../arm-none-eabi/lib/thumb/v7e-m+fp/hard\libc_nano.a(libc_a-stdio.o)
                0x08010ab2                __sseek
 .text.__sclose
                0x08010ad6        0x8 C:/ST/STM32CubeIDE_1.19.0/STM32CubeIDE/plugins/com.st.stm32cube.ide.mcu.externaltools.gnu-tools-for-stm32.13.3.rel1.win32_1.0.0.202411081344/tools/bin/../lib/gcc/arm-none-eabi/13.3.1/../../../../arm-none-eabi/lib/thumb/v7e-m+fp/hard\libc_nano.a(libc_a-stdio.o)
                0x08010ad6                __sclose
 .text.memset   0x08010ade       0x10 C:/ST/STM32CubeIDE_1.19.0/STM32CubeIDE/plugins/com.st.stm32cube.ide.mcu.externaltools.gnu-tools-for-stm32.13.3.rel1.win32_1.0.0.202411081344/tools/bin/../lib/gcc/arm-none-eabi/13.3.1/../../../../arm-none-eabi/lib/thumb/v7e-m+fp/hard\libc_nano.a(libc_a-memset.o)
                0x08010ade                memset
 *fill*         0x08010aee        0x2 
 .text._close_r
                0x08010af0       0x20 C:/ST/STM32CubeIDE_1.19.0/STM32CubeIDE/plugins/com.st.stm32cube.ide.mcu.externaltools.gnu-tools-for-stm32.13.3.rel1.win32_1.0.0.202411081344/tools/bin/../lib/gcc/arm-none-eabi/13.3.1/../../../../arm-none-eabi/lib/thumb/v7e-m+fp/hard\libc_nano.a(libc_a-closer.o)
                0x08010af0                _close_r
 .text._lseek_r
                0x08010b10       0x24 C:/ST/STM32CubeIDE_1.19.0/STM32CubeIDE/plugins/com.st.stm32cube.ide.mcu.externaltools.gnu-tools-for-stm32.13.3.rel1.win32_1.0.0.202411081344/tools/bin/../lib/gcc/arm-none-eabi/13.3.1/../../../../arm-none-eabi/lib/thumb/v7e-m+fp/hard\libc_nano.a(libc_a-lseekr.o)
                0x08010b10                _lseek_r
 .text._read_r  0x08010b34       0x24 C:/ST/STM32CubeIDE_1.19.0/STM32CubeIDE/plugins/com.st.stm32cube.ide.mcu.externaltools.gnu-tools-for-stm32.13.3.rel1.win32_1.0.0.202411081344/tools/bin/../lib/gcc/arm-none-eabi/13.3.1/../../../../arm-none-eabi/lib/thumb/v7e-m+fp/hard\libc_nano.a(libc_a-readr.o)
                0x08010b34                _read_r
 .text._write_r
                0x08010b58       0x24 C:/ST/STM32CubeIDE_1.19.0/STM32CubeIDE/plugins/com.st.stm32cube.ide.mcu.externaltools.gnu-tools-for-stm32.13.3.rel1.win32_1.0.0.202411081344/tools/bin/../lib/gcc/arm-none-eabi/13.3.1/../../../../arm-none-eabi/lib/thumb/v7e-m+fp/hard\libc_nano.a(libc_a-writer.o)
                0x08010b58                _write_r
 .text.__errno  0x08010b7c        0xc C:/ST/STM32CubeIDE_1.19.0/STM32CubeIDE/plugins/com.st.stm32cube.ide.mcu.externaltools.gnu-tools-for-stm32.13.3.rel1.win32_1.0.0.202411081344/tools/bin/../lib/gcc/arm-none-eabi/13.3.1/../../../../arm-none-eabi/lib/thumb/v7e-m+fp/hard\libc_nano.a(libc_a-errno.o)
                0x08010b7c                __errno
 .text.__libc_init_array
                0x08010b88       0x48 C:/ST/STM32CubeIDE_1.19.0/STM32CubeIDE/plugins/com.st.stm32cube.ide.mcu.externaltools.gnu-tools-for-stm32.13.3.rel1.win32_1.0.0.202411081344/tools/bin/../lib/gcc/arm-none-eabi/13.3.1/../../../../arm-none-eabi/lib/thumb/v7e-m+fp/hard\libc_nano.a(libc_a-init.o)
                0x08010b88                __libc_init_array
 .text.__retarget_lock_init_recursive
                0x08010bd0        0x2 C:/ST/STM32CubeIDE_1.19.0/STM32CubeIDE/plugins/com.st.stm32cube.ide.mcu.externaltools.gnu-tools-for-stm32.13.3.rel1.win32_1.0.0.202411081344/tools/bin/../lib/gcc/arm-none-eabi/13.3.1/../../../../arm-none-eabi/lib/thumb/v7e-m+fp/hard\libc_nano.a(libc_a-lock.o)
                0x08010bd0                __retarget_lock_init_recursive
 .text.__retarget_lock_acquire_recursive
                0x08010bd2        0x2 C:/ST/STM32CubeIDE_1.19.0/STM32CubeIDE/plugins/com.st.stm32cube.ide.mcu.externaltools.gnu-tools-for-stm32.13.3.rel1.win32_1.0.0.202411081344/tools/bin/../lib/gcc/arm-none-eabi/13.3.1/../../../../arm-none-eabi/lib/thumb/v7e-m+fp/hard\libc_nano.a(libc_a-lock.o)
                0x08010bd2                __retarget_lock_acquire_recursive
 .text.__retarget_lock_release_recursive
                0x08010bd4        0x2 C:/ST/STM32CubeIDE_1.19.0/STM32CubeIDE/plugins/com.st.stm32cube.ide.mcu.externaltools.gnu-tools-for-stm32.13.3.rel1.win32_1.0.0.202411081344/tools/bin/../lib/gcc/arm-none-eabi/13.3.1/../../../../arm-none-eabi/lib/thumb/v7e-m+fp/hard\libc_nano.a(libc_a-lock.o)
                0x08010bd4                __retarget_lock_release_recursive
 .text.memcpy   0x08010bd6       0x1c C:/ST/STM32CubeIDE_1.19.0/STM32CubeIDE/plugins/com.st.stm32cube.ide.mcu.externaltools.gnu-tools-for-stm32.13.3.rel1.win32_1.0.0.202411081344/tools/bin/../lib/gcc/arm-none-eabi/13.3.1/../../../../arm-none-eabi/lib/thumb/v7e-m+fp/hard\libc_nano.a(libc_a-memcpy-stub.o)
                0x08010bd6                memcpy
 *fill*         0x08010bf2        0x2 
 .text.__assert_func
                0x08010bf4       0x3c C:/ST/STM32CubeIDE_1.19.0/STM32CubeIDE/plugins/com.st.stm32cube.ide.mcu.externaltools.gnu-tools-for-stm32.13.3.rel1.win32_1.0.0.202411081344/tools/bin/../lib/gcc/arm-none-eabi/13.3.1/../../../../arm-none-eabi/lib/thumb/v7e-m+fp/hard\libc_nano.a(libc_a-assert.o)
                0x08010bf4                __assert_func
 .text._free_r  0x08010c30       0x94 C:/ST/STM32CubeIDE_1.19.0/STM32CubeIDE/plugins/com.st.stm32cube.ide.mcu.externaltools.gnu-tools-for-stm32.13.3.rel1.win32_1.0.0.202411081344/tools/bin/../lib/gcc/arm-none-eabi/13.3.1/../../../../arm-none-eabi/lib/thumb/v7e-m+fp/hard\libc_nano.a(libc_a-freer.o)
                0x08010c30                _free_r
 .text.malloc   0x08010cc4       0x10 C:/ST/STM32CubeIDE_1.19.0/STM32CubeIDE/plugins/com.st.stm32cube.ide.mcu.externaltools.gnu-tools-for-stm32.13.3.rel1.win32_1.0.0.202411081344/tools/bin/../lib/gcc/arm-none-eabi/13.3.1/../../../../arm-none-eabi/lib/thumb/v7e-m+fp/hard\libc_nano.a(libc_a-malloc.o)
                0x08010cc4                malloc
 .text.sbrk_aligned
                0x08010cd4       0x44 C:/ST/STM32CubeIDE_1.19.0/STM32CubeIDE/plugins/com.st.stm32cube.ide.mcu.externaltools.gnu-tools-for-stm32.13.3.rel1.win32_1.0.0.202411081344/tools/bin/../lib/gcc/arm-none-eabi/13.3.1/../../../../arm-none-eabi/lib/thumb/v7e-m+fp/hard\libc_nano.a(libc_a-mallocr.o)
 .text._malloc_r
                0x08010d18      0x100 C:/ST/STM32CubeIDE_1.19.0/STM32CubeIDE/plugins/com.st.stm32cube.ide.mcu.externaltools.gnu-tools-for-stm32.13.3.rel1.win32_1.0.0.202411081344/tools/bin/../lib/gcc/arm-none-eabi/13.3.1/../../../../arm-none-eabi/lib/thumb/v7e-m+fp/hard\libc_nano.a(libc_a-mallocr.o)
                0x08010d18                _malloc_r
 .text.__malloc_lock
                0x08010e18        0xc C:/ST/STM32CubeIDE_1.19.0/STM32CubeIDE/plugins/com.st.stm32cube.ide.mcu.externaltools.gnu-tools-for-stm32.13.3.rel1.win32_1.0.0.202411081344/tools/bin/../lib/gcc/arm-none-eabi/13.3.1/../../../../arm-none-eabi/lib/thumb/v7e-m+fp/hard\libc_nano.a(libc_a-mlock.o)
                0x08010e18                __malloc_lock
 .text.__malloc_unlock
                0x08010e24        0xc C:/ST/STM32CubeIDE_1.19.0/STM32CubeIDE/plugins/com.st.stm32cube.ide.mcu.externaltools.gnu-tools-for-stm32.13.3.rel1.win32_1.0.0.202411081344/tools/bin/../lib/gcc/arm-none-eabi/13.3.1/../../../../arm-none-eabi/lib/thumb/v7e-m+fp/hard\libc_nano.a(libc_a-mlock.o)
                0x08010e24                __malloc_unlock
 .text.__ssputs_r
                0x08010e30       0xb6 C:/ST/STM32CubeIDE_1.19.0/STM32CubeIDE/plugins/com.st.stm32cube.ide.mcu.externaltools.gnu-tools-for-stm32.13.3.rel1.win32_1.0.0.202411081344/tools/bin/../lib/gcc/arm-none-eabi/13.3.1/../../../../arm-none-eabi/lib/thumb/v7e-m+fp/hard\libc_nano.a(libc_a-nano-svfprintf.o)
                0x08010e30                __ssputs_r
 *fill*         0x08010ee6        0x2 
 .text._svfprintf_r
                0x08010ee8      0x1f8 C:/ST/STM32CubeIDE_1.19.0/STM32CubeIDE/plugins/com.st.stm32cube.ide.mcu.externaltools.gnu-tools-for-stm32.13.3.rel1.win32_1.0.0.202411081344/tools/bin/../lib/gcc/arm-none-eabi/13.3.1/../../../../arm-none-eabi/lib/thumb/v7e-m+fp/hard\libc_nano.a(libc_a-nano-svfprintf.o)
                0x08010ee8                _svfiprintf_r
                0x08010ee8                _svfprintf_r
 .text._printf_common
                0x080110e0       0xda C:/ST/STM32CubeIDE_1.19.0/STM32CubeIDE/plugins/com.st.stm32cube.ide.mcu.externaltools.gnu-tools-for-stm32.13.3.rel1.win32_1.0.0.202411081344/tools/bin/../lib/gcc/arm-none-eabi/13.3.1/../../../../arm-none-eabi/lib/thumb/v7e-m+fp/hard\libc_nano.a(libc_a-nano-vfprintf_i.o)
                0x080110e0                _printf_common
 *fill*         0x080111ba        0x2 
 .text._printf_i
                0x080111bc      0x23c C:/ST/STM32CubeIDE_1.19.0/STM32CubeIDE/plugins/com.st.stm32cube.ide.mcu.externaltools.gnu-tools-for-stm32.13.3.rel1.win32_1.0.0.202411081344/tools/bin/../lib/gcc/arm-none-eabi/13.3.1/../../../../arm-none-eabi/lib/thumb/v7e-m+fp/hard\libc_nano.a(libc_a-nano-vfprintf_i.o)
                0x080111bc                _printf_i
 .text.__sflush_r
                0x080113f8      0x108 C:/ST/STM32CubeIDE_1.19.0/STM32CubeIDE/plugins/com.st.stm32cube.ide.mcu.externaltools.gnu-tools-for-stm32.13.3.rel1.win32_1.0.0.202411081344/tools/bin/../lib/gcc/arm-none-eabi/13.3.1/../../../../arm-none-eabi/lib/thumb/v7e-m+fp/hard\libc_nano.a(libc_a-fflush.o)
                0x080113f8                __sflush_r
 .text._fflush_r
                0x08011500       0x50 C:/ST/STM32CubeIDE_1.19.0/STM32CubeIDE/plugins/com.st.stm32cube.ide.mcu.externaltools.gnu-tools-for-stm32.13.3.rel1.win32_1.0.0.202411081344/tools/bin/../lib/gcc/arm-none-eabi/13.3.1/../../../../arm-none-eabi/lib/thumb/v7e-m+fp/hard\libc_nano.a(libc_a-fflush.o)
                0x08011500                _fflush_r
 .text.fprintf  0x08011550       0x24 C:/ST/STM32CubeIDE_1.19.0/STM32CubeIDE/plugins/com.st.stm32cube.ide.mcu.externaltools.gnu-tools-for-stm32.13.3.rel1.win32_1.0.0.202411081344/tools/bin/../lib/gcc/arm-none-eabi/13.3.1/../../../../arm-none-eabi/lib/thumb/v7e-m+fp/hard\libc_nano.a(libc_a-fprintf.o)
                0x08011550                fiprintf
                0x08011550                fprintf
 .text.memmove  0x08011574       0x34 C:/ST/STM32CubeIDE_1.19.0/STM32CubeIDE/plugins/com.st.stm32cube.ide.mcu.externaltools.gnu-tools-for-stm32.13.3.rel1.win32_1.0.0.202411081344/tools/bin/../lib/gcc/arm-none-eabi/13.3.1/../../../../arm-none-eabi/lib/thumb/v7e-m+fp/hard\libc_nano.a(libc_a-memmove.o)
                0x08011574                memmove
 .text._sbrk_r  0x080115a8       0x20 C:/ST/STM32CubeIDE_1.19.0/STM32CubeIDE/plugins/com.st.stm32cube.ide.mcu.externaltools.gnu-tools-for-stm32.13.3.rel1.win32_1.0.0.202411081344/tools/bin/../lib/gcc/arm-none-eabi/13.3.1/../../../../arm-none-eabi/lib/thumb/v7e-m+fp/hard\libc_nano.a(libc_a-sbrkr.o)
                0x080115a8                _sbrk_r
 .text.abort    0x080115c8        0xe C:/ST/STM32CubeIDE_1.19.0/STM32CubeIDE/plugins/com.st.stm32cube.ide.mcu.externaltools.gnu-tools-for-stm32.13.3.rel1.win32_1.0.0.202411081344/tools/bin/../lib/gcc/arm-none-eabi/13.3.1/../../../../arm-none-eabi/lib/thumb/v7e-m+fp/hard\libc_nano.a(libc_a-abort.o)
                0x080115c8                abort
 .text._realloc_r
                0x080115d6       0x5c C:/ST/STM32CubeIDE_1.19.0/STM32CubeIDE/plugins/com.st.stm32cube.ide.mcu.externaltools.gnu-tools-for-stm32.13.3.rel1.win32_1.0.0.202411081344/tools/bin/../lib/gcc/arm-none-eabi/13.3.1/../../../../arm-none-eabi/lib/thumb/v7e-m+fp/hard\libc_nano.a(libc_a-reallocr.o)
                0x080115d6                _realloc_r
 .text.__sfputc_r
                0x08011632       0x2e C:/ST/STM32CubeIDE_1.19.0/STM32CubeIDE/plugins/com.st.stm32cube.ide.mcu.externaltools.gnu-tools-for-stm32.13.3.rel1.win32_1.0.0.202411081344/tools/bin/../lib/gcc/arm-none-eabi/13.3.1/../../../../arm-none-eabi/lib/thumb/v7e-m+fp/hard\libc_nano.a(libc_a-nano-vfprintf.o)
 .text.__sfputs_r
                0x08011660       0x24 C:/ST/STM32CubeIDE_1.19.0/STM32CubeIDE/plugins/com.st.stm32cube.ide.mcu.externaltools.gnu-tools-for-stm32.13.3.rel1.win32_1.0.0.202411081344/tools/bin/../lib/gcc/arm-none-eabi/13.3.1/../../../../arm-none-eabi/lib/thumb/v7e-m+fp/hard\libc_nano.a(libc_a-nano-vfprintf.o)
                0x08011660                __sfputs_r
 .text._vfprintf_r
                0x08011684      0x230 C:/ST/STM32CubeIDE_1.19.0/STM32CubeIDE/plugins/com.st.stm32cube.ide.mcu.externaltools.gnu-tools-for-stm32.13.3.rel1.win32_1.0.0.202411081344/tools/bin/../lib/gcc/arm-none-eabi/13.3.1/../../../../arm-none-eabi/lib/thumb/v7e-m+fp/hard\libc_nano.a(libc_a-nano-vfprintf.o)
                0x08011684                _vfprintf_r
                0x08011684                _vfiprintf_r
 .text.__swbuf_r
                0x080118b4       0x7c C:/ST/STM32CubeIDE_1.19.0/STM32CubeIDE/plugins/com.st.stm32cube.ide.mcu.externaltools.gnu-tools-for-stm32.13.3.rel1.win32_1.0.0.202411081344/tools/bin/../lib/gcc/arm-none-eabi/13.3.1/../../../../arm-none-eabi/lib/thumb/v7e-m+fp/hard\libc_nano.a(libc_a-wbuf.o)
                0x080118b4                __swbuf_r
 .text.__swsetup_r
                0x08011930       0xac C:/ST/STM32CubeIDE_1.19.0/STM32CubeIDE/plugins/com.st.stm32cube.ide.mcu.externaltools.gnu-tools-for-stm32.13.3.rel1.win32_1.0.0.202411081344/tools/bin/../lib/gcc/arm-none-eabi/13.3.1/../../../../arm-none-eabi/lib/thumb/v7e-m+fp/hard\libc_nano.a(libc_a-wsetup.o)
                0x08011930                __swsetup_r
 .text._raise_r
                0x080119dc       0x50 C:/ST/STM32CubeIDE_1.19.0/STM32CubeIDE/plugins/com.st.stm32cube.ide.mcu.externaltools.gnu-tools-for-stm32.13.3.rel1.win32_1.0.0.202411081344/tools/bin/../lib/gcc/arm-none-eabi/13.3.1/../../../../arm-none-eabi/lib/thumb/v7e-m+fp/hard\libc_nano.a(libc_a-signal.o)
                0x080119dc                _raise_r
 .text.raise    0x08011a2c       0x10 C:/ST/STM32CubeIDE_1.19.0/STM32CubeIDE/plugins/com.st.stm32cube.ide.mcu.externaltools.gnu-tools-for-stm32.13.3.rel1.win32_1.0.0.202411081344/tools/bin/../lib/gcc/arm-none-eabi/13.3.1/../../../../arm-none-eabi/lib/thumb/v7e-m+fp/hard\libc_nano.a(libc_a-signal.o)
                0x08011a2c                raise
 .text._kill_r  0x08011a3c       0x24 C:/ST/STM32CubeIDE_1.19.0/STM32CubeIDE/plugins/com.st.stm32cube.ide.mcu.externaltools.gnu-tools-for-stm32.13.3.rel1.win32_1.0.0.202411081344/tools/bin/../lib/gcc/arm-none-eabi/13.3.1/../../../../arm-none-eabi/lib/thumb/v7e-m+fp/hard\libc_nano.a(libc_a-signalr.o)
                0x08011a3c                _kill_r
 .text._getpid_r
                0x08011a60        0x4 C:/ST/STM32CubeIDE_1.19.0/STM32CubeIDE/plugins/com.st.stm32cube.ide.mcu.externaltools.gnu-tools-for-stm32.13.3.rel1.win32_1.0.0.202411081344/tools/bin/../lib/gcc/arm-none-eabi/13.3.1/../../../../arm-none-eabi/lib/thumb/v7e-m+fp/hard\libc_nano.a(libc_a-signalr.o)
                0x08011a60                _getpid_r
 .text._malloc_usable_size_r
                0x08011a64       0x10 C:/ST/STM32CubeIDE_1.19.0/STM32CubeIDE/plugins/com.st.stm32cube.ide.mcu.externaltools.gnu-tools-for-stm32.13.3.rel1.win32_1.0.0.202411081344/tools/bin/../lib/gcc/arm-none-eabi/13.3.1/../../../../arm-none-eabi/lib/thumb/v7e-m+fp/hard\libc_nano.a(libc_a-msizer.o)
                0x08011a64                _malloc_usable_size_r
 .text.__swhatbuf_r
                0x08011a74       0x4c C:/ST/STM32CubeIDE_1.19.0/STM32CubeIDE/plugins/com.st.stm32cube.ide.mcu.externaltools.gnu-tools-for-stm32.13.3.rel1.win32_1.0.0.202411081344/tools/bin/../lib/gcc/arm-none-eabi/13.3.1/../../../../arm-none-eabi/lib/thumb/v7e-m+fp/hard\libc_nano.a(libc_a-makebuf.o)
                0x08011a74                __swhatbuf_r
 .text.__smakebuf_r
                0x08011ac0       0x78 C:/ST/STM32CubeIDE_1.19.0/STM32CubeIDE/plugins/com.st.stm32cube.ide.mcu.externaltools.gnu-tools-for-stm32.13.3.rel1.win32_1.0.0.202411081344/tools/bin/../lib/gcc/arm-none-eabi/13.3.1/../../../../arm-none-eabi/lib/thumb/v7e-m+fp/hard\libc_nano.a(libc_a-makebuf.o)
                0x08011ac0                __smakebuf_r
 .text._fstat_r
                0x08011b38       0x24 C:/ST/STM32CubeIDE_1.19.0/STM32CubeIDE/plugins/com.st.stm32cube.ide.mcu.externaltools.gnu-tools-for-stm32.13.3.rel1.win32_1.0.0.202411081344/tools/bin/../lib/gcc/arm-none-eabi/13.3.1/../../../../arm-none-eabi/lib/thumb/v7e-m+fp/hard\libc_nano.a(libc_a-fstatr.o)
                0x08011b38                _fstat_r
 .text._isatty_r
                0x08011b5c       0x20 C:/ST/STM32CubeIDE_1.19.0/STM32CubeIDE/plugins/com.st.stm32cube.ide.mcu.externaltools.gnu-tools-for-stm32.13.3.rel1.win32_1.0.0.202411081344/tools/bin/../lib/gcc/arm-none-eabi/13.3.1/../../../../arm-none-eabi/lib/thumb/v7e-m+fp/hard\libc_nano.a(libc_a-isattyr.o)
                0x08011b5c                _isatty_r
 *(.glue_7)
 .glue_7        0x08011b7c        0x0 linker stubs
 *(.glue_7t)
 .glue_7t       0x08011b7c        0x0 linker stubs
 *(.eh_frame)
 .eh_frame      0x08011b7c        0x0 C:/ST/STM32CubeIDE_1.19.0/STM32CubeIDE/plugins/com.st.stm32cube.ide.mcu.externaltools.gnu-tools-for-stm32.13.3.rel1.win32_1.0.0.202411081344/tools/bin/../lib/gcc/arm-none-eabi/13.3.1/thumb/v7e-m+fp/hard/crtbegin.o
 *(.init)
 .init          0x08011b7c        0x4 C:/ST/STM32CubeIDE_1.19.0/STM32CubeIDE/plugins/com.st.stm32cube.ide.mcu.externaltools.gnu-tools-for-stm32.13.3.rel1.win32_1.0.0.202411081344/tools/bin/../lib/gcc/arm-none-eabi/13.3.1/thumb/v7e-m+fp/hard/crti.o
                0x08011b7c                _init
 .init          0x08011b80        0x8 C:/ST/STM32CubeIDE_1.19.0/STM32CubeIDE/plugins/com.st.stm32cube.ide.mcu.externaltools.gnu-tools-for-stm32.13.3.rel1.win32_1.0.0.202411081344/tools/bin/../lib/gcc/arm-none-eabi/13.3.1/thumb/v7e-m+fp/hard/crtn.o
 *(.fini)
 .fini          0x08011b88        0x4 C:/ST/STM32CubeIDE_1.19.0/STM32CubeIDE/plugins/com.st.stm32cube.ide.mcu.externaltools.gnu-tools-for-stm32.13.3.rel1.win32_1.0.0.202411081344/tools/bin/../lib/gcc/arm-none-eabi/13.3.1/thumb/v7e-m+fp/hard/crti.o
                0x08011b88                _fini
 .fini          0x08011b8c        0x8 C:/ST/STM32CubeIDE_1.19.0/STM32CubeIDE/plugins/com.st.stm32cube.ide.mcu.externaltools.gnu-tools-for-stm32.13.3.rel1.win32_1.0.0.202411081344/tools/bin/../lib/gcc/arm-none-eabi/13.3.1/thumb/v7e-m+fp/hard/crtn.o
                0x08011b94                        . = ALIGN (0x4)
                0x08011b94                        _etext = .

.vfp11_veneer   0x08011b94        0x0
 .vfp11_veneer  0x08011b94        0x0 linker stubs

.v4_bx          0x08011b94        0x0
 .v4_bx         0x08011b94        0x0 linker stubs

.iplt           0x08011b94        0x0