Archive member included to satisfy reference by file (symbol)

C:/ST/STM32CubeIDE_1.19.0/STM32CubeIDE/plugins/com.st.stm32cube.ide.mcu.externaltools.gnu-tools-for-stm32.13.3.rel1.win32_1.0.0.202411081344/tools/bin/../lib/gcc/arm-none-eabi/13.3.1/../../../../arm-none-eabi/lib/thumb/v7e-m+fp/hard\libc_nano.a(libc_a-exit.o)
                              C:/ST/STM32CubeIDE_1.19.0/STM32CubeIDE/plugins/com.st.stm32cube.ide.mcu.externaltools.gnu-tools-for-stm32.13.3.rel1.win32_1.0.0.202411081344/tools/bin/../lib/gcc/arm-none-eabi/13.3.1/../../../../arm-none-eabi/lib/thumb/v7e-m+fp/hard/crt0.o (exit)
C:/ST/STM32CubeIDE_1.19.0/STM32CubeIDE/plugins/com.st.stm32cube.ide.mcu.externaltools.gnu-tools-for-stm32.13.3.rel1.win32_1.0.0.202411081344/tools/bin/../lib/gcc/arm-none-eabi/13.3.1/../../../../arm-none-eabi/lib/thumb/v7e-m+fp/hard\libc_nano.a(libc_a-rand.o)
                              ./Core/Src/main.o (rand)
C:/ST/STM32CubeIDE_1.19.0/STM32CubeIDE/plugins/com.st.stm32cube.ide.mcu.externaltools.gnu-tools-for-stm32.13.3.rel1.win32_1.0.0.202411081344/tools/bin/../lib/gcc/arm-none-eabi/13.3.1/../../../../arm-none-eabi/lib/thumb/v7e-m+fp/hard\libc_nano.a(libc_a-findfp.o)
                              C:/ST/STM32CubeIDE_1.19.0/STM32CubeIDE/plugins/com.st.stm32cube.ide.mcu.externaltools.gnu-tools-for-stm32.13.3.rel1.win32_1.0.0.202411081344/tools/bin/../lib/gcc/arm-none-eabi/13.3.1/../../../../arm-none-eabi/lib/thumb/v7e-m+fp/hard\libc_nano.a(libc_a-exit.o) (__stdio_exit_handler)
C:/ST/STM32CubeIDE_1.19.0/STM32CubeIDE/plugins/com.st.stm32cube.ide.mcu.externaltools.gnu-tools-for-stm32.13.3.rel1.win32_1.0.0.202411081344/tools/bin/../lib/gcc/arm-none-eabi/13.3.1/../../../../arm-none-eabi/lib/thumb/v7e-m+fp/hard\libc_nano.a(libc_a-fwalk.o)
                              C:/ST/STM32CubeIDE_1.19.0/STM32CubeIDE/plugins/com.st.stm32cube.ide.mcu.externaltools.gnu-tools-for-stm32.13.3.rel1.win32_1.0.0.202411081344/tools/bin/../lib/gcc/arm-none-eabi/13.3.1/../../../../arm-none-eabi/lib/thumb/v7e-m+fp/hard\libc_nano.a(libc_a-findfp.o) (_fwalk_sglue)
C:/ST/STM32CubeIDE_1.19.0/STM32CubeIDE/plugins/com.st.stm32cube.ide.mcu.externaltools.gnu-tools-for-stm32.13.3.rel1.win32_1.0.0.202411081344/tools/bin/../lib/gcc/arm-none-eabi/13.3.1/../../../../arm-none-eabi/lib/thumb/v7e-m+fp/hard\libc_nano.a(libc_a-sprintf.o)
                              ./Core/Src/ds3231.o (sprintf)
C:/ST/STM32CubeIDE_1.19.0/STM32CubeIDE/plugins/com.st.stm32cube.ide.mcu.externaltools.gnu-tools-for-stm32.13.3.rel1.win32_1.0.0.202411081344/tools/bin/../lib/gcc/arm-none-eabi/13.3.1/../../../../arm-none-eabi/lib/thumb/v7e-m+fp/hard\libc_nano.a(libc_a-stdio.o)
                              C:/ST/STM32CubeIDE_1.19.0/STM32CubeIDE/plugins/com.st.stm32cube.ide.mcu.externaltools.gnu-tools-for-stm32.13.3.rel1.win32_1.0.0.202411081344/tools/bin/../lib/gcc/arm-none-eabi/13.3.1/../../../../arm-none-eabi/lib/thumb/v7e-m+fp/hard\libc_nano.a(libc_a-findfp.o) (__sread)
C:/ST/STM32CubeIDE_1.19.0/STM32CubeIDE/plugins/com.st.stm32cube.ide.mcu.externaltools.gnu-tools-for-stm32.13.3.rel1.win32_1.0.0.202411081344/tools/bin/../lib/gcc/arm-none-eabi/13.3.1/../../../../arm-none-eabi/lib/thumb/v7e-m+fp/hard\libc_nano.a(libc_a-memset.o)
                              C:/ST/STM32CubeIDE_1.19.0/STM32CubeIDE/plugins/com.st.stm32cube.ide.mcu.externaltools.gnu-tools-for-stm32.13.3.rel1.win32_1.0.0.202411081344/tools/bin/../lib/gcc/arm-none-eabi/13.3.1/../../../../arm-none-eabi/lib/thumb/v7e-m+fp/hard/crt0.o (memset)
C:/ST/STM32CubeIDE_1.19.0/STM32CubeIDE/plugins/com.st.stm32cube.ide.mcu.externaltools.gnu-tools-for-stm32.13.3.rel1.win32_1.0.0.202411081344/tools/bin/../lib/gcc/arm-none-eabi/13.3.1/../../../../arm-none-eabi/lib/thumb/v7e-m+fp/hard\libc_nano.a(libc_a-closer.o)
                              C:/ST/STM32CubeIDE_1.19.0/STM32CubeIDE/plugins/com.st.stm32cube.ide.mcu.externaltools.gnu-tools-for-stm32.13.3.rel1.win32_1.0.0.202411081344/tools/bin/../lib/gcc/arm-none-eabi/13.3.1/../../../../arm-none-eabi/lib/thumb/v7e-m+fp/hard\libc_nano.a(libc_a-stdio.o) (_close_r)
C:/ST/STM32CubeIDE_1.19.0/STM32CubeIDE/plugins/com.st.stm32cube.ide.mcu.externaltools.gnu-tools-for-stm32.13.3.rel1.win32_1.0.0.202411081344/tools/bin/../lib/gcc/arm-none-eabi/13.3.1/../../../../arm-none-eabi/lib/thumb/v7e-m+fp/hard\libc_nano.a(libc_a-reent.o)
                              C:/ST/STM32CubeIDE_1.19.0/STM32CubeIDE/plugins/com.st.stm32cube.ide.mcu.externaltools.gnu-tools-for-stm32.13.3.rel1.win32_1.0.0.202411081344/tools/bin/../lib/gcc/arm-none-eabi/13.3.1/../../../../arm-none-eabi/lib/thumb/v7e-m+fp/hard\libc_nano.a(libc_a-closer.o) (errno)
C:/ST/STM32CubeIDE_1.19.0/STM32CubeIDE/plugins/com.st.stm32cube.ide.mcu.externaltools.gnu-tools-for-stm32.13.3.rel1.win32_1.0.0.202411081344/tools/bin/../lib/gcc/arm-none-eabi/13.3.1/../../../../arm-none-eabi/lib/thumb/v7e-m+fp/hard\libc_nano.a(libc_a-impure.o)
[...]
Memory Configuration

Name             Origin             Length             Attributes
RAM              0x20000000         0x00010000         xrw
FLASH            0x08000000         0x00040000         xr
*default*        0x00000000         0xffffffff

Linker script and memory map

LOAD C:/ST/STM32CubeIDE_1.19.0/STM32CubeIDE/plugins/com.st.stm32cube.ide.mcu.externaltools.gnu-tools-for-stm32.13.3.rel1.win32_1.0.0.202411081344/tools/bin/../lib/gcc/arm-none-eabi/13.3.1/thumb/v7e-m+fp/hard/crti.o
LOAD C:/ST/STM32CubeIDE_1.19.0/STM32CubeIDE/plugins/com.st.stm32cube.ide.mcu.externaltools.gnu-tools-for-stm32.13.3.rel1.win32_1.0.0.202411081344/tools/bin/../lib/gcc/arm-none-eabi/13.3.1/thumb/v7e-m+fp/hard/crtbegin.o
LOAD C:/ST/STM32CubeIDE_1.19.0/STM32CubeIDE/plugins/com.st.stm32cube.ide.mcu.externaltools.gnu-tools-for-stm32.13.3.rel1.win32_1.0.0.202411081344/tools/bin/../lib/gcc/arm-none-eabi/13.3.1/../../../../arm-none-eabi/lib/thumb/v7e-m+fp/hard/crt0.o
LOAD ./Core/Src/74hc165.o
LOAD ./Core/Src/TM1637.o
LOAD ./Core/Src/ds3231.o
LOAD ./Core/Src/main.o
LOAD ./Core/Src/staging.o
LOAD ./Core/Src/stm32f4xx_hal_msp.o
LOAD ./Core/Src/stm32f4xx_it.o
LOAD ./Core/Src/syscalls.o
LOAD ./Core/Src/sysmem.o
LOAD ./Core/Src/system_stm32f4xx.o
LOAD ./Core/Src/w25q64.o
LOAD ./Core/Startup/startup_stm32f401ccux.o
LOAD ./Drivers/STM32F4xx_HAL_Driver/Src/stm32f4xx_hal.o
LOAD ./Drivers/STM32F4xx_HAL_Driver/Src/stm32f4xx_hal_adc.o
LOAD ./Drivers/STM32F4xx_HAL_Driver/Src/stm32f4xx_hal_adc_ex.o
LOAD ./Drivers/STM32F4xx_HAL_Driver/Src/stm32f4xx_hal_cortex.o
LOAD ./Drivers/STM32F4xx_HAL_Driver/Src/stm32f4xx_hal_dma.o
LOAD ./Drivers/STM32F4xx_HAL_Driver/Src/stm32f4xx_hal_dma_ex.o
LOAD ./Drivers/STM32F4xx_HAL_Driver/Src/stm32f4xx_hal_exti.o
LOAD ./Drivers/STM32F4xx_HAL_Driver/Src/stm32f4xx_hal_flash.o
LOAD ./Drivers/STM32F4xx_HAL_Driver/Src/stm32f4xx_hal_flash_ex.o
LOAD ./Drivers/STM32F4xx_HAL_Driver/Src/stm32f4xx_hal_flash_ramfunc.o
LOAD ./Drivers/STM32F4xx_HAL_Driver/Src/stm32f4xx_hal_gpio.o
LOAD ./Drivers/STM32F4xx_HAL_Driver/Src/stm32f4xx_hal_i2c.o
LOAD ./Drivers/STM32F4xx_HAL_Driver/Src/stm32f4xx_hal_i2c_ex.o
LOAD ./Drivers/STM32F4xx_HAL_Driver/Src/stm32f4xx_hal_pcd.o
LOAD ./Drivers/STM32F4xx_HAL_Driver/Src/stm32f4xx_hal_pcd_ex.o
LOAD ./Drivers/STM32F4xx_HAL_Driver/Src/stm32f4xx_hal_pwr.o
LOAD ./Drivers/STM32F4xx_HAL_Driver/Src/stm32f4xx_hal_pwr_ex.o
LOAD ./Drivers/STM32F4xx_HAL_Driver/Src/stm32f4xx_hal_rcc.o
LOAD ./Drivers/STM32F4xx_HAL_Driver/Src/stm32f4xx_hal_rcc_ex.o
LOAD ./Drivers/STM32F4xx_HAL_Driver/Src/stm32f4xx_hal_spi.o
LOAD ./Drivers/STM32F4xx_HAL_Driver/Src/stm32f4xx_hal_tim.o
LOAD ./Drivers/STM32F4xx_HAL_Driver/Src/stm32f4xx_hal_tim_ex.o
LOAD ./Drivers/STM32F4xx_HAL_Driver/Src/stm32f4xx_hal_uart.o
LOAD ./Drivers/STM32F4xx_HAL_Driver/Src/stm32f4xx_ll_adc.o
LOAD ./Drivers/STM32F4xx_HAL_Driver/Src/stm32f4xx_ll_usb.o
LOAD ./FATFS/App/fatfs.o
LOAD ./FATFS/Target/user_diskio.o
LOAD ./Middlewares/ST/STM32_USB_Device_Library/Class/MSC/Src/usbd_msc.o
LOAD ./Middlewares/ST/STM32_USB_Device_Library/Class/MSC/Src/usbd_msc_bot.o
LOAD ./Middlewares/ST/STM32_USB_Device_Library/Class/MSC/Src/usbd_msc_data.o
LOAD ./Middlewares/ST/STM32_USB_Device_Library/Class/MSC/Src/usbd_msc_scsi.o
LOAD ./Middlewares/ST/STM32_USB_Device_Library/Core/Src/usbd_core.o
LOAD ./Middlewares/ST/STM32_USB_Device_Library/Core/Src/usbd_ctlreq.o
LOAD ./Middlewares/ST/STM32_USB_Device_Library/Core/Src/usbd_ioreq.o
LOAD ./Middlewares/Third_Party/FatFs/src/diskio.o
LOAD ./Middlewares/Third_Party/FatFs/src/ff.o
LOAD ./Middlewares/Third_Party/FatFs/src/ff_gen_drv.o
LOAD ./Middlewares/Third_Party/FatFs/src/option/syscall.o
LOAD ./USB_DEVICE/App/usb_device.o
LOAD ./USB_DEVICE/App/usbd_desc.o
LOAD ./USB_DEVICE/App/usbd_storage_if.o
LOAD ./USB_DEVICE/Target/usbd_conf.o
START GROUP
LOAD C:/ST/STM32CubeIDE_1.19.0/STM32CubeIDE/plugins/com.st.stm32cube.ide.mcu.externaltools.gnu-tools-for-stm32.13.3.rel1.win32_1.0.0.202411081344/tools/bin/../lib/gcc/arm-none-eabi/13.3.1/../../../../arm-none-eabi/lib/thumb/v7e-m+fp/hard\libc_nano.a
LOAD C:/ST/STM32CubeIDE_1.19.0/STM32CubeIDE/plugins/com.st.stm32cube.ide.mcu.externaltools.gnu-tools-for-stm32.13.3.rel1.win32_1.0.0.202411081344/tools/bin/../lib/gcc/arm-none-eabi/13.3.1/../../../../arm-none-eabi/lib/thumb/v7e-m+fp/hard\libm.a
END GROUP
START GROUP
LOAD C:/ST/STM32CubeIDE_1.19.0/STM32CubeIDE/plugins/com.st.stm32cube.ide.mcu.externaltools.gnu-tools-for-stm32.13.3.rel1.win32_1.0.0.202411081344/tools/bin/../lib/gcc/arm-none-eabi/13.3.1/thumb/v7e-m+fp/hard\libgcc.a
LOAD C:/ST/STM32CubeIDE_1.19.0/STM32CubeIDE/plugins/com.st.stm32cube.ide.mcu.externaltools.gnu-tools-for-stm32.13.3.rel1.win32_1.0.0.202411081344/tools/bin/../lib/gcc/arm-none-eabi/13.3.1/../../../../arm-none-eabi/lib/thumb/v7e-m+fp/hard\libc_nano.a
END GROUP
START GROUP
LOAD C:/ST/STM32CubeIDE_1.19.0/STM32CubeIDE/plugins/com.st.stm32cube.ide.mcu.externaltools.gnu-tools-for-stm32.13.3.rel1.win32_1.0.0.202411081344/tools/bin/../lib/gcc/arm-none-eabi/13.3.1/thumb/v7e-m+fp/hard\libgcc.a
LOAD C:/ST/STM32CubeIDE_1.19.0/STM32CubeIDE/plugins/com.st.stm32cube.ide.mcu.externaltools.gnu-tools-for-stm32.13.3.rel1.win32_1.0.0.202411081344/tools/bin/../lib/gcc/arm-none-eabi/13.3.1/../../../../arm-none-eabi/lib/thumb/v7e-m+fp/hard\libc_nano.a
LOAD C:/ST/STM32CubeIDE_1.19.0/STM32CubeIDE/plugins/com.st.stm32cube.ide.mcu.externaltools.gnu-tools-for-stm32.13.3.rel1.win32_1.0.0.202411081344/tools/bin/../lib/gcc/arm-none-eabi/13.3.1/../../../../arm-none-eabi/lib/thumb/v7e-m+fp/hard\libnosys.a
END GROUP
START GROUP
LOAD C:/ST/STM32CubeIDE_1.19.0/STM32CubeIDE/plugins/com.st.stm32cube.ide.mcu.externaltools.gnu-tools-for-stm32.13.3.rel1.win32_1.0.0.202411081344/tools/bin/../lib/gcc/arm-none-eabi/13.3.1/thumb/v7e-m+fp/hard\libgcc.a
LOAD C:/ST/STM32CubeIDE_1.19.0/STM32CubeIDE/plugins/com.st.stm32cube.ide.mcu.externaltools.gnu-tools-for-stm32.13.3.rel1.win32_1.0.0.202411081344/tools/bin/../lib/gcc/arm-none-eabi/13.3.1/../../../../arm-none-eabi/lib/thumb/v7e-m+fp/hard\libc_nano.a
LOAD C:/ST/STM32CubeIDE_1.19.0/STM32CubeIDE/plugins/com.st.stm32cube.ide.mcu.externaltools.gnu-tools-for-stm32.13.3.rel1.win32_1.0.0.202411081344/tools/bin/../lib/gcc/arm-none-eabi/13.3.1/../../../../arm-none-eabi/lib/thumb/v7e-m+fp/hard\libnosys.a
END GROUP
LOAD C:/ST/STM32CubeIDE_1.19.0/STM32CubeIDE/plugins/com.st.stm32cube.ide.mcu.externaltools.gnu-tools-for-stm32.13.3.rel1.win32_1.0.0.202411081344/tools/bin/../lib/gcc/arm-none-eabi/13.3.1/thumb/v7e-m+fp/hard/crtend.o
LOAD C:/ST/STM32CubeIDE_1.19.0/STM32CubeIDE/plugins/com.st.stm32cube.ide.mcu.externaltools.gnu-tools-for-stm32.13.3.rel1.win32_1.0.0.202411081344/tools/bin/../lib/gcc/arm-none-eabi/13.3.1/thumb/v7e-m+fp/hard/crtn.o
                0x20010000                        _estack = (ORIGIN (RAM) + LENGTH (RAM))
                0x00000200                        _Min_Heap_Size = 0x200
                0x00000400                        _Min_Stack_Size = 0x400

.isr_vector     0x08000000      0x194
                0x08000000                        . = ALIGN (0x4)
 *(.isr_vector)
 .isr_vector    0x08000000      0x194 ./Core/Startup/startup_stm32f401ccux.o
                0x08000000                g_pfnVectors
                0x08000194                        . = ALIGN (0x4)

.text           0x080001a0    0x132e4
                0x080001a0                        . = ALIGN (0x4)
 *(.text)
 .text          0x080001a0       0x40 C:/ST/STM32CubeIDE_1.19.0/STM32CubeIDE/plugins/com.st.stm32cube.ide.mcu.externaltools.gnu-tools-for-stm32.13.3.rel1.win32_1.0.0.202411081344/tools/bin/../lib/gcc/arm-none-eabi/13.3.1/thumb/v7e-m+fp/hard/crtbegin.o
 .text          0x080001e0       0x10 C:/ST/STM32CubeIDE_1.19.0/STM32CubeIDE/plugins/com.st.stm32cube.ide.mcu.externaltools.gnu-tools-for-stm32.13.3.rel1.win32_1.0.0.202411081344/tools/bin/../lib/gcc/arm-none-eabi/13.3.1/../../../../arm-none-eabi/lib/thumb/v7e-m+fp/hard\libc_nano.a(libc_a-strlen.o)
                0x080001e0                strlen
 .text          0x080001f0       0xa0 C:/ST/STM32CubeIDE_1.19.0/STM32CubeIDE/plugins/com.st.stm32cube.ide.mcu.externaltools.gnu-tools-for-stm32.13.3.rel1.win32_1.0.0.202411081344/tools/bin/../lib/gcc/arm-none-eabi/13.3.1/../../../../arm-none-eabi/lib/thumb/v7e-m+fp/hard\libc_nano.a(libc_a-memchr.o)
                0x080001f0                memchr
 .text          0x08000290       0x30 C:/ST/STM32CubeIDE_1.19.0/STM32CubeIDE/plugins/com.st.stm32cube.ide.mcu.externaltools.gnu-tools-for-stm32.13.3.rel1.win32_1.0.0.202411081344/tools/bin/../lib/gcc/arm-none-eabi/13.3.1/thumb/v7e-m+fp/hard\libgcc.a(_aeabi_uldivmod.o)
                0x08000290                __aeabi_uldivmod
 .text          0x080002c0      0x2f8 C:/ST/STM32CubeIDE_1.19.0/STM32CubeIDE/plugins/com.st.stm32cube.ide.mcu.externaltools.gnu-tools-for-stm32.13.3.rel1.win32_1.0.0.202411081344/tools/bin/../lib/gcc/arm-none-eabi/13.3.1/thumb/v7e-m+fp/hard\libgcc.a(_udivmoddi4.o)
                0x080002c0                __udivmoddi4
 .text          0x080005b8        0x4 C:/ST/STM32CubeIDE_1.19.0/STM32CubeIDE/plugins/com.st.stm32cube.ide.mcu.externaltools.gnu-tools-for-stm32.13.3.rel1.win32_1.0.0.202411081344/tools/bin/../lib/gcc/arm-none-eabi/13.3.1/thumb/v7e-m+fp/hard\libgcc.a(_dvmd_tls.o)
                0x080005b8                __aeabi_idiv0
                0x080005b8                __aeabi_ldiv0
 *(.text*)
 .text.HC165_SetPins
                0x080005bc       0x5c ./Core/Src/74hc165.o
                0x080005bc                HC165_SetPins
 .text.HC165_Delay
                0x08000618       0x28 ./Core/Src/74hc165.o
 .text.HC165_Latch
                0x08000640       0x38 ./Core/Src/74hc165.o
 .text.HC165_PulseClock
                0x08000678       0x38 ./Core/Src/74hc165.o
 .text.HC165_Read
                0x080006b0       0x88 ./Core/Src/74hc165.o
                0x080006b0                HC165_Read
 .text.HC165_Unpack
                0x08000738       0x6a ./Core/Src/74hc165.o
                0x08000738                HC165_Unpack
 .text.TM1637_Delay
                0x080007a2       0x28 ./Core/Src/TM1637.o
 .text.TM1637_Start
                0x080007ca       0x58 ./Core/Src/TM1637.o
 .text.TM1637_Stop
                0x08000822       0x58 ./Core/Src/TM1637.o
 .text.TM1637_WriteByte
                0x0800087a       0xa8 ./Core/Src/TM1637.o
 *fill*         0x08000922        0x2 
 .text.TM1637_SetBrightness
                0x08000924       0xa8 ./Core/Src/TM1637.o
                0x08000924                TM1637_SetBrightness
 .text.TM1637_DisplayNumber
                0x080009cc      0x190 ./Core/Src/TM1637.o
                0x080009cc                TM1637_DisplayNumber
 .text.bcd_to_dec
                0x08000b5c       0x32 ./Core/Src/ds3231.o
 *fill*         0x08000b8e        0x2 
 .text.DS3231_Init
                0x08000b90       0x34 ./Core/Src/ds3231.o
                0x08000b90                DS3231_Init
 .text.DS3231_ReadByte
                0x08000bc4       0x3c ./Core/Src/ds3231.o
                0x08000bc4                DS3231_ReadByte
 .text.DS3231_ReadTime
                0x08000c00       0xcc ./Core/Src/ds3231.o
                0x08000c00                DS3231_ReadTime
 .text.Display_ShowNumber
                0x08000ccc       0x60 ./Core/Src/main.o
 .text.Display_SetBrightness
                0x08000d2c       0x5c ./Core/Src/main.o
 .text.MountFS  0x08000d88       0xc4 ./Core/Src/main.o
 .text.UnmountFS
                0x08000e4c       0x34 ./Core/Src/main.o
 .text.VerifyBootSector
                0x08000e80       0x80 ./Core/Src/main.o
 .text.FormatFS
                0x08000f00      0x788 ./Core/Src/main.o
 .text.CheckAndFormatIfMismatch
                0x08001688       0xc0 ./Core/Src/main.o
 .text.WriteCSVHeader
                0x08001748       0xe0 ./Core/Src/main.o
 .text.AppendCSVLine
                0x08001828       0x94 ./Core/Src/main.o
 .text.Log_Init
                0x080018bc       0x24 ./Core/Src/main.o
 .text.Log_AddEvent
                0x080018e0       0x9c ./Core/Src/main.o
 .text.Log_FlushToCSV
                0x0800197c       0x74 ./Core/Src/main.o
 .text.Log_StageEvents
                0x080019f0       0xd0 ./Core/Src/main.o
 .text.Log_ReadCSV
                0x08001ac0       0xa8 ./Core/Src/main.o
 .text.main     0x08001b68      0x6f0 ./Core/Src/main.o
                0x08001b68                main
 .text.SystemClock_Config
                0x08002258       0xd8 ./Core/Src/main.o
                0x08002258                SystemClock_Config
 .text.MX_ADC1_Init
                0x08002330       0xa4 ./Core/Src/main.o
 .text.MX_I2C1_Init
                0x080023d4       0x5c ./Core/Src/main.o
 .text.MX_SPI1_Init
                0x08002430       0x6c ./Core/Src/main.o
 .text.MX_TIM4_Init
                0x0800249c       0xa8 ./Core/Src/main.o
 .text.MX_TIM5_Init
                0x08002544       0xb4 ./Core/Src/main.o
 .text.MX_USART1_UART_Init
                0x080025f8       0x54 ./Core/Src/main.o
 .text.MX_GPIO_Init
                0x0800264c      0x150 ./Core/Src/main.o
 .text.UART_Print
                0x0800279c       0x2c ./Core/Src/main.o
                0x0800279c                UART_Print
 .text.HAL_TIM_IC_CaptureCallback
                0x080027c8       0xa0 ./Core/Src/main.o
                0x080027c8                HAL_TIM_IC_CaptureCallback
 .text.HAL_TIM_PeriodElapsedCallback
                0x08002868       0x30 ./Core/Src/main.o
                0x08002868                HAL_TIM_PeriodElapsedCallback
 .text.Error_Handler
                0x08002898        0xc ./Core/Src/main.o
                0x08002898                Error_Handler
 .text.simple_crc
                0x080028a4       0x40 ./Core/Src/staging.o
 .text.staging_init
                0x080028e4      0x16c ./Core/Src/staging.o
                0x080028e4                staging_init
 .text.staging_write_sector
                0x08002a50       0x58 ./Core/Src/staging.o
 .text.staging_append
                0x08002aa8      0x278 ./Core/Src/staging.o
                0x08002aa8                staging_append
 .text.staging_has_entries
                0x08002d20       0x20 ./Core/Src/staging.o
                0x08002d20                staging_has_entries
 .text.staging_commit
                0x08002d40      0x2cc ./Core/Src/staging.o
                0x08002d40                staging_commit
 .text.HAL_MspInit
                0x0800300c       0x50 ./Core/Src/stm32f4xx_hal_msp.o
                0x0800300c                HAL_MspInit
 .text.HAL_ADC_MspInit
                0x0800305c       0x88 ./Core/Src/stm32f4xx_hal_msp.o
                0x0800305c                HAL_ADC_MspInit
 .text.HAL_I2C_MspInit
                0x080030e4       0x90 ./Core/Src/stm32f4xx_hal_msp.o
                0x080030e4                HAL_I2C_MspInit
 .text.HAL_SPI_MspInit
                0x08003174       0x90 ./Core/Src/stm32f4xx_hal_msp.o
                0x08003174                HAL_SPI_MspInit
 .text.HAL_TIM_IC_MspInit
                0x08003204       0xa0 ./Core/Src/stm32f4xx_hal_msp.o
                0x08003204                HAL_TIM_IC_MspInit
 .text.HAL_TIM_PWM_MspInit
                0x080032a4       0x44 ./Core/Src/stm32f4xx_hal_msp.o
                0x080032a4                HAL_TIM_PWM_MspInit
 .text.HAL_TIM_MspPostInit
                0x080032e8       0x74 ./Core/Src/stm32f4xx_hal_msp.o
                0x080032e8                HAL_TIM_MspPostInit
 .text.HAL_UART_MspInit
                0x0800335c       0x90 ./Core/Src/stm32f4xx_hal_msp.o
                0x0800335c                HAL_UART_MspInit
 .text.NMI_Handler
                0x080033ec        0x8 ./Core/Src/stm32f4xx_it.o
                0x080033ec                NMI_Handler
 .text.HardFault_Handler
                0x080033f4        0x8 ./Core/Src/stm32f4xx_it.o
                0x080033f4                HardFault_Handler
 .text.MemManage_Handler
                0x080033fc        0x8 ./Core/Src/stm32f4xx_it.o
                0x080033fc                MemManage_Handler
 .text.BusFault_Handler
                0x08003404        0x8 ./Core/Src/stm32f4xx_it.o
                0x08003404                BusFault_Handler
 .text.UsageFault_Handler
                0x0800340c        0x8 ./Core/Src/stm32f4xx_it.o
                0x0800340c                UsageFault_Handler
 .text.SVC_Handler
                0x08003414        0xe ./Core/Src/stm32f4xx_it.o
                0x08003414                SVC_Handler
 .text.DebugMon_Handler
                0x08003422        0xe ./Core/Src/stm32f4xx_it.o
                0x08003422                DebugMon_Handler
 .text.PendSV_Handler
                0x08003430        0xe ./Core/Src/stm32f4xx_it.o
                0x08003430                PendSV_Handler
 .text.SysTick_Handler
                0x0800343e        0xc ./Core/Src/stm32f4xx_it.o
                0x0800343e                SysTick_Handler
 *fill*         0x0800344a        0x2 
 .text.TIM4_IRQHandler
                0x0800344c       0x14 ./Core/Src/stm32f4xx_it.o
                0x0800344c                TIM4_IRQHandler
 .text.OTG_FS_IRQHandler
                0x08003460       0x14 ./Core/Src/stm32f4xx_it.o
                0x08003460                OTG_FS_IRQHandler
 .text._getpid  0x08003474       0x10 ./Core/Src/syscalls.o
                0x08003474                _getpid
 .text._kill    0x08003484       0x20 ./Core/Src/syscalls.o
                0x08003484                _kill
 .text._exit    0x080034a4       0x16 ./Core/Src/syscalls.o
                0x080034a4                _exit
 .text._read    0x080034ba       0x3a ./Core/Src/syscalls.o
                0x080034ba                _read
 .text._write   0x080034f4       0x38 ./Core/Src/syscalls.o
                0x080034f4                _write
 .text._close   0x0800352c       0x18 ./Core/Src/syscalls.o
                0x0800352c                _close
 .text._fstat   0x08003544       0x20 ./Core/Src/syscalls.o
                0x08003544                _fstat
 .text._isatty  0x08003564       0x16 ./Core/Src/syscalls.o
                0x08003564                _isatty
 .text._lseek   0x0800357a       0x1a ./Core/Src/syscalls.o
                0x0800357a                _lseek
 .text._sbrk    0x08003594       0x6c ./Core/Src/sysmem.o
                0x08003594                _sbrk
 .text.SystemInit
                0x08003600       0x24 ./Core/Src/system_stm32f4xx.o
                0x08003600                SystemInit
 .text.W25Q_CS_Low
                0x08003624       0x18 ./Core/Src/w25q64.o
 .text.W25Q_CS_High
                0x0800363c       0x18 ./Core/Src/w25q64.o
 .text.W25Q_SPI_Transceive
                0x08003654       0x30 ./Core/Src/w25q64.o
 .text.W25Q64_Init
                0x08003684       0x12 ./Core/Src/w25q64.o
                0x08003684                W25Q64_Init
 .text.W25Q64_ReadID
                0x08003696       0x50 ./Core/Src/w25q64.o
                0x08003696                W25Q64_ReadID
 .text.W25Q64_ReadStatusRegister1
                0x080036e6       0x28 ./Core/Src/w25q64.o
                0x080036e6                W25Q64_ReadStatusRegister1
 .text.W25Q64_WriteStatusRegister1
                0x0800370e       0x30 ./Core/Src/w25q64.o
                0x0800370e                W25Q64_WriteStatusRegister1
 .text.W25Q64_WriteEnable
                0x0800373e       0x16 ./Core/Src/w25q64.o
                0x0800373e                W25Q64_WriteEnable
 .text.W25Q64_WaitBusy
                0x08003754       0x1a ./Core/Src/w25q64.o
                0x08003754                W25Q64_WaitBusy
 .text.W25Q64_SectorErase
                0x0800376e       0x48 ./Core/Src/w25q64.o
                0x0800376e                W25Q64_SectorErase
 .text.W25Q64_ChipErase
                0x080037b6       0x1e ./Core/Src/w25q64.o
                0x080037b6                W25Q64_ChipErase
 .text.W25Q64_ReadData
                0x080037d4       0x68 ./Core/Src/w25q64.o
                0x080037d4                W25Q64_ReadData
 .text.W25Q64_PageProgram
                0x0800383c       0x7c ./Core/Src/w25q64.o
                0x0800383c                W25Q64_PageProgram
 .text.Reset_Handler
                0x080038b8       0x50 ./Core/Startup/startup_stm32f401ccux.o
                0x080038b8                Reset_Handler
 .text.Default_Handler
                0x08003908        0x2 ./Core/Startup/startup_stm32f401ccux.o
                0x08003908                RTC_Alarm_IRQHandler
                0x08003908                EXTI2_IRQHandler
                0x08003908                SPI4_IRQHandler
                0x08003908                TIM1_CC_IRQHandler
                0x08003908                DMA2_Stream5_IRQHandler
                0x08003908                DMA1_Stream5_IRQHandler
                0x08003908                PVD_IRQHandler
                0x08003908                SDIO_IRQHandler
                0x08003908                TAMP_STAMP_IRQHandler
                0x08003908                EXTI3_IRQHandler
                0x08003908                TIM1_UP_TIM10_IRQHandler
                0x08003908                I2C3_ER_IRQHandler
                0x08003908                EXTI0_IRQHandler
                0x08003908                I2C2_EV_IRQHandler
                0x08003908                DMA1_Stream2_IRQHandler
                0x08003908                FPU_IRQHandler
                0x08003908                DMA2_Stream2_IRQHandler
                0x08003908                SPI1_IRQHandler
                0x08003908                TIM1_BRK_TIM9_IRQHandler
                0x08003908                DMA2_Stream3_IRQHandler
                0x08003908                USART6_IRQHandler
                0x08003908                DMA2_Stream0_IRQHandler
                0x08003908                I2C1_EV_IRQHandler
                0x08003908                DMA1_Stream6_IRQHandler
                0x08003908                DMA1_Stream1_IRQHandler
                0x08003908                TIM3_IRQHandler
                0x08003908                RCC_IRQHandler
                0x08003908                Default_Handler
                0x08003908                EXTI15_10_IRQHandler
                0x08003908                ADC_IRQHandler
                0x08003908                DMA1_Stream7_IRQHandler
                0x08003908                TIM5_IRQHandler
                0x08003908                DMA2_Stream7_IRQHandler
                0x08003908                I2C3_EV_IRQHandler
                0x08003908                EXTI9_5_IRQHandler
                0x08003908                RTC_WKUP_IRQHandler
                0x08003908                SPI2_IRQHandler
                0x08003908                DMA1_Stream0_IRQHandler
                0x08003908                EXTI4_IRQHandler
                0x08003908                WWDG_IRQHandler
                0x08003908                TIM2_IRQHandler
                0x08003908                OTG_FS_WKUP_IRQHandler
                0x08003908                TIM1_TRG_COM_TIM11_IRQHandler
                0x08003908                EXTI1_IRQHandler
                0x08003908                USART2_IRQHandler
                0x08003908                I2C2_ER_IRQHandler
                0x08003908                DMA2_Stream1_IRQHandler
                0x08003908                FLASH_IRQHandler
                0x08003908                DMA2_Stream4_IRQHandler
                0x08003908                USART1_IRQHandler
                0x08003908                SPI3_IRQHandler
                0x08003908                DMA1_Stream4_IRQHandler
                0x08003908                I2C1_ER_IRQHandler
                0x08003908                DMA2_Stream6_IRQHandler
                0x08003908                DMA1_Stream3_IRQHandler
 *fill*         0x0800390a        0x2 
 .text.HAL_Init
                0x0800390c       0x44 ./Drivers/STM32F4xx_HAL_Driver/Src/stm32f4xx_hal.o
                0x0800390c                HAL_Init
 .text.HAL_InitTick
                0x08003950       0x60 ./Drivers/STM32F4xx_HAL_Driver/Src/stm32f4xx_hal.o
                0x08003950                HAL_InitTick
 .text.HAL_IncTick
                0x080039b0       0x28 ./Drivers/STM32F4xx_HAL_Driver/Src/stm32f4xx_hal.o
                0x080039b0                HAL_IncTick
 .text.HAL_GetTick
                0x080039d8       0x18 ./Drivers/STM32F4xx_HAL_Driver/Src/stm32f4xx_hal.o
                0x080039d8                HAL_GetTick
 .text.HAL_Delay
                0x080039f0       0x48 ./Drivers/STM32F4xx_HAL_Driver/Src/stm32f4xx_hal.o
                0x080039f0                HAL_Delay
 .text.HAL_ADC_Init
                0x08003a38       0x86 ./Drivers/STM32F4xx_HAL_Driver/Src/stm32f4xx_hal_adc.o
                0x08003a38                HAL_ADC_Init
 *fill*         0x08003abe        0x2 
 .text.HAL_ADC_Start
                0x08003ac0      0x168 ./Drivers/STM32F4xx_HAL_Driver/Src/stm32f4xx_hal_adc.o
                0x08003ac0                HAL_ADC_Start
 .text.HAL_ADC_PollForConversion
                0x08003c28      0x116 ./Drivers/STM32F4xx_HAL_Driver/Src/stm32f4xx_hal_adc.o
                0x08003c28                HAL_ADC_PollForConversion
 .text.HAL_ADC_GetValue
                0x08003d3e       0x1a ./Drivers/STM32F4xx_HAL_Driver/Src/stm32f4xx_hal_adc.o
                0x08003d3e                HAL_ADC_GetValue
 .text.HAL_ADC_ConfigChannel
                0x08003d58      0x244 ./Drivers/STM32F4xx_HAL_Driver/Src/stm32f4xx_hal_adc.o
                0x08003d58                HAL_ADC_ConfigChannel
 .text.ADC_Init
                0x08003f9c      0x1f8 ./Drivers/STM32F4xx_HAL_Driver/Src/stm32f4xx_hal_adc.o
 .text.__NVIC_SetPriorityGrouping
                0x08004194       0x48 ./Drivers/STM32F4xx_HAL_Driver/Src/stm32f4xx_hal_cortex.o
 .text.__NVIC_GetPriorityGrouping
                0x080041dc       0x1c ./Drivers/STM32F4xx_HAL_Driver/Src/stm32f4xx_hal_cortex.o
 .text.__NVIC_EnableIRQ
                0x080041f8       0x3c ./Drivers/STM32F4xx_HAL_Driver/Src/stm32f4xx_hal_cortex.o
 .text.__NVIC_SetPriority
                0x08004234       0x54 ./Drivers/STM32F4xx_HAL_Driver/Src/stm32f4xx_hal_cortex.o
 .text.NVIC_EncodePriority
                0x08004288       0x66 ./Drivers/STM32F4xx_HAL_Driver/Src/stm32f4xx_hal_cortex.o
 *fill*         0x080042ee        0x2 
 .text.SysTick_Config
                0x080042f0       0x44 ./Drivers/STM32F4xx_HAL_Driver/Src/stm32f4xx_hal_cortex.o
 .text.HAL_NVIC_SetPriorityGrouping
                0x08004334       0x16 ./Drivers/STM32F4xx_HAL_Driver/Src/stm32f4xx_hal_cortex.o
                0x08004334                HAL_NVIC_SetPriorityGrouping
 .text.HAL_NVIC_SetPriority
                0x0800434a       0x38 ./Drivers/STM32F4xx_HAL_Driver/Src/stm32f4xx_hal_cortex.o
                0x0800434a                HAL_NVIC_SetPriority
 .text.HAL_NVIC_EnableIRQ
                0x08004382       0x1c ./Drivers/STM32F4xx_HAL_Driver/Src/stm32f4xx_hal_cortex.o
                0x08004382                HAL_NVIC_EnableIRQ
 .text.HAL_SYSTICK_Config
                0x0800439e       0x18 ./Drivers/STM32F4xx_HAL_Driver/Src/stm32f4xx_hal_cortex.o
                0x0800439e                HAL_SYSTICK_Config
 *fill*         0x080043b6        0x2 
 .text.HAL_GPIO_Init
                0x080043b8      0x308 ./Drivers/STM32F4xx_HAL_Driver/Src/stm32f4xx_hal_gpio.o
                0x080043b8                HAL_GPIO_Init
 .text.HAL_GPIO_ReadPin
                0x080046c0       0x30 ./Drivers/STM32F4xx_HAL_Driver/Src/stm32f4xx_hal_gpio.o
                0x080046c0                HAL_GPIO_ReadPin
 .text.HAL_GPIO_WritePin
                0x080046f0       0x32 ./Drivers/STM32F4xx_HAL_Driver/Src/stm32f4xx_hal_gpio.o
                0x080046f0                HAL_GPIO_WritePin
 *fill*         0x08004722        0x2 
 .text.HAL_I2C_Init
                0x08004724      0x288 ./Drivers/STM32F4xx_HAL_Driver/Src/stm32f4xx_hal_i2c.o
                0x08004724                HAL_I2C_Init
 .text.HAL_I2C_Mem_Read
                0x080049ac      0x464 ./Drivers/STM32F4xx_HAL_Driver/Src/stm32f4xx_hal_i2c.o
                0x080049ac                HAL_I2C_Mem_Read
 .text.I2C_RequestMemoryRead
                0x08004e10      0x1d0 ./Drivers/STM32F4xx_HAL_Driver/Src/stm32f4xx_hal_i2c.o
 .text.I2C_WaitOnFlagUntilTimeout
                0x08004fe0       0xf4 ./Drivers/STM32F4xx_HAL_Driver/Src/stm32f4xx_hal_i2c.o
 .text.I2C_WaitOnMasterAddressFlagUntilTimeout
                0x080050d4      0x140 ./Drivers/STM32F4xx_HAL_Driver/Src/stm32f4xx_hal_i2c.o
 .text.I2C_WaitOnTXEFlagUntilTimeout
                0x08005214       0x90 ./Drivers/STM32F4xx_HAL_Driver/Src/stm32f4xx_hal_i2c.o
 .text.I2C_WaitOnRXNEFlagUntilTimeout
                0x080052a4       0xba ./Drivers/STM32F4xx_HAL_Driver/Src/stm32f4xx_hal_i2c.o
 .text.I2C_IsAcknowledgeFailed
                0x0800535e       0x5e ./Drivers/STM32F4xx_HAL_Driver/Src/stm32f4xx_hal_i2c.o
 .text.HAL_PCD_Init
                0x080053bc      0x21e ./Drivers/STM32F4xx_HAL_Driver/Src/stm32f4xx_hal_pcd.o
                0x080053bc                HAL_PCD_Init
 .text.HAL_PCD_Start
                0x080055da       0x6a ./Drivers/STM32F4xx_HAL_Driver/Src/stm32f4xx_hal_pcd.o
                0x080055da                HAL_PCD_Start
 .text.HAL_PCD_IRQHandler
                0x08005644      0x942 ./Drivers/STM32F4xx_HAL_Driver/Src/stm32f4xx_hal_pcd.o
                0x08005644                HAL_PCD_IRQHandler
 .text.HAL_PCD_SetAddress
                0x08005f86       0x48 ./Drivers/STM32F4xx_HAL_Driver/Src/stm32f4xx_hal_pcd.o
                0x08005f86                HAL_PCD_SetAddress
 .text.HAL_PCD_EP_Open
                0x08005fce       0xd4 ./Drivers/STM32F4xx_HAL_Driver/Src/stm32f4xx_hal_pcd.o
                0x08005fce                HAL_PCD_EP_Open
 .text.HAL_PCD_EP_Close
                0x080060a2       0x94 ./Drivers/STM32F4xx_HAL_Driver/Src/stm32f4xx_hal_pcd.o
                0x080060a2                HAL_PCD_EP_Close
 .text.HAL_PCD_EP_Receive
                0x08006136       0x76 ./Drivers/STM32F4xx_HAL_Driver/Src/stm32f4xx_hal_pcd.o
                0x08006136                HAL_PCD_EP_Receive
 .text.HAL_PCD_EP_GetRxCount
                0x080061ac       0x30 ./Drivers/STM32F4xx_HAL_Driver/Src/stm32f4xx_hal_pcd.o
                0x080061ac                HAL_PCD_EP_GetRxCount
 .text.HAL_PCD_EP_Transmit
                0x080061dc       0x74 ./Drivers/STM32F4xx_HAL_Driver/Src/stm32f4xx_hal_pcd.o
                0x080061dc                HAL_PCD_EP_Transmit
 .text.HAL_PCD_EP_SetStall
                0x08006250       0xc6 ./Drivers/STM32F4xx_HAL_Driver/Src/stm32f4xx_hal_pcd.o
                0x08006250                HAL_PCD_EP_SetStall
 .text.HAL_PCD_EP_ClrStall
                0x08006316       0xac ./Drivers/STM32F4xx_HAL_Driver/Src/stm32f4xx_hal_pcd.o
                0x08006316                HAL_PCD_EP_ClrStall
 .text.HAL_PCD_EP_Abort
                0x080063c2       0x62 ./Drivers/STM32F4xx_HAL_Driver/Src/stm32f4xx_hal_pcd.o
                0x080063c2                HAL_PCD_EP_Abort
 .text.HAL_PCD_EP_Flush
                0x08006424       0x5a ./Drivers/STM32F4xx_HAL_Driver/Src/stm32f4xx_hal_pcd.o
                0x08006424                HAL_PCD_EP_Flush
 .text.PCD_WriteEmptyTxFifo
                0x0800647e      0x118 ./Drivers/STM32F4xx_HAL_Driver/Src/stm32f4xx_hal_pcd.o
 *fill*         0x08006596        0x2 
 .text.PCD_EP_OutXfrComplete_int
                0x08006598      0x1d0 ./Drivers/STM32F4xx_HAL_Driver/Src/stm32f4xx_hal_pcd.o
 .text.PCD_EP_OutSetupPacket_int
                0x08006768       0x8c ./Drivers/STM32F4xx_HAL_Driver/Src/stm32f4xx_hal_pcd.o
 .text.HAL_PCDEx_SetTxFiFo
                0x080067f4       0x8e ./Drivers/STM32F4xx_HAL_Driver/Src/stm32f4xx_hal_pcd_ex.o
                0x080067f4                HAL_PCDEx_SetTxFiFo
 .text.HAL_PCDEx_SetRxFiFo
                0x08006882       0x22 ./Drivers/STM32F4xx_HAL_Driver/Src/stm32f4xx_hal_pcd_ex.o
                0x08006882                HAL_PCDEx_SetRxFiFo
 .text.HAL_PCDEx_LPM_Callback
                0x080068a4       0x18 ./Drivers/STM32F4xx_HAL_Driver/Src/stm32f4xx_hal_pcd_ex.o
                0x080068a4                HAL_PCDEx_LPM_Callback
 .text.HAL_RCC_OscConfig
                0x080068bc      0x4f0 ./Drivers/STM32F4xx_HAL_Driver/Src/stm32f4xx_hal_rcc.o
                0x080068bc                HAL_RCC_OscConfig
 .text.HAL_RCC_ClockConfig
                0x08006dac      0x1cc ./Drivers/STM32F4xx_HAL_Driver/Src/stm32f4xx_hal_rcc.o
                0x08006dac                HAL_RCC_ClockConfig
 .text.HAL_RCC_GetSysClockFreq
                0x08006f78      0x18c ./Drivers/STM32F4xx_HAL_Driver/Src/stm32f4xx_hal_rcc.o
                0x08006f78                HAL_RCC_GetSysClockFreq
 .text.HAL_RCC_GetHCLKFreq
                0x08007104       0x18 ./Drivers/STM32F4xx_HAL_Driver/Src/stm32f4xx_hal_rcc.o
                0x08007104                HAL_RCC_GetHCLKFreq
 .text.HAL_RCC_GetPCLK1Freq
                0x0800711c       0x28 ./Drivers/STM32F4xx_HAL_Driver/Src/stm32f4xx_hal_rcc.o
                0x0800711c                HAL_RCC_GetPCLK1Freq
 .text.HAL_RCC_GetPCLK2Freq
                0x08007144       0x28 ./Drivers/STM32F4xx_HAL_Driver/Src/stm32f4xx_hal_rcc.o
                0x08007144                HAL_RCC_GetPCLK2Freq
 .text.HAL_SPI_Init
                0x0800716c      0x112 ./Drivers/STM32F4xx_HAL_Driver/Src/stm32f4xx_hal_spi.o
                0x0800716c                HAL_SPI_Init
 .text.HAL_SPI_TransmitReceive
                0x0800727e      0x352 ./Drivers/STM32F4xx_HAL_Driver/Src/stm32f4xx_hal_spi.o
                0x0800727e                HAL_SPI_TransmitReceive
 .text.SPI_WaitFlagStateUntilTimeout
                0x080075d0      0x110 ./Drivers/STM32F4xx_HAL_Driver/Src/stm32f4xx_hal_spi.o
 .text.SPI_EndRxTxTransaction
                0x080076e0       0xa8 ./Drivers/STM32F4xx_HAL_Driver/Src/stm32f4xx_hal_spi.o
 .text.HAL_TIM_PWM_Init
                0x08007788       0x9e ./Drivers/STM32F4xx_HAL_Driver/Src/stm32f4xx_hal_tim.o
                0x08007788                HAL_TIM_PWM_Init
 *fill*         0x08007826        0x2 
 .text.HAL_TIM_PWM_Start
                0x08007828      0x160 ./Drivers/STM32F4xx_HAL_Driver/Src/stm32f4xx_hal_tim.o
                0x08007828                HAL_TIM_PWM_Start
 .text.HAL_TIM_IC_Init
                0x08007988       0x9e ./Drivers/STM32F4xx_HAL_Driver/Src/stm32f4xx_hal_tim.o
                0x08007988                HAL_TIM_IC_Init
 *fill*         0x08007a26        0x2 
 .text.HAL_TIM_IC_Start_IT
                0x08007a28      0x234 ./Drivers/STM32F4xx_HAL_Driver/Src/stm32f4xx_hal_tim.o
                0x08007a28                HAL_TIM_IC_Start_IT
 .text.HAL_TIM_IRQHandler
                0x08007c5c      0x1e0 ./Drivers/STM32F4xx_HAL_Driver/Src/stm32f4xx_hal_tim.o
                0x08007c5c                HAL_TIM_IRQHandler
 .text.HAL_TIM_IC_ConfigChannel
                0x08007e3c      0x138 ./Drivers/STM32F4xx_HAL_Driver/Src/stm32f4xx_hal_tim.o
                0x08007e3c                HAL_TIM_IC_ConfigChannel
 .text.HAL_TIM_PWM_ConfigChannel
                0x08007f74      0x184 ./Drivers/STM32F4xx_HAL_Driver/Src/stm32f4xx_hal_tim.o
                0x08007f74                HAL_TIM_PWM_ConfigChannel
 .text.HAL_TIM_ReadCapturedValue
                0x080080f8       0x88 ./Drivers/STM32F4xx_HAL_Driver/Src/stm32f4xx_hal_tim.o
                0x080080f8                HAL_TIM_ReadCapturedValue
 .text.HAL_TIM_OC_DelayElapsedCallback
                0x08008180       0x14 ./Drivers/STM32F4xx_HAL_Driver/Src/stm32f4xx_hal_tim.o
                0x08008180                HAL_TIM_OC_DelayElapsedCallback
 .text.HAL_TIM_PWM_PulseFinishedCallback
                0x08008194       0x14 ./Drivers/STM32F4xx_HAL_Driver/Src/stm32f4xx_hal_tim.o
                0x08008194                HAL_TIM_PWM_PulseFinishedCallback
 .text.HAL_TIM_TriggerCallback
                0x080081a8       0x14 ./Drivers/STM32F4xx_HAL_Driver/Src/stm32f4xx_hal_tim.o
                0x080081a8                HAL_TIM_TriggerCallback
 .text.TIM_Base_SetConfig
                0x080081bc      0x10c ./Drivers/STM32F4xx_HAL_Driver/Src/stm32f4xx_hal_tim.o
                0x080081bc                TIM_Base_SetConfig
 .text.TIM_OC1_SetConfig
                0x080082c8       0xcc ./Drivers/STM32F4xx_HAL_Driver/Src/stm32f4xx_hal_tim.o
 .text.TIM_OC2_SetConfig
                0x08008394       0xd8 ./Drivers/STM32F4xx_HAL_Driver/Src/stm32f4xx_hal_tim.o
                0x08008394                TIM_OC2_SetConfig
 .text.TIM_OC3_SetConfig
                0x0800846c       0xd4 ./Drivers/STM32F4xx_HAL_Driver/Src/stm32f4xx_hal_tim.o
 .text.TIM_OC4_SetConfig
                0x08008540       0xa0 ./Drivers/STM32F4xx_HAL_Driver/Src/stm32f4xx_hal_tim.o
 .text.TIM_TI1_SetConfig
                0x080085e0       0xd0 ./Drivers/STM32F4xx_HAL_Driver/Src/stm32f4xx_hal_tim.o
                0x080085e0                TIM_TI1_SetConfig
 .text.TIM_TI2_SetConfig
                0x080086b0       0x7a ./Drivers/STM32F4xx_HAL_Driver/Src/stm32f4xx_hal_tim.o
 .text.TIM_TI3_SetConfig
                0x0800872a       0x78 ./Drivers/STM32F4xx_HAL_Driver/Src/stm32f4xx_hal_tim.o
 .text.TIM_TI4_SetConfig
                0x080087a2       0x7a ./Drivers/STM32F4xx_HAL_Driver/Src/stm32f4xx_hal_tim.o
 .text.TIM_CCxChannelCmd
                0x0800881c       0x4a ./Drivers/STM32F4xx_HAL_Driver/Src/stm32f4xx_hal_tim.o
                0x0800881c                TIM_CCxChannelCmd
 *fill*         0x08008866        0x2 
 .text.HAL_TIMEx_MasterConfigSynchronization
                0x08008868       0xdc ./Drivers/STM32F4xx_HAL_Driver/Src/stm32f4xx_hal_tim_ex.o
                0x08008868                HAL_TIMEx_MasterConfigSynchronization
 .text.HAL_TIMEx_CommutCallback
                0x08008944       0x14 ./Drivers/STM32F4xx_HAL_Driver/Src/stm32f4xx_hal_tim_ex.o
                0x08008944                HAL_TIMEx_CommutCallback
 .text.HAL_TIMEx_BreakCallback
                0x08008958       0x14 ./Drivers/STM32F4xx_HAL_Driver/Src/stm32f4xx_hal_tim_ex.o
                0x08008958                HAL_TIMEx_BreakCallback
 .text.HAL_UART_Init
                0x0800896c       0xa0 ./Drivers/STM32F4xx_HAL_Driver/Src/stm32f4xx_hal_uart.o
                0x0800896c                HAL_UART_Init
 .text.HAL_UART_Transmit
                0x08008a0c      0x116 ./Drivers/STM32F4xx_HAL_Driver/Src/stm32f4xx_hal_uart.o
                0x08008a0c                HAL_UART_Transmit
 .text.UART_WaitOnFlagUntilTimeout
                0x08008b22       0xb2 ./Drivers/STM32F4xx_HAL_Driver/Src/stm32f4xx_hal_uart.o
 .text.UART_EndRxTransfer
                0x08008bd4       0xc6 ./Drivers/STM32F4xx_HAL_Driver/Src/stm32f4xx_hal_uart.o
 *fill*         0x08008c9a        0x2 
 .text.UART_SetConfig
                0x08008c9c      0x4e8 ./Drivers/STM32F4xx_HAL_Driver/Src/stm32f4xx_hal_uart.o
 .text.USB_CoreInit
                0x08009184       0xc8 ./Drivers/STM32F4xx_HAL_Driver/Src/stm32f4xx_ll_usb.o
                0x08009184                USB_CoreInit
 .text.USB_SetTurnaroundTime
                0x0800924c      0x144 ./Drivers/STM32F4xx_HAL_Driver/Src/stm32f4xx_ll_usb.o
                0x0800924c                USB_SetTurnaroundTime
 .text.USB_EnableGlobalInt
                0x08009390       0x22 ./Drivers/STM32F4xx_HAL_Driver/Src/stm32f4xx_ll_usb.o
                0x08009390                USB_EnableGlobalInt
 .text.USB_DisableGlobalInt
                0x080093b2       0x22 ./Drivers/STM32F4xx_HAL_Driver/Src/stm32f4xx_ll_usb.o
                0x080093b2                USB_DisableGlobalInt
 .text.USB_SetCurrentMode
                0x080093d4       0x98 ./Drivers/STM32F4xx_HAL_Driver/Src/stm32f4xx_ll_usb.o
                0x080093d4                USB_SetCurrentMode
 .text.USB_DevInit
                0x0800946c      0x2c8 ./Drivers/STM32F4xx_HAL_Driver/Src/stm32f4xx_ll_usb.o
                0x0800946c                USB_DevInit
 .text.USB_FlushTxFifo
                0x08009734       0x64 ./Drivers/STM32F4xx_HAL_Driver/Src/stm32f4xx_ll_usb.o
                0x08009734                USB_FlushTxFifo
 .text.USB_FlushRxFifo
                0x08009798       0x5c ./Drivers/STM32F4xx_HAL_Driver/Src/stm32f4xx_ll_usb.o
                0x08009798                USB_FlushRxFifo
 .text.USB_SetDevSpeed
                0x080097f4       0x32 ./Drivers/STM32F4xx_HAL_Driver/Src/stm32f4xx_ll_usb.o
                0x080097f4                USB_SetDevSpeed
 .text.USB_GetDevSpeed
                0x08009826       0x4a ./Drivers/STM32F4xx_HAL_Driver/Src/stm32f4xx_ll_usb.o
                0x08009826                USB_GetDevSpeed
 .text.USB_ActivateEndpoint
                0x08009870      0x10e ./Drivers/STM32F4xx_HAL_Driver/Src/stm32f4xx_ll_usb.o
                0x08009870                USB_ActivateEndpoint
 *fill*         0x0800997e        0x2 
 .text.USB_DeactivateEndpoint
                0x08009980      0x1b8 ./Drivers/STM32F4xx_HAL_Driver/Src/stm32f4xx_ll_usb.o
                0x08009980                USB_DeactivateEndpoint
 .text.USB_EPStartXfer
                0x08009b38      0x53c ./Drivers/STM32F4xx_HAL_Driver/Src/stm32f4xx_ll_usb.o
                0x08009b38                USB_EPStartXfer
 .text.USB_EPStopXfer
                0x0800a074      0x154 ./Drivers/STM32F4xx_HAL_Driver/Src/stm32f4xx_ll_usb.o
                0x0800a074                USB_EPStopXfer
 .text.USB_WritePacket
                0x0800a1c8       0x7c ./Drivers/STM32F4xx_HAL_Driver/Src/stm32f4xx_ll_usb.o
                0x0800a1c8                USB_WritePacket
 .text.USB_ReadPacket
                0x0800a244       0xb0 ./Drivers/STM32F4xx_HAL_Driver/Src/stm32f4xx_ll_usb.o
                0x0800a244                USB_ReadPacket
 .text.USB_EPSetStall
                0x0800a2f4       0xdc ./Drivers/STM32F4xx_HAL_Driver/Src/stm32f4xx_ll_usb.o
                0x0800a2f4                USB_EPSetStall
 .text.USB_EPClearStall
                0x0800a3d0       0xcc ./Drivers/STM32F4xx_HAL_Driver/Src/stm32f4xx_ll_usb.o
                0x0800a3d0                USB_EPClearStall
 .text.USB_SetDevAddress
                0x0800a49c       0x4c ./Drivers/STM32F4xx_HAL_Driver/Src/stm32f4xx_ll_usb.o
                0x0800a49c                USB_SetDevAddress
 .text.USB_DevConnect
                0x0800a4e8       0x42 ./Drivers/STM32F4xx_HAL_Driver/Src/stm32f4xx_ll_usb.o
                0x0800a4e8                USB_DevConnect
 .text.USB_DevDisconnect
                0x0800a52a       0x42 ./Drivers/STM32F4xx_HAL_Driver/Src/stm32f4xx_ll_usb.o
                0x0800a52a                USB_DevDisconnect
 .text.USB_ReadInterrupts
                0x0800a56c       0x26 ./Drivers/STM32F4xx_HAL_Driver/Src/stm32f4xx_ll_usb.o
                0x0800a56c                USB_ReadInterrupts
 .text.USB_ReadDevAllOutEpInterrupt
                0x0800a592       0x34 ./Drivers/STM32F4xx_HAL_Driver/Src/stm32f4xx_ll_usb.o
                0x0800a592                USB_ReadDevAllOutEpInterrupt
 .text.USB_ReadDevAllInEpInterrupt
                0x0800a5c6       0x34 ./Drivers/STM32F4xx_HAL_Driver/Src/stm32f4xx_ll_usb.o
                0x0800a5c6                USB_ReadDevAllInEpInterrupt
 .text.USB_ReadDevOutEPInterrupt
                0x0800a5fa       0x3c ./Drivers/STM32F4xx_HAL_Driver/Src/stm32f4xx_ll_usb.o
                0x0800a5fa                USB_ReadDevOutEPInterrupt
 .text.USB_ReadDevInEPInterrupt
                0x0800a636       0x5c ./Drivers/STM32F4xx_HAL_Driver/Src/stm32f4xx_ll_usb.o
                0x0800a636                USB_ReadDevInEPInterrupt
 .text.USB_GetMode
                0x0800a692       0x1c ./Drivers/STM32F4xx_HAL_Driver/Src/stm32f4xx_ll_usb.o
                0x0800a692                USB_GetMode
 .text.USB_ActivateSetup
                0x0800a6ae       0x46 ./Drivers/STM32F4xx_HAL_Driver/Src/stm32f4xx_ll_usb.o
                0x0800a6ae                USB_ActivateSetup
 .text.USB_EP0_OutStart
                0x0800a6f4       0xbc ./Drivers/STM32F4xx_HAL_Driver/Src/stm32f4xx_ll_usb.o
                0x0800a6f4                USB_EP0_OutStart
 .text.USB_CoreReset
                0x0800a7b0       0x70 ./Drivers/STM32F4xx_HAL_Driver/Src/stm32f4xx_ll_usb.o
 .text.MX_FATFS_Init
                0x0800a820       0x24 ./FATFS/App/fatfs.o
                0x0800a820                MX_FATFS_Init
 .text.get_fattime
                0x0800a844       0x10 ./FATFS/App/fatfs.o
                0x0800a844                get_fattime
 .text.USER_GetFlashTotalSize
                0x0800a854       0x18 ./FATFS/Target/user_diskio.o
                0x0800a854                USER_GetFlashTotalSize
 .text.USER_initialize
                0x0800a86c       0xac ./FATFS/Target/user_diskio.o
                0x0800a86c                USER_initialize
 .text.USER_status
                0x0800a918       0x28 ./FATFS/Target/user_diskio.o
                0x0800a918                USER_status
 .text.USER_read
                0x0800a940       0x48 ./FATFS/Target/user_diskio.o
                0x0800a940                USER_read
 .text.USER_write
                0x0800a988      0x100 ./FATFS/Target/user_diskio.o
                0x0800a988                USER_write
 .text.USER_ioctl
                0x0800aa88       0xe0 ./FATFS/Target/user_diskio.o
                0x0800aa88                USER_ioctl
 .text.USBD_MSC_Init
                0x0800ab68      0x120 ./Middlewares/ST/STM32_USB_Device_Library/Class/MSC/Src/usbd_msc.o
                0x0800ab68                USBD_MSC_Init
 .text.USBD_MSC_DeInit
                0x0800ac88       0xb0 ./Middlewares/ST/STM32_USB_Device_Library/Class/MSC/Src/usbd_msc.o
                0x0800ac88                USBD_MSC_DeInit
 .text.USBD_MSC_Setup
                0x0800ad38      0x200 ./Middlewares/ST/STM32_USB_Device_Library/Class/MSC/Src/usbd_msc.o
                0x0800ad38                USBD_MSC_Setup
 .text.USBD_MSC_DataIn
                0x0800af38       0x20 ./Middlewares/ST/STM32_USB_Device_Library/Class/MSC/Src/usbd_msc.o
                0x0800af38                USBD_MSC_DataIn
 .text.USBD_MSC_DataOut
                0x0800af58       0x20 ./Middlewares/ST/STM32_USB_Device_Library/Class/MSC/Src/usbd_msc.o
                0x0800af58                USBD_MSC_DataOut
 .text.USBD_MSC_GetHSCfgDesc
                0x0800af78       0x58 ./Middlewares/ST/STM32_USB_Device_Library/Class/MSC/Src/usbd_msc.o
                0x0800af78                USBD_MSC_GetHSCfgDesc
 .text.USBD_MSC_GetFSCfgDesc
                0x0800afd0       0x58 ./Middlewares/ST/STM32_USB_Device_Library/Class/MSC/Src/usbd_msc.o
                0x0800afd0                USBD_MSC_GetFSCfgDesc
 .text.USBD_MSC_GetOtherSpeedCfgDesc
                0x0800b028       0x58 ./Middlewares/ST/STM32_USB_Device_Library/Class/MSC/Src/usbd_msc.o
                0x0800b028                USBD_MSC_GetOtherSpeedCfgDesc
 .text.USBD_MSC_GetDeviceQualifierDescriptor
                0x0800b080       0x20 ./Middlewares/ST/STM32_USB_Device_Library/Class/MSC/Src/usbd_msc.o
                0x0800b080                USBD_MSC_GetDeviceQualifierDescriptor
 .text.USBD_MSC_RegisterStorage
                0x0800b0a0       0x34 ./Middlewares/ST/STM32_USB_Device_Library/Class/MSC/Src/usbd_msc.o
                0x0800b0a0                USBD_MSC_RegisterStorage
 .text.MSC_BOT_Init
                0x0800b0d4       0x94 ./Middlewares/ST/STM32_USB_Device_Library/Class/MSC/Src/usbd_msc_bot.o
                0x0800b0d4                MSC_BOT_Init
 .text.MSC_BOT_Reset
                0x0800b168       0x68 ./Middlewares/ST/STM32_USB_Device_Library/Class/MSC/Src/usbd_msc_bot.o
                0x0800b168                MSC_BOT_Reset
 .text.MSC_BOT_DeInit
                0x0800b1d0       0x30 ./Middlewares/ST/STM32_USB_Device_Library/Class/MSC/Src/usbd_msc_bot.o
                0x0800b1d0                MSC_BOT_DeInit
 .text.MSC_BOT_DataIn
                0x0800b200       0x74 ./Middlewares/ST/STM32_USB_Device_Library/Class/MSC/Src/usbd_msc_bot.o
                0x0800b200                MSC_BOT_DataIn
 .text.MSC_BOT_DataOut
                0x0800b274       0x68 ./Middlewares/ST/STM32_USB_Device_Library/Class/MSC/Src/usbd_msc_bot.o
                0x0800b274                MSC_BOT_DataOut
 .text.MSC_BOT_CBW_Decode
                0x0800b2dc      0x12c ./Middlewares/ST/STM32_USB_Device_Library/Class/MSC/Src/usbd_msc_bot.o
 .text.MSC_BOT_SendData
                0x0800b408       0x6c ./Middlewares/ST/STM32_USB_Device_Library/Class/MSC/Src/usbd_msc_bot.o
 .text.MSC_BOT_SendCSW
                0x0800b474       0x74 ./Middlewares/ST/STM32_USB_Device_Library/Class/MSC/Src/usbd_msc_bot.o
                0x0800b474                MSC_BOT_SendCSW
 .text.MSC_BOT_Abort
                0x0800b4e8       0x84 ./Middlewares/ST/STM32_USB_Device_Library/Class/MSC/Src/usbd_msc_bot.o
 .text.MSC_BOT_CplClrFeature
                0x0800b56c       0x74 ./Middlewares/ST/STM32_USB_Device_Library/Class/MSC/Src/usbd_msc_bot.o
                0x0800b56c                MSC_BOT_CplClrFeature
 .text.SCSI_ProcessCmd
                0x0800b5e0      0x354 ./Middlewares/ST/STM32_USB_Device_Library/Class/MSC/Src/usbd_msc_scsi.o
                0x0800b5e0                SCSI_ProcessCmd
 .text.SCSI_TestUnitReady
                0x0800b934       0xb2 ./Middlewares/ST/STM32_USB_Device_Library/Class/MSC/Src/usbd_msc_scsi.o
 *fill*         0x0800b9e6        0x2 
 .text.SCSI_Inquiry
                0x0800b9e8       0xf8 ./Middlewares/ST/STM32_USB_Device_Library/Class/MSC/Src/usbd_msc_scsi.o
 .text.SCSI_ReadCapacity10
                0x0800bae0       0xf4 ./Middlewares/ST/STM32_USB_Device_Library/Class/MSC/Src/usbd_msc_scsi.o
 .text.SCSI_ReadCapacity16
                0x0800bbd4      0x160 ./Middlewares/ST/STM32_USB_Device_Library/Class/MSC/Src/usbd_msc_scsi.o
 .text.SCSI_ReadFormatCapacity
                0x0800bd34       0xf6 ./Middlewares/ST/STM32_USB_Device_Library/Class/MSC/Src/usbd_msc_scsi.o
 *fill*         0x0800be2a        0x2 
 .text.SCSI_ModeSense6
                0x0800be2c       0xa0 ./Middlewares/ST/STM32_USB_Device_Library/Class/MSC/Src/usbd_msc_scsi.o
 .text.SCSI_ModeSense10
                0x0800becc       0x9c ./Middlewares/ST/STM32_USB_Device_Library/Class/MSC/Src/usbd_msc_scsi.o
 .text.SCSI_RequestSense
                0x0800bf68      0x106 ./Middlewares/ST/STM32_USB_Device_Library/Class/MSC/Src/usbd_msc_scsi.o
 .text.SCSI_SenseCode
                0x0800c06e       0x96 ./Middlewares/ST/STM32_USB_Device_Library/Class/MSC/Src/usbd_msc_scsi.o
                0x0800c06e                SCSI_SenseCode
 .text.SCSI_StartStopUnit
                0x0800c104       0xaa ./Middlewares/ST/STM32_USB_Device_Library/Class/MSC/Src/usbd_msc_scsi.o
 .text.SCSI_AllowPreventRemovable
                0x0800c1ae       0x5a ./Middlewares/ST/STM32_USB_Device_Library/Class/MSC/Src/usbd_msc_scsi.o
 .text.SCSI_Read10
                0x0800c208      0x154 ./Middlewares/ST/STM32_USB_Device_Library/Class/MSC/Src/usbd_msc_scsi.o
 .text.SCSI_Read12
                0x0800c35c      0x16a ./Middlewares/ST/STM32_USB_Device_Library/Class/MSC/Src/usbd_msc_scsi.o
 *fill*         0x0800c4c6        0x2 
 .text.SCSI_Write10
                0x0800c4c8      0x1b0 ./Middlewares/ST/STM32_USB_Device_Library/Class/MSC/Src/usbd_msc_scsi.o
 .text.SCSI_Write12
                0x0800c678      0x1d0 ./Middlewares/ST/STM32_USB_Device_Library/Class/MSC/Src/usbd_msc_scsi.o
 .text.SCSI_Verify10
                0x0800c848       0x84 ./Middlewares/ST/STM32_USB_Device_Library/Class/MSC/Src/usbd_msc_scsi.o
 .text.SCSI_ReportLuns
                0x0800c8cc       0xa8 ./Middlewares/ST/STM32_USB_Device_Library/Class/MSC/Src/usbd_msc_scsi.o
 .text.SCSI_ReceiveDiagnosticResults
                0x0800c974       0x68 ./Middlewares/ST/STM32_USB_Device_Library/Class/MSC/Src/usbd_msc_scsi.o
 .text.SCSI_CheckAddressRange
                0x0800c9dc       0x64 ./Middlewares/ST/STM32_USB_Device_Library/Class/MSC/Src/usbd_msc_scsi.o
 .text.SCSI_ProcessRead
                0x0800ca40      0x104 ./Middlewares/ST/STM32_USB_Device_Library/Class/MSC/Src/usbd_msc_scsi.o
 .text.SCSI_ProcessWrite
                0x0800cb44      0x120 ./Middlewares/ST/STM32_USB_Device_Library/Class/MSC/Src/usbd_msc_scsi.o
 .text.SCSI_UpdateBotData
                0x0800cc64       0x52 ./Middlewares/ST/STM32_USB_Device_Library/Class/MSC/Src/usbd_msc_scsi.o
 .text.USBD_Init
                0x0800ccb6       0x60 ./Middlewares/ST/STM32_USB_Device_Library/Core/Src/usbd_core.o
                0x0800ccb6                USBD_Init
 .text.USBD_RegisterClass
                0x0800cd16       0x6c ./Middlewares/ST/STM32_USB_Device_Library/Core/Src/usbd_core.o
                0x0800cd16                USBD_RegisterClass
 .text.USBD_Start
                0x0800cd82       0x18 ./Middlewares/ST/STM32_USB_Device_Library/Core/Src/usbd_core.o
                0x0800cd82                USBD_Start
 .text.USBD_RunTestMode
                0x0800cd9a       0x16 ./Middlewares/ST/STM32_USB_Device_Library/Core/Src/usbd_core.o
                0x0800cd9a                USBD_RunTestMode
 .text.USBD_SetClassConfig
                0x0800cdb0       0x38 ./Middlewares/ST/STM32_USB_Device_Library/Core/Src/usbd_core.o
                0x0800cdb0                USBD_SetClassConfig
 .text.USBD_ClrClassConfig
                0x0800cde8       0x34 ./Middlewares/ST/STM32_USB_Device_Library/Core/Src/usbd_core.o
                0x0800cde8                USBD_ClrClassConfig
 .text.USBD_LL_SetupStage
                0x0800ce1c       0xaa ./Middlewares/ST/STM32_USB_Device_Library/Core/Src/usbd_core.o
                0x0800ce1c                USBD_LL_SetupStage
 .text.USBD_LL_DataOutStage
                0x0800cec6      0x178 ./Middlewares/ST/STM32_USB_Device_Library/Core/Src/usbd_core.o
                0x0800cec6                USBD_LL_DataOutStage
 .text.USBD_LL_DataInStage
                0x0800d03e      0x176 ./Middlewares/ST/STM32_USB_Device_Library/Core/Src/usbd_core.o
                0x0800d03e                USBD_LL_DataInStage
 .text.USBD_LL_Reset
                0x0800d1b4       0xa6 ./Middlewares/ST/STM32_USB_Device_Library/Core/Src/usbd_core.o
                0x0800d1b4                USBD_LL_Reset
 .text.USBD_LL_SetSpeed
                0x0800d25a       0x20 ./Middlewares/ST/STM32_USB_Device_Library/Core/Src/usbd_core.o
                0x0800d25a                USBD_LL_SetSpeed
 .text.USBD_LL_Suspend
                0x0800d27a       0x38 ./Middlewares/ST/STM32_USB_Device_Library/Core/Src/usbd_core.o
                0x0800d27a                USBD_LL_Suspend
 .text.USBD_LL_Resume
                0x0800d2b2       0x30 ./Middlewares/ST/STM32_USB_Device_Library/Core/Src/usbd_core.o
                0x0800d2b2                USBD_LL_Resume
 .text.USBD_LL_SOF
                0x0800d2e2       0x40 ./Middlewares/ST/STM32_USB_Device_Library/Core/Src/usbd_core.o
                0x0800d2e2                USBD_LL_SOF
 .text.USBD_LL_IsoINIncomplete
                0x0800d322       0x64 ./Middlewares/ST/STM32_USB_Device_Library/Core/Src/usbd_core.o
                0x0800d322                USBD_LL_IsoINIncomplete
 .text.USBD_LL_IsoOUTIncomplete
                0x0800d386       0x64 ./Middlewares/ST/STM32_USB_Device_Library/Core/Src/usbd_core.o
                0x0800d386                USBD_LL_IsoOUTIncomplete
 .text.USBD_LL_DevConnected
                0x0800d3ea       0x16 ./Middlewares/ST/STM32_USB_Device_Library/Core/Src/usbd_core.o
                0x0800d3ea                USBD_LL_DevConnected
 .text.USBD_LL_DevDisconnected
                0x0800d400       0x46 ./Middlewares/ST/STM32_USB_Device_Library/Core/Src/usbd_core.o
                0x0800d400                USBD_LL_DevDisconnected
 .text.USBD_CoreFindIF
                0x0800d446       0x1a ./Middlewares/ST/STM32_USB_Device_Library/Core/Src/usbd_core.o
                0x0800d446                USBD_CoreFindIF
 .text.USBD_CoreFindEP
                0x0800d460       0x1a ./Middlewares/ST/STM32_USB_Device_Library/Core/Src/usbd_core.o
                0x0800d460                USBD_CoreFindEP
 .text.USBD_GetEpDesc
                0x0800d47a       0x70 ./Middlewares/ST/STM32_USB_Device_Library/Core/Src/usbd_core.o
                0x0800d47a                USBD_GetEpDesc
 .text.USBD_GetNextDesc
                0x0800d4ea       0x38 ./Middlewares/ST/STM32_USB_Device_Library/Core/Src/usbd_core.o
                0x0800d4ea                USBD_GetNextDesc
 .text.SWAPBYTE
                0x0800d522       0x3e ./Middlewares/ST/STM32_USB_Device_Library/Core/Src/usbd_ctlreq.o
 .text.USBD_StdDevReq
                0x0800d560       0xe4 ./Middlewares/ST/STM32_USB_Device_Library/Core/Src/usbd_ctlreq.o
                0x0800d560                USBD_StdDevReq
 .text.USBD_StdItfReq
                0x0800d644       0xd8 ./Middlewares/ST/STM32_USB_Device_Library/Core/Src/usbd_ctlreq.o
                0x0800d644                USBD_StdItfReq
 .text.USBD_StdEPReq
                0x0800d71c      0x33e ./Middlewares/ST/STM32_USB_Device_Library/Core/Src/usbd_ctlreq.o
                0x0800d71c                USBD_StdEPReq
 *fill*         0x0800da5a        0x2 
 .text.USBD_GetDescriptor
                0x0800da5c      0x2d4 ./Middlewares/ST/STM32_USB_Device_Library/Core/Src/usbd_ctlreq.o
 .text.USBD_SetAddress
                0x0800dd30       0x88 ./Middlewares/ST/STM32_USB_Device_Library/Core/Src/usbd_ctlreq.o
 .text.USBD_SetConfig
                0x0800ddb8      0x154 ./Middlewares/ST/STM32_USB_Device_Library/Core/Src/usbd_ctlreq.o
 .text.USBD_GetConfig
                0x0800df0c       0x6c ./Middlewares/ST/STM32_USB_Device_Library/Core/Src/usbd_ctlreq.o
 .text.USBD_GetStatus
                0x0800df78       0x68 ./Middlewares/ST/STM32_USB_Device_Library/Core/Src/usbd_ctlreq.o
 .text.USBD_SetFeature
                0x0800dfe0       0x52 ./Middlewares/ST/STM32_USB_Device_Library/Core/Src/usbd_ctlreq.o
 .text.USBD_ClrFeature
                0x0800e032       0x44 ./Middlewares/ST/STM32_USB_Device_Library/Core/Src/usbd_ctlreq.o
 .text.USBD_ParseSetupRequest
                0x0800e076       0x74 ./Middlewares/ST/STM32_USB_Device_Library/Core/Src/usbd_ctlreq.o
                0x0800e076                USBD_ParseSetupRequest
 .text.USBD_CtlError
                0x0800e0ea       0x22 ./Middlewares/ST/STM32_USB_Device_Library/Core/Src/usbd_ctlreq.o
                0x0800e0ea                USBD_CtlError
 .text.USBD_GetString
                0x0800e10c       0xa4 ./Middlewares/ST/STM32_USB_Device_Library/Core/Src/usbd_ctlreq.o
                0x0800e10c                USBD_GetString
 .text.USBD_GetLen
                0x0800e1b0       0x34 ./Middlewares/ST/STM32_USB_Device_Library/Core/Src/usbd_ctlreq.o
 .text.USBD_CtlSendData
                0x0800e1e4       0x3c ./Middlewares/ST/STM32_USB_Device_Library/Core/Src/usbd_ioreq.o
                0x0800e1e4                USBD_CtlSendData
 .text.USBD_CtlContinueSendData
                0x0800e220       0x22 ./Middlewares/ST/STM32_USB_Device_Library/Core/Src/usbd_ioreq.o
                0x0800e220                USBD_CtlContinueSendData
 .text.USBD_CtlContinueRx
                0x0800e242       0x22 ./Middlewares/ST/STM32_USB_Device_Library/Core/Src/usbd_ioreq.o
                0x0800e242                USBD_CtlContinueRx
 .text.USBD_CtlSendStatus
                0x0800e264       0x26 ./Middlewares/ST/STM32_USB_Device_Library/Core/Src/usbd_ioreq.o
                0x0800e264                USBD_CtlSendStatus
 .text.USBD_CtlReceiveStatus
                0x0800e28a       0x26 ./Middlewares/ST/STM32_USB_Device_Library/Core/Src/usbd_ioreq.o
                0x0800e28a                USBD_CtlReceiveStatus
 .text.disk_status
                0x0800e2b0       0x34 ./Middlewares/Third_Party/FatFs/src/diskio.o
                0x0800e2b0                disk_status
 .text.disk_initialize
                0x0800e2e4       0x50 ./Middlewares/Third_Party/FatFs/src/diskio.o
                0x0800e2e4                disk_initialize
 .text.disk_read
                0x0800e334       0x40 ./Middlewares/Third_Party/FatFs/src/diskio.o
                0x0800e334                disk_read
 .text.disk_write
                0x0800e374       0x40 ./Middlewares/Third_Party/FatFs/src/diskio.o
                0x0800e374                disk_write
 .text.disk_ioctl
                0x0800e3b4       0x3c ./Middlewares/Third_Party/FatFs/src/diskio.o
                0x0800e3b4                disk_ioctl
 .text.ld_word  0x0800e3f0       0x32 ./Middlewares/Third_Party/FatFs/src/ff.o
 .text.ld_dword
                0x0800e422       0x46 ./Middlewares/Third_Party/FatFs/src/ff.o
 .text.st_word  0x0800e468       0x36 ./Middlewares/Third_Party/FatFs/src/ff.o
 .text.st_dword
                0x0800e49e       0x58 ./Middlewares/Third_Party/FatFs/src/ff.o
 .text.mem_cpy  0x0800e4f6       0x42 ./Middlewares/Third_Party/FatFs/src/ff.o
 .text.mem_set  0x0800e538       0x36 ./Middlewares/Third_Party/FatFs/src/ff.o
 .text.mem_cmp  0x0800e56e       0x4e ./Middlewares/Third_Party/FatFs/src/ff.o
 .text.chk_chr  0x0800e5bc       0x36 ./Middlewares/Third_Party/FatFs/src/ff.o
 *fill*         0x0800e5f2        0x2 
 .text.chk_lock
                0x0800e5f4       0xb8 ./Middlewares/Third_Party/FatFs/src/ff.o
 .text.enq_lock
                0x0800e6ac       0x44 ./Middlewares/Third_Party/FatFs/src/ff.o
 .text.inc_lock
                0x0800e6f0      0x11c ./Middlewares/Third_Party/FatFs/src/ff.o
 .text.dec_lock
                0x0800e80c       0x78 ./Middlewares/Third_Party/FatFs/src/ff.o
 .text.clear_lock
                0x0800e884       0x48 ./Middlewares/Third_Party/FatFs/src/ff.o
 .text.sync_window
                0x0800e8cc       0x88 ./Middlewares/Third_Party/FatFs/src/ff.o
 .text.move_window
                0x0800e954       0x5a ./Middlewares/Third_Party/FatFs/src/ff.o
 *fill*         0x0800e9ae        0x2 
 .text.sync_fs  0x0800e9b0       0xdc ./Middlewares/Third_Party/FatFs/src/ff.o
 .text.clust2sect
                0x0800ea8c       0x3e ./Middlewares/Third_Party/FatFs/src/ff.o
 .text.get_fat  0x0800eaca      0x14e ./Middlewares/Third_Party/FatFs/src/ff.o
 .text.put_fat  0x0800ec18      0x1d4 ./Middlewares/Third_Party/FatFs/src/ff.o
 .text.remove_chain
                0x0800edec       0xca ./Middlewares/Third_Party/FatFs/src/ff.o
 .text.create_chain
                0x0800eeb6      0x130 ./Middlewares/Third_Party/FatFs/src/ff.o
 .text.clmt_clust
                0x0800efe6       0x68 ./Middlewares/Third_Party/FatFs/src/ff.o
 .text.dir_sdi  0x0800f04e       0xf6 ./Middlewares/Third_Party/FatFs/src/ff.o
 .text.dir_next
                0x0800f144      0x18a ./Middlewares/Third_Party/FatFs/src/ff.o
 .text.dir_alloc
                0x0800f2ce       0x8e ./Middlewares/Third_Party/FatFs/src/ff.o
 .text.ld_clust
                0x0800f35c       0x3e ./Middlewares/Third_Party/FatFs/src/ff.o
 .text.st_clust
                0x0800f39a       0x40 ./Middlewares/Third_Party/FatFs/src/ff.o
 .text.dir_read
                0x0800f3da       0xba ./Middlewares/Third_Party/FatFs/src/ff.o
 .text.dir_find
                0x0800f494       0xaa ./Middlewares/Third_Party/FatFs/src/ff.o
 .text.dir_register
                0x0800f53e       0x64 ./Middlewares/Third_Party/FatFs/src/ff.o
 *fill*         0x0800f5a2        0x2 
 .text.create_name
                0x0800f5a4      0x128 ./Middlewares/Third_Party/FatFs/src/ff.o
 .text.follow_path
                0x0800f6cc       0xe2 ./Middlewares/Third_Party/FatFs/src/ff.o
 .text.get_ldnumber
                0x0800f7ae       0x88 ./Middlewares/Third_Party/FatFs/src/ff.o
 *fill*         0x0800f836        0x2 
 .text.check_fs
                0x0800f838       0xac ./Middlewares/Third_Party/FatFs/src/ff.o
 .text.find_volume
                0x0800f8e4      0x498 ./Middlewares/Third_Party/FatFs/src/ff.o
 .text.validate
                0x0800fd7c       0x6a ./Middlewares/Third_Party/FatFs/src/ff.o
 *fill*         0x0800fde6        0x2 
 .text.f_mount  0x0800fde8       0x8c ./Middlewares/Third_Party/FatFs/src/ff.o
                0x0800fde8                f_mount
 .text.f_open   0x0800fe74      0x374 ./Middlewares/Third_Party/FatFs/src/ff.o
                0x0800fe74                f_open
 .text.f_read   0x080101e8      0x27e ./Middlewares/Third_Party/FatFs/src/ff.o
                0x080101e8                f_read
 .text.f_write  0x08010466      0x2ea ./Middlewares/Third_Party/FatFs/src/ff.o
                0x08010466                f_write
 .text.f_sync   0x08010750       0xfc ./Middlewares/Third_Party/FatFs/src/ff.o
                0x08010750                f_sync
 .text.f_close  0x0801084c       0x54 ./Middlewares/Third_Party/FatFs/src/ff.o
                0x0801084c                f_close
 .text.f_getfree
                0x080108a0      0x16a ./Middlewares/Third_Party/FatFs/src/ff.o
                0x080108a0                f_getfree
 *fill*         0x08010a0a        0x2 
 .text.f_setlabel
                0x08010a0c      0x228 ./Middlewares/Third_Party/FatFs/src/ff.o
                0x08010a0c                f_setlabel
 .text.f_mkfs   0x08010c34      0x858 ./Middlewares/Third_Party/FatFs/src/ff.o
                0x08010c34                f_mkfs
 .text.FATFS_LinkDriverEx
                0x0801148c       0x98 ./Middlewares/Third_Party/FatFs/src/ff_gen_drv.o
                0x0801148c                FATFS_LinkDriverEx
 .text.FATFS_LinkDriver
                0x08011524       0x1e ./Middlewares/Third_Party/FatFs/src/ff_gen_drv.o
                0x08011524                FATFS_LinkDriver
 *fill*         0x08011542        0x2 
 .text.MX_USB_DEVICE_Init
                0x08011544       0x60 ./USB_DEVICE/App/usb_device.o
                0x08011544                MX_USB_DEVICE_Init
 .text.USBD_FS_DeviceDescriptor
                0x080115a4       0x24 ./USB_DEVICE/App/usbd_desc.o
                0x080115a4                USBD_FS_DeviceDescriptor
 .text.USBD_FS_LangIDStrDescriptor
                0x080115c8       0x24 ./USB_DEVICE/App/usbd_desc.o
                0x080115c8                USBD_FS_LangIDStrDescriptor
 .text.USBD_FS_ProductStrDescriptor
                0x080115ec       0x3c ./USB_DEVICE/App/usbd_desc.o
                0x080115ec                USBD_FS_ProductStrDescriptor
 .text.USBD_FS_ManufacturerStrDescriptor
                0x08011628       0x28 ./USB_DEVICE/App/usbd_desc.o
                0x08011628                USBD_FS_ManufacturerStrDescriptor
 .text.USBD_FS_SerialStrDescriptor
                0x08011650       0x24 ./USB_DEVICE/App/usbd_desc.o
                0x08011650                USBD_FS_SerialStrDescriptor
 .text.USBD_FS_ConfigStrDescriptor
                0x08011674       0x3c ./USB_DEVICE/App/usbd_desc.o
                0x08011674                USBD_FS_ConfigStrDescriptor
 .text.USBD_FS_InterfaceStrDescriptor
                0x080116b0       0x3c ./USB_DEVICE/App/usbd_desc.o
                0x080116b0                USBD_FS_InterfaceStrDescriptor
 .text.Get_SerialNum
                0x080116ec       0x58 ./USB_DEVICE/App/usbd_desc.o
 .text.IntToUnicode
                0x08011744       0x7e ./USB_DEVICE/App/usbd_desc.o
 *fill*         0x080117c2        0x2 
 .text.STORAGE_Init_FS
                0x080117c4       0x94 ./USB_DEVICE/App/usbd_storage_if.o
 .text.STORAGE_GetCapacity_FS
                0x08011858       0x40 ./USB_DEVICE/App/usbd_storage_if.o
 .text.STORAGE_IsReady_FS
                0x08011898       0x2c ./USB_DEVICE/App/usbd_storage_if.o
 .text.STORAGE_IsWriteProtected_FS
                0x080118c4       0x18 ./USB_DEVICE/App/usbd_storage_if.o
 .text.STORAGE_Read_FS
                0x080118dc       0x4c ./USB_DEVICE/App/usbd_storage_if.o
 .text.STORAGE_Write_FS
                0x08011928      0x120 ./USB_DEVICE/App/usbd_storage_if.o
 .text.STORAGE_GetMaxLun_FS
                0x08011a48       0x10 ./USB_DEVICE/App/usbd_storage_if.o
 .text.STORAGE_SetMediaReady
                0x08011a58       0x2c ./USB_DEVICE/App/usbd_storage_if.o
                0x08011a58                STORAGE_SetMediaReady
 .text.STORAGE_UpdateCapacity
                0x08011a84       0x2c ./USB_DEVICE/App/usbd_storage_if.o
                0x08011a84                STORAGE_UpdateCapacity
 .text.HAL_PCD_MspInit
                0x08011ab0       0xa8 ./USB_DEVICE/Target/usbd_conf.o
                0x08011ab0                HAL_PCD_MspInit
 .text.HAL_PCD_SetupStageCallback
                0x08011b58       0x24 ./USB_DEVICE/Target/usbd_conf.o
                0x08011b58                HAL_PCD_SetupStageCallback
 .text.HAL_PCD_DataOutStageCallback
                0x08011b7c       0x36 ./USB_DEVICE/Target/usbd_conf.o
                0x08011b7c                HAL_PCD_DataOutStageCallback
 .text.HAL_PCD_DataInStageCallback
                0x08011bb2       0x34 ./USB_DEVICE/Target/usbd_conf.o
                0x08011bb2                HAL_PCD_DataInStageCallback
 .text.HAL_PCD_SOFCallback
                0x08011be6       0x1c ./USB_DEVICE/Target/usbd_conf.o
                0x08011be6                HAL_PCD_SOFCallback
 .text.HAL_PCD_ResetCallback
                0x08011c02       0x3c ./USB_DEVICE/Target/usbd_conf.o
                0x08011c02                HAL_PCD_ResetCallback
 *fill*         0x08011c3e        0x2 
 .text.HAL_PCD_SuspendCallback
                0x08011c40       0x4c ./USB_DEVICE/Target/usbd_conf.o
                0x08011c40                HAL_PCD_SuspendCallback
 .text.HAL_PCD_ResumeCallback
                0x08011c8c       0x1c ./USB_DEVICE/Target/usbd_conf.o
                0x08011c8c                HAL_PCD_ResumeCallback
 .text.HAL_PCD_ISOOUTIncompleteCallback
                0x08011ca8       0x24 ./USB_DEVICE/Target/usbd_conf.o
                0x08011ca8                HAL_PCD_ISOOUTIncompleteCallback
 .text.HAL_PCD_ISOINIncompleteCallback
                0x08011ccc       0x24 ./USB_DEVICE/Target/usbd_conf.o
                0x08011ccc                HAL_PCD_ISOINIncompleteCallback
 .text.HAL_PCD_ConnectCallback
                0x08011cf0       0x1c ./USB_DEVICE/Target/usbd_conf.o
                0x08011cf0                HAL_PCD_ConnectCallback
 .text.HAL_PCD_DisconnectCallback
                0x08011d0c       0x1c ./USB_DEVICE/Target/usbd_conf.o
                0x08011d0c                HAL_PCD_DisconnectCallback
 .text.USBD_LL_Init
                0x08011d28       0x98 ./USB_DEVICE/Target/usbd_conf.o
                0x08011d28                USBD_LL_Init
 .text.USBD_LL_Start
                0x08011dc0       0x36 ./USB_DEVICE/Target/usbd_conf.o
                0x08011dc0                USBD_LL_Start
 .text.USBD_LL_OpenEP
                0x08011df6       0x4c ./USB_DEVICE/Target/usbd_conf.o
                0x08011df6                USBD_LL_OpenEP
 .text.USBD_LL_CloseEP
                0x08011e42       0x3e ./USB_DEVICE/Target/usbd_conf.o
                0x08011e42                USBD_LL_CloseEP
 .text.USBD_LL_FlushEP
                0x08011e80       0x3e ./USB_DEVICE/Target/usbd_conf.o
                0x08011e80                USBD_LL_FlushEP
 .text.USBD_LL_StallEP
                0x08011ebe       0x3e ./USB_DEVICE/Target/usbd_conf.o
                0x08011ebe                USBD_LL_StallEP
 .text.USBD_LL_ClearStallEP
                0x08011efc       0x3e ./USB_DEVICE/Target/usbd_conf.o
                0x08011efc                USBD_LL_ClearStallEP
 .text.USBD_LL_IsStallEP
                0x08011f3a       0x58 ./USB_DEVICE/Target/usbd_conf.o
                0x08011f3a                USBD_LL_IsStallEP
 .text.USBD_LL_SetUSBAddress
                0x08011f92       0x3e ./USB_DEVICE/Target/usbd_conf.o
                0x08011f92                USBD_LL_SetUSBAddress
 .text.USBD_LL_Transmit
                0x08011fd0       0x42 ./USB_DEVICE/Target/usbd_conf.o
                0x08011fd0                USBD_LL_Transmit
 .text.USBD_LL_PrepareReceive
                0x08012012       0x42 ./USB_DEVICE/Target/usbd_conf.o
                0x08012012                USBD_LL_PrepareReceive
 .text.USBD_LL_GetRxDataSize
                0x08012054       0x26 ./USB_DEVICE/Target/usbd_conf.o
                0x08012054                USBD_LL_GetRxDataSize
 *fill*         0x0801207a        0x2 
 .text.USBD_static_malloc
                0x0801207c       0x1c ./USB_DEVICE/Target/usbd_conf.o
                0x0801207c                USBD_static_malloc
 .text.USBD_static_free
                0x08012098       0x14 ./USB_DEVICE/Target/usbd_conf.o
                0x08012098                USBD_static_free
 .text.USBD_Get_USB_Status
                0x080120ac       0x58 ./USB_DEVICE/Target/usbd_conf.o
                0x080120ac                USBD_Get_USB_Status
 .text.rand     0x08012104       0x7c C:/ST/STM32CubeIDE_1.19.0/STM32CubeIDE/plugins/com.st.stm32cube.ide.mcu.externaltools.gnu-tools-for-stm32.13.3.rel1.win32_1.0.0.202411081344/tools/bin/../lib/gcc/arm-none-eabi/13.3.1/../../../../arm-none-eabi/lib/thumb/v7e-m+fp/hard\libc_nano.a(libc_a-rand.o)
                0x08012104                rand
 .text.std      0x08012180       0x6c C:/ST/STM32CubeIDE_1.19.0/STM32CubeIDE/plugins/com.st.stm32cube.ide.mcu.externaltools.gnu-tools-for-stm32.13.3.rel1.win32_1.0.0.202411081344/tools/bin/../lib/gcc/arm-none-eabi/13.3.1/../../../../arm-none-eabi/lib/thumb/v7e-m+fp/hard\libc_nano.a(libc_a-findfp.o)
 .text.stdio_exit_handler
                0x080121ec       0x18 C:/ST/STM32CubeIDE_1.19.0/STM32CubeIDE/plugins/com.st.stm32cube.ide.mcu.externaltools.gnu-tools-for-stm32.13.3.rel1.win32_1.0.0.202411081344/tools/bin/../lib/gcc/arm-none-eabi/13.3.1/../../../../arm-none-eabi/lib/thumb/v7e-m+fp/hard\libc_nano.a(libc_a-findfp.o)
 .text.cleanup_stdio
                0x08012204       0x40 C:/ST/STM32CubeIDE_1.19.0/STM32CubeIDE/plugins/com.st.stm32cube.ide.mcu.externaltools.gnu-tools-for-stm32.13.3.rel1.win32_1.0.0.202411081344/tools/bin/../lib/gcc/arm-none-eabi/13.3.1/../../../../arm-none-eabi/lib/thumb/v7e-m+fp/hard\libc_nano.a(libc_a-findfp.o)
 .text.global_stdio_init.part.0
                0x08012244       0x3c C:/ST/STM32CubeIDE_1.19.0/STM32CubeIDE/plugins/com.st.stm32cube.ide.mcu.externaltools.gnu-tools-for-stm32.13.3.rel1.win32_1.0.0.202411081344/tools/bin/../lib/gcc/arm-none-eabi/13.3.1/../../../../arm-none-eabi/lib/thumb/v7e-m+fp/hard\libc_nano.a(libc_a-findfp.o)
 .text.__sfp_lock_acquire
                0x08012280        0xc C:/ST/STM32CubeIDE_1.19.0/STM32CubeIDE/plugins/com.st.stm32cube.ide.mcu.externaltools.gnu-tools-for-stm32.13.3.rel1.win32_1.0.0.202411081344/tools/bin/../lib/gcc/arm-none-eabi/13.3.1/../../../../arm-none-eabi/lib/thumb/v7e-m+fp/hard\libc_nano.a(libc_a-findfp.o)
                0x08012280                __sfp_lock_acquire
 .text.__sfp_lock_release
                0x0801228c        0xc C:/ST/STM32CubeIDE_1.19.0/STM32CubeIDE/plugins/com.st.stm32cube.ide.mcu.externaltools.gnu-tools-for-stm32.13.3.rel1.win32_1.0.0.202411081344/tools/bin/../lib/gcc/arm-none-eabi/13.3.1/../../../../arm-none-eabi/lib/thumb/v7e-m+fp/hard\libc_nano.a(libc_a-findfp.o)
                0x0801228c                __sfp_lock_release
 .text.__sinit  0x08012298       0x30 C:/ST/STM32CubeIDE_1.19.0/STM32CubeIDE/plugins/com.st.stm32cube.ide.mcu.externaltools.gnu-tools-for-stm32.13.3.rel1.win32_1.0.0.202411081344/tools/bin/../lib/gcc/arm-none-eabi/13.3.1/../../../../arm-none-eabi/lib/thumb/v7e-m+fp/hard\libc_nano.a(libc_a-findfp.o)
                0x08012298                __sinit
 .text._fwalk_sglue
                0x080122c8       0x3c C:/ST/STM32CubeIDE_1.19.0/STM32CubeIDE/plugins/com.st.stm32cube.ide.mcu.externaltools.gnu-tools-for-stm32.13.3.rel1.win32_1.0.0.202411081344/tools/bin/../lib/gcc/arm-none-eabi/13.3.1/../../../../arm-none-eabi/lib/thumb/v7e-m+fp/hard\libc_nano.a(libc_a-fwalk.o)
                0x080122c8                _fwalk_sglue
 .text.sprintf  0x08012304       0x44 C:/ST/STM32CubeIDE_1.19.0/STM32CubeIDE/plugins/com.st.stm32cube.ide.mcu.externaltools.gnu-tools-for-stm32.13.3.rel1.win32_1.0.0.202411081344/tools/bin/../lib/gcc/arm-none-eabi/13.3.1/../../../../arm-none-eabi/lib/thumb/v7e-m+fp/hard\libc_nano.a(libc_a-sprintf.o)
                0x08012304                siprintf
                0x08012304                sprintf
 .text.__sread  0x08012348       0x22 C:/ST/STM32CubeIDE_1.19.0/STM32CubeIDE/plugins/com.st.stm32cube.ide.mcu.externaltools.gnu-tools-for-stm32.13.3.rel1.win32_1.0.0.202411081344/tools/bin/../lib/gcc/arm-none-eabi/13.3.1/../../../../arm-none-eabi/lib/thumb/v7e-m+fp/hard\libc_nano.a(libc_a-stdio.o)
                0x08012348                __sread
 .text.__swrite
                0x0801236a       0x38 C:/ST/STM32CubeIDE_1.19.0/STM32CubeIDE/plugins/com.st.stm32cube.ide.mcu.externaltools.gnu-tools-for-stm32.13.3.rel1.win32_1.0.0.202411081344/tools/bin/../lib/gcc/arm-none-eabi/13.3.1/../../../../arm-none-eabi/lib/thumb/v7e-m+fp/hard\libc_nano.a(libc_a-stdio.o)
                0x0801236a                __swrite
 .text.__sseek  0x080123a2       0x24 C:/ST/STM32CubeIDE_1.19.0/STM32CubeIDE/plugins/com.st.stm32cube.ide.mcu.externaltools.gnu-tools-for-stm32.13.3.rel1.win32_1.0.0.202411081344/tools/bin/../lib/gcc/arm-none-eabi/13.3.1/../../../../arm-none-eabi/lib/thumb/v7e-m+fp/hard\libc_nano.a(libc_a-stdio.o)
                0x080123a2                __sseek
 .text.__sclose
                0x080123c6        0x8 C:/ST/STM32CubeIDE_1.19.0/STM32CubeIDE/plugins/com.st.stm32cube.ide.mcu.externaltools.gnu-tools-for-stm32.13.3.rel1.win32_1.0.0.202411081344/tools/bin/../lib/gcc/arm-none-eabi/13.3.1/../../../../arm-none-eabi/lib/thumb/v7e-m+fp/hard\libc_nano.a(libc_a-stdio.o)
                0x080123c6                __sclose
 .text.memset   0x080123ce       0x10 C:/ST/STM32CubeIDE_1.19.0/STM32CubeIDE/plugins/com.st.stm32cube.ide.mcu.externaltools.gnu-tools-for-stm32.13.3.rel1.win32_1.0.0.202411081344/tools/bin/../lib/gcc/arm-none-eabi/13.3.1/../../../../arm-none-eabi/lib/thumb/v7e-m+fp/hard\libc_nano.a(libc_a-memset.o)
                0x080123ce                memset
 *fill*         0x080123de        0x2 
 .text._close_r
                0x080123e0       0x20 C:/ST/STM32CubeIDE_1.19.0/STM32CubeIDE/plugins/com.st.stm32cube.ide.mcu.externaltools.gnu-tools-for-stm32.13.3.rel1.win32_1.0.0.202411081344/tools/bin/../lib/gcc/arm-none-eabi/13.3.1/../../../../arm-none-eabi/lib/thumb/v7e-m+fp/hard\libc_nano.a(libc_a-closer.o)
                0x080123e0                _close_r
 .text._lseek_r
                0x08012400       0x24 C:/ST/STM32CubeIDE_1.19.0/STM32CubeIDE/plugins/com.st.stm32cube.ide.mcu.externaltools.gnu-tools-for-stm32.13.3.rel1.win32_1.0.0.202411081344/tools/bin/../lib/gcc/arm-none-eabi/13.3.1/../../../../arm-none-eabi/lib/thumb/v7e-m+fp/hard\libc_nano.a(libc_a-lseekr.o)
                0x08012400                _lseek_r
 .text._read_r  0x08012424       0x24 C:/ST/STM32CubeIDE_1.19.0/STM32CubeIDE/plugins/com.st.stm32cube.ide.mcu.externaltools.gnu-tools-for-stm32.13.3.rel1.win32_1.0.0.202411081344/tools/bin/../lib/gcc/arm-none-eabi/13.3.1/../../../../arm-none-eabi/lib/thumb/v7e-m+fp/hard\libc_nano.a(libc_a-readr.o)
                0x08012424                _read_r
 .text._write_r
                0x08012448       0x24 C:/ST/STM32CubeIDE_1.19.0/STM32CubeIDE/plugins/com.st.stm32cube.ide.mcu.externaltools.gnu-tools-for-stm32.13.3.rel1.win32_1.0.0.202411081344/tools/bin/../lib/gcc/arm-none-eabi/13.3.1/../../../../arm-none-eabi/lib/thumb/v7e-m+fp/hard\libc_nano.a(libc_a-writer.o)
                0x08012448                _write_r
 .text.__errno  0x0801246c        0xc C:/ST/STM32CubeIDE_1.19.0/STM32CubeIDE/plugins/com.st.stm32cube.ide.mcu.externaltools.gnu-tools-for-stm32.13.3.rel1.win32_1.0.0.202411081344/tools/bin/../lib/gcc/arm-none-eabi/13.3.1/../../../../arm-none-eabi/lib/thumb/v7e-m+fp/hard\libc_nano.a(libc_a-errno.o)
                0x0801246c                __errno
 .text.__libc_init_array
                0x08012478       0x48 C:/ST/STM32CubeIDE_1.19.0/STM32CubeIDE/plugins/com.st.stm32cube.ide.mcu.externaltools.gnu-tools-for-stm32.13.3.rel1.win32_1.0.0.202411081344/tools/bin/../lib/gcc/arm-none-eabi/13.3.1/../../../../arm-none-eabi/lib/thumb/v7e-m+fp/hard\libc_nano.a(libc_a-init.o)
                0x08012478                __libc_init_array
 .text.__retarget_lock_init_recursive
                0x080124c0        0x2 C:/ST/STM32CubeIDE_1.19.0/STM32CubeIDE/plugins/com.st.stm32cube.ide.mcu.externaltools.gnu-tools-for-stm32.13.3.rel1.win32_1.0.0.202411081344/tools/bin/../lib/gcc/arm-none-eabi/13.3.1/../../../../arm-none-eabi/lib/thumb/v7e-m+fp/hard\libc_nano.a(libc_a-lock.o)
                0x080124c0                __retarget_lock_init_recursive
 .text.__retarget_lock_acquire_recursive
                0x080124c2        0x2 C:/ST/STM32CubeIDE_1.19.0/STM32CubeIDE/plugins/com.st.stm32cube.ide.mcu.externaltools.gnu-tools-for-stm32.13.3.rel1.win32_1.0.0.202411081344/tools/bin/../lib/gcc/arm-none-eabi/13.3.1/../../../../arm-none-eabi/lib/thumb/v7e-m+fp/hard\libc_nano.a(libc_a-lock.o)
                0x080124c2                __retarget_lock_acquire_recursive
 .text.__retarget_lock_release_recursive
                0x080124c4        0x2 C:/ST/STM32CubeIDE_1.19.0/STM32CubeIDE/plugins/com.st.stm32cube.ide.mcu.externaltools.gnu-tools-for-stm32.13.3.rel1.win32_1.0.0.202411081344/tools/bin/../lib/gcc/arm-none-eabi/13.3.1/../../../../arm-none-eabi/lib/thumb/v7e-m+fp/hard\libc_nano.a(libc_a-lock.o)
                0x080124c4                __retarget_lock_release_recursive
 .text.memcpy   0x080124c6       0x1c C:/ST/STM32CubeIDE_1.19.0/STM32CubeIDE/plugins/com.st.stm32cube.ide.mcu.externaltools.gnu-tools-for-stm32.13.3.rel1.win32_1.0.0.202411081344/tools/bin/../lib/gcc/arm-none-eabi/13.3.1/../../../../arm-none-eabi/lib/thumb/v7e-m+fp/hard\libc_nano.a(libc_a-memcpy-stub.o)
                0x080124c6                memcpy
 *fill*         0x080124e2        0x2 
 .text.__assert_func
                0x080124e4       0x3c C:/ST/STM32CubeIDE_1.19.0/STM32CubeIDE/plugins/com.st.stm32cube.ide.mcu.externaltools.gnu-tools-for-stm32.13.3.rel1.win32_1.0.0.202411081344/tools/bin/../lib/gcc/arm-none-eabi/13.3.1/../../../../arm-none-eabi/lib/thumb/v7e-m+fp/hard\libc_nano.a(libc_a-assert.o)
                0x080124e4                __assert_func
 .text._free_r  0x08012520       0x94 C:/ST/STM32CubeIDE_1.19.0/STM32CubeIDE/plugins/com.st.stm32cube.ide.mcu.externaltools.gnu-tools-for-stm32.13.3.rel1.win32_1.0.0.202411081344/tools/bin/../lib/gcc/arm-none-eabi/13.3.1/../../../../arm-none-eabi/lib/thumb/v7e-m+fp/hard\libc_nano.a(libc_a-freer.o)
                0x08012520                _free_r
 .text.malloc   0x080125b4       0x10 C:/ST/STM32CubeIDE_1.19.0/STM32CubeIDE/plugins/com.st.stm32cube.ide.mcu.externaltools.gnu-tools-for-stm32.13.3.rel1.win32_1.0.0.202411081344/tools/bin/../lib/gcc/arm-none-eabi/13.3.1/../../../../arm-none-eabi/lib/thumb/v7e-m+fp/hard\libc_nano.a(libc_a-malloc.o)
                0x080125b4                malloc
 .text.sbrk_aligned
                0x080125c4       0x44 C:/ST/STM32CubeIDE_1.19.0/STM32CubeIDE/plugins/com.st.stm32cube.ide.mcu.externaltools.gnu-tools-for-stm32.13.3.rel1.win32_1.0.0.202411081344/tools/bin/../lib/gcc/arm-none-eabi/13.3.1/../../../../arm-none-eabi/lib/thumb/v7e-m+fp/hard\libc_nano.a(libc_a-mallocr.o)
 .text._malloc_r
                0x08012608      0x100 C:/ST/STM32CubeIDE_1.19.0/STM32CubeIDE/plugins/com.st.stm32cube.ide.mcu.externaltools.gnu-tools-for-stm32.13.3.rel1.win32_1.0.0.202411081344/tools/bin/../lib/gcc/arm-none-eabi/13.3.1/../../../../arm-none-eabi/lib/thumb/v7e-m+fp/hard\libc_nano.a(libc_a-mallocr.o)
                0x08012608                _malloc_r
 .text.__malloc_lock
                0x08012708        0xc C:/ST/STM32CubeIDE_1.19.0/STM32CubeIDE/plugins/com.st.stm32cube.ide.mcu.externaltools.gnu-tools-for-stm32.13.3.rel1.win32_1.0.0.202411081344/tools/bin/../lib/gcc/arm-none-eabi/13.3.1/../../../../arm-none-eabi/lib/thumb/v7e-m+fp/hard\libc_nano.a(libc_a-mlock.o)
                0x08012708                __malloc_lock
 .text.__malloc_unlock
                0x08012714        0xc C:/ST/STM32CubeIDE_1.19.0/STM32CubeIDE/plugins/com.st.stm32cube.ide.mcu.externaltools.gnu-tools-for-stm32.13.3.rel1.win32_1.0.0.202411081344/tools/bin/../lib/gcc/arm-none-eabi/13.3.1/../../../../arm-none-eabi/lib/thumb/v7e-m+fp/hard\libc_nano.a(libc_a-mlock.o)
                0x08012714                __malloc_unlock
 .text.__ssputs_r
                0x08012720       0xb6 C:/ST/STM32CubeIDE_1.19.0/STM32CubeIDE/plugins/com.st.stm32cube.ide.mcu.externaltools.gnu-tools-for-stm32.13.3.rel1.win32_1.0.0.202411081344/tools/bin/../lib/gcc/arm-none-eabi/13.3.1/../../../../arm-none-eabi/lib/thumb/v7e-m+fp/hard\libc_nano.a(libc_a-nano-svfprintf.o)
                0x08012720                __ssputs_r
 *fill*         0x080127d6        0x2 
 .text._svfprintf_r
                0x080127d8      0x1f8 C:/ST/STM32CubeIDE_1.19.0/STM32CubeIDE/plugins/com.st.stm32cube.ide.mcu.externaltools.gnu-tools-for-stm32.13.3.rel1.win32_1.0.0.202411081344/tools/bin/../lib/gcc/arm-none-eabi/13.3.1/../../../../arm-none-eabi/lib/thumb/v7e-m+fp/hard\libc_nano.a(libc_a-nano-svfprintf.o)
                0x080127d8                _svfiprintf_r
                0x080127d8                _svfprintf_r
 .text._printf_common
                0x080129d0       0xda C:/ST/STM32CubeIDE_1.19.0/STM32CubeIDE/plugins/com.st.stm32cube.ide.mcu.externaltools.gnu-tools-for-stm32.13.3.rel1.win32_1.0.0.202411081344/tools/bin/../lib/gcc/arm-none-eabi/13.3.1/../../../../arm-none-eabi/lib/thumb/v7e-m+fp/hard\libc_nano.a(libc_a-nano-vfprintf_i.o)
                0x080129d0                _printf_common
 *fill*         0x08012aaa        0x2 
 .text._printf_i
                0x08012aac      0x23c C:/ST/STM32CubeIDE_1.19.0/STM32CubeIDE/plugins/com.st.stm32cube.ide.mcu.externaltools.gnu-tools-for-stm32.13.3.rel1.win32_1.0.0.202411081344/tools/bin/../lib/gcc/arm-none-eabi/13.3.1/../../../../arm-none-eabi/lib/thumb/v7e-m+fp/hard\libc_nano.a(libc_a-nano-vfprintf_i.o)
                0x08012aac                _printf_i
 .text.__sflush_r
                0x08012ce8      0x108 C:/ST/STM32CubeIDE_1.19.0/STM32CubeIDE/plugins/com.st.stm32cube.ide.mcu.externaltools.gnu-tools-for-stm32.13.3.rel1.win32_1.0.0.202411081344/tools/bin/../lib/gcc/arm-none-eabi/13.3.1/../../../../arm-none-eabi/lib/thumb/v7e-m+fp/hard\libc_nano.a(libc_a-fflush.o)
                0x08012ce8                __sflush_r
 .text._fflush_r
                0x08012df0       0x50 C:/ST/STM32CubeIDE_1.19.0/STM32CubeIDE/plugins/com.st.stm32cube.ide.mcu.externaltools.gnu-tools-for-stm32.13.3.rel1.win32_1.0.0.202411081344/tools/bin/../lib/gcc/arm-none-eabi/13.3.1/../../../../arm-none-eabi/lib/thumb/v7e-m+fp/hard\libc_nano.a(libc_a-fflush.o)
                0x08012df0                _fflush_r
 .text.fprintf  0x08012e40       0x24 C:/ST/STM32CubeIDE_1.19.0/STM32CubeIDE/plugins/com.st.stm32cube.ide.mcu.externaltools.gnu-tools-for-stm32.13.3.rel1.win32_1.0.0.202411081344/tools/bin/../lib/gcc/arm-none-eabi/13.3.1/../../../../arm-none-eabi/lib/thumb/v7e-m+fp/hard\libc_nano.a(libc_a-fprintf.o)
                0x08012e40                fiprintf
                0x08012e40                fprintf
 .text.memmove  0x08012e64       0x34 C:/ST/STM32CubeIDE_1.19.0/STM32CubeIDE/plugins/com.st.stm32cube.ide.mcu.externaltools.gnu-tools-for-stm32.13.3.rel1.win32_1.0.0.202411081344/tools/bin/../lib/gcc/arm-none-eabi/13.3.1/../../../../arm-none-eabi/lib/thumb/v7e-m+fp/hard\libc_nano.a(libc_a-memmove.o)
                0x08012e64                memmove
 .text._sbrk_r  0x08012e98       0x20 C:/ST/STM32CubeIDE_1.19.0/STM32CubeIDE/plugins/com.st.stm32cube.ide.mcu.externaltools.gnu-tools-for-stm32.13.3.rel1.win32_1.0.0.202411081344/tools/bin/../lib/gcc/arm-none-eabi/13.3.1/../../../../arm-none-eabi/lib/thumb/v7e-m+fp/hard\libc_nano.a(libc_a-sbrkr.o)
                0x08012e98                _sbrk_r
 .text.abort    0x08012eb8        0xe C:/ST/STM32CubeIDE_1.19.0/STM32CubeIDE/plugins/com.st.stm32cube.ide.mcu.externaltools.gnu-tools-for-stm32.13.3.rel1.win32_1.0.0.202411081344/tools/bin/../lib/gcc/arm-none-eabi/13.3.1/../../../../arm-none-eabi/lib/thumb/v7e-m+fp/hard\libc_nano.a(libc_a-abort.o)
                0x08012eb8                abort
 .text._realloc_r
                0x08012ec6       0x5c C:/ST/STM32CubeIDE_1.19.0/STM32CubeIDE/plugins/com.st.stm32cube.ide.mcu.externaltools.gnu-tools-for-stm32.13.3.rel1.win32_1.0.0.202411081344/tools/bin/../lib/gcc/arm-none-eabi/13.3.1/../../../../arm-none-eabi/lib/thumb/v7e-m+fp/hard\libc_nano.a(libc_a-reallocr.o)
                0x08012ec6                _realloc_r
 .text.__sfputc_r
                0x08012f22       0x2e C:/ST/STM32CubeIDE_1.19.0/STM32CubeIDE/plugins/com.st.stm32cube.ide.mcu.externaltools.gnu-tools-for-stm32.13.3.rel1.win32_1.0.0.202411081344/tools/bin/../lib/gcc/arm-none-eabi/13.3.1/../../../../arm-none-eabi/lib/thumb/v7e-m+fp/hard\libc_nano.a(libc_a-nano-vfprintf.o)
 .text.__sfputs_r
                0x08012f50       0x24 C:/ST/STM32CubeIDE_1.19.0/STM32CubeIDE/plugins/com.st.stm32cube.ide.mcu.externaltools.gnu-tools-for-stm32.13.3.rel1.win32_1.0.0.202411081344/tools/bin/../lib/gcc/arm-none-eabi/13.3.1/../../../../arm-none-eabi/lib/thumb/v7e-m+fp/hard\libc_nano.a(libc_a-nano-vfprintf.o)
                0x08012f50                __sfputs_r
 .text._vfprintf_r
                0x08012f74      0x230 C:/ST/STM32CubeIDE_1.19.0/STM32CubeIDE/plugins/com.st.stm32cube.ide.mcu.externaltools.gnu-tools-for-stm32.13.3.rel1.win32_1.0.0.202411081344/tools/bin/../lib/gcc/arm-none-eabi/13.3.1/../../../../arm-none-eabi/lib/thumb/v7e-m+fp/hard\libc_nano.a(libc_a-nano-vfprintf.o)
                0x08012f74                _vfprintf_r
                0x08012f74                _vfiprintf_r
 .text.__swbuf_r
                0x080131a4       0x7c C:/ST/STM32CubeIDE_1.19.0/STM32CubeIDE/plugins/com.st.stm32cube.ide.mcu.externaltools.gnu-tools-for-stm32.13.3.rel1.win32_1.0.0.202411081344/tools/bin/../lib/gcc/arm-none-eabi/13.3.1/../../../../arm-none-eabi/lib/thumb/v7e-m+fp/hard\libc_nano.a(libc_a-wbuf.o)
                0x080131a4                __swbuf_r
 .text.__swsetup_r
                0x08013220       0xac C:/ST/STM32CubeIDE_1.19.0/STM32CubeIDE/plugins/com.st.stm32cube.ide.mcu.externaltools.gnu-tools-for-stm32.13.3.rel1.win32_1.0.0.202411081344/tools/bin/../lib/gcc/arm-none-eabi/13.3.1/../../../../arm-none-eabi/lib/thumb/v7e-m+fp/hard\libc_nano.a(libc_a-wsetup.o)
                0x08013220                __swsetup_r
 .text._raise_r
                0x080132cc       0x50 C:/ST/STM32CubeIDE_1.19.0/STM32CubeIDE/plugins/com.st.stm32cube.ide.mcu.externaltools.gnu-tools-for-stm32.13.3.rel1.win32_1.0.0.202411081344/tools/bin/../lib/gcc/arm-none-eabi/13.3.1/../../../../arm-none-eabi/lib/thumb/v7e-m+fp/hard\libc_nano.a(libc_a-signal.o)
                0x080132cc                _raise_r
 .text.raise    0x0801331c       0x10 C:/ST/STM32CubeIDE_1.19.0/STM32CubeIDE/plugins/com.st.stm32cube.ide.mcu.externaltools.gnu-tools-for-stm32.13.3.rel1.win32_1.0.0.202411081344/tools/bin/../lib/gcc/arm-none-eabi/13.3.1/../../../../arm-none-eabi/lib/thumb/v7e-m+fp/hard\libc_nano.a(libc_a-signal.o)
                0x0801331c                raise
 .text._kill_r  0x0801332c       0x24 C:/ST/STM32CubeIDE_1.19.0/STM32CubeIDE/plugins/com.st.stm32cube.ide.mcu.externaltools.gnu-tools-for-stm32.13.3.rel1.win32_1.0.0.202411081344/tools/bin/../lib/gcc/arm-none-eabi/13.3.1/../../../../arm-none-eabi/lib/thumb/v7e-m+fp/hard\libc_nano.a(libc_a-signalr.o)
                0x0801332c                _kill_r
 .text._getpid_r
                0x08013350        0x4 C:/ST/STM32CubeIDE_1.19.0/STM32CubeIDE/plugins/com.st.stm32cube.ide.mcu.externaltools.gnu-tools-for-stm32.13.3.rel1.win32_1.0.0.202411081344/tools/bin/../lib/gcc/arm-none-eabi/13.3.1/../../../../arm-none-eabi/lib/thumb/v7e-m+fp/hard\libc_nano.a(libc_a-signalr.o)
                0x08013350                _getpid_r
 .text._malloc_usable_size_r
                0x08013354       0x10 C:/ST/STM32CubeIDE_1.19.0/STM32CubeIDE/plugins/com.st.stm32cube.ide.mcu.externaltools.gnu-tools-for-stm32.13.3.rel1.win32_1.0.0.202411081344/tools/bin/../lib/gcc/arm-none-eabi/13.3.1/../../../../arm-none-eabi/lib/thumb/v7e-m+fp/hard\libc_nano.a(libc_a-msizer.o)
                0x08013354                _malloc_usable_size_r
 .text.__swhatbuf_r
                0x08013364       0x4c C:/ST/STM32CubeIDE_1.19.0/STM32CubeIDE/plugins/com.st.stm32cube.ide.mcu.externaltools.gnu-tools-for-stm32.13.3.rel1.win32_1.0.0.202411081344/tools/bin/../lib/gcc/arm-none-eabi/13.3.1/../../../../arm-none-eabi/lib/thumb/v7e-m+fp/hard\libc_nano.a(libc_a-makebuf.o)
                0x08013364                __swhatbuf_r
 .text.__smakebuf_r
                0x080133b0       0x78 C:/ST/STM32CubeIDE_1.19.0/STM32CubeIDE/plugins/com.st.stm32cube.ide.mcu.externaltools.gnu-tools-for-stm32.13.3.rel1.win32_1.0.0.202411081344/tools/bin/../lib/gcc/arm-none-eabi/13.3.1/../../../../arm-none-eabi/lib/thumb/v7e-m+fp/hard\libc_nano.a(libc_a-makebuf.o)
                0x080133b0                __smakebuf_r
 .text._fstat_r
                0x08013428       0x24 C:/ST/STM32CubeIDE_1.19.0/STM32CubeIDE/plugins/com.st.stm32cube.ide.mcu.externaltools.gnu-tools-for-stm32.13.3.rel1.win32_1.0.0.202411081344/tools/bin/../lib/gcc/arm-none-eabi/13.3.1/../../../../arm-none-eabi/lib/thumb/v7e-m+fp/hard\libc_nano.a(libc_a-fstatr.o)
                0x08013428                _fstat_r
 .text._isatty_r