../Core/Src/fs_logger.c:28:6:FS_SetFlashCapacity	16	static
../Core/Src/fs_logger.c:32:10:FS_GetFlashCapacity	4	static
../Core/Src/fs_logger.c:36:9:FS_IsMounted	4	static
../Core/Src/fs_logger.c:40:9:FS_IsFormatted	4	static
../Core/Src/fs_logger.c:44:9:ReadExportPartition	536	static
../Core/Src/fs_logger.c:59:6:UnmountAllFS	8	static
../Core/Src/fs_logger.c:66:9:ExportCsvToPartition1	1704	static
../Core/Src/fs_logger.c:125:6:MountFS	64	static
../Core/Src/fs_logger.c:142:16:VerifyBootSector	568	static
../Core/Src/fs_logger.c:156:6:FormatFS	776	static
../Core/Src/fs_logger.c:241:6:CheckAndFormatIfMismatch	160	static
../Core/Src/fs_logger.c:269:13:WriteCSVHeader	56	static
../Core/Src/fs_logger.c:289:13:AppendCSVLine	104	static
../Core/Src/fs_logger.c:303:6:Log_Init	4	static
../Core/Src/fs_logger.c:308:6:Log_AddEvent	96	static
../Core/Src/fs_logger.c:320:6:Log_FlushToCSV	16	static
../Core/Src/fs_logger.c:328:6:Log_StageEvents	96	static
../Core/Src/fs_logger.c:342:6:Log_ReadCSV	272	static
../Core/Src/fs_logger.c:358:10:Log_GetEventCount	4	static
