../Core/Src/fs_logger.c:28:6:FS_SetFlashCapacity	16	static
../Core/Src/fs_logger.c:32:10:FS_GetFlashCapacity	4	static
../Core/Src/fs_logger.c:36:9:FS_IsMounted	4	static
../Core/Src/fs_logger.c:40:9:FS_IsFormatted	4	static
../Core/Src/fs_logger.c:44:6:UnmountAllFS	8	static
../Core/Src/fs_logger.c:50:6:MountFS	64	static
../Core/Src/fs_logger.c:67:16:VerifyBootSector	568	static
../Core/Src/fs_logger.c:81:6:FormatFS	696	static
../Core/Src/fs_logger.c:148:6:CheckAndFormatIfMismatch	640	static
../Core/Src/fs_logger.c:188:6:Log_Init	4	static
../Core/Src/fs_logger.c:193:6:Log_AddEvent	192	static
../Core/Src/fs_logger.c:212:6:Log_FlushToCSV	160	static
../Core/Src/fs_logger.c:247:6:Log_StageEvents	160	static
../Core/Src/fs_logger.c:269:6:Log_ReadCSV	272	static
../Core/Src/fs_logger.c:285:10:Log_GetEventCount	4	static
