../Core/Src/fs_logger.c:28:6:FS_SetFlashCapacity	16	static
../Core/Src/fs_logger.c:32:10:FS_GetFlashCapacity	4	static
../Core/Src/fs_logger.c:36:9:FS_IsMounted	4	static
../Core/Src/fs_logger.c:40:9:FS_IsFormatted	4	static
../Core/Src/fs_logger.c:44:9:ReadExportPartition	536	static
../Core/Src/fs_logger.c:59:6:UnmountAllFS	8	static
../Core/Src/fs_logger.c:69:6:ExportCsvToPartition1_Start	72	static
../Core/Src/fs_logger.c:117:15:ExportCsvToPartition1_Process	536	static
../Core/Src/fs_logger.c:153:6:MountFS	64	static
../Core/Src/fs_logger.c:170:16:VerifyBootSector	568	static
../Core/Src/fs_logger.c:184:6:FormatFS	776	static
../Core/Src/fs_logger.c:269:6:CheckAndFormatIfMismatch	160	static
../Core/Src/fs_logger.c:297:13:WriteCSVHeader	56	static
../Core/Src/fs_logger.c:317:13:AppendCSVLine	104	static
../Core/Src/fs_logger.c:331:6:Log_Init	4	static
../Core/Src/fs_logger.c:336:6:Log_AddEvent	96	static
../Core/Src/fs_logger.c:348:6:Log_FlushToCSV	16	static
../Core/Src/fs_logger.c:356:6:Log_StageEvents	96	static
../Core/Src/fs_logger.c:370:6:Log_ReadCSV	272	static
../Core/Src/fs_logger.c:386:10:Log_GetEventCount	4	static
