../Core/Src/main.c:67:13:Simple_IWDG_Init	5
../Core/Src/main.c:93:5:main	33
../Core/Src/main.c:379:6:SystemClock_Config	3
../Core/Src/main.c:403:13:MX_ADC1_Init	3
../Core/Src/main.c:425:13:MX_I2C1_Init	2
../Core/Src/main.c:439:13:MX_SPI1_Init	2
../Core/Src/main.c:456:13:MX_TIM4_Init	4
../Core/Src/main.c:477:13:MX_TIM5_Init	4
../Core/Src/main.c:499:13:MX_USART1_UART_Init	2
../Core/Src/main.c:512:13:MX_GPIO_Init	1
../Core/Src/main.c:555:6:HAL_TIM_IC_CaptureCallback	1
../Core/Src/main.c:560:6:HAL_TIM_PeriodElapsedCallback	1
../Core/Src/main.c:565:6:HAL_GPIO_EXTI_Callback	3
../Core/Src/main.c:577:6:Error_Handler	1
