../Core/Src/main.c:67:13:Simple_IWDG_Init	16	static
../Core/Src/main.c:93:5:main	352	static
../Core/Src/main.c:328:6:SystemClock_Config	88	static
../Core/Src/main.c:352:13:MX_ADC1_Init	24	static
../Core/Src/main.c:374:13:MX_I2C1_Init	8	static
../Core/Src/main.c:388:13:MX_SPI1_Init	8	static
../Core/Src/main.c:405:13:MX_TIM4_Init	32	static
../Core/Src/main.c:426:13:MX_TIM5_Init	48	static
../Core/Src/main.c:448:13:MX_USART1_UART_Init	8	static
../Core/Src/main.c:461:13:MX_GPIO_Init	48	static
../Core/Src/main.c:504:6:HAL_TIM_IC_CaptureCallback	16	static
../Core/Src/main.c:509:6:HAL_TIM_PeriodElapsedCallback	16	static
../Core/Src/main.c:514:6:HAL_GPIO_EXTI_Callback	24	static
../Core/Src/main.c:526:6:Error_Handler	4	static,ignoring_inline_asm
