../Core/Src/main.c:101:13:Simple_IWDG_Init	16	static
../Core/Src/main.c:131:5:main	616	static
../Core/Src/main.c:453:6:SystemClock_Config	88	static
../Core/Src/main.c:501:13:MX_I2C1_Init	8	static
../Core/Src/main.c:535:13:MX_SPI1_Init	8	static
../Core/Src/main.c:573:13:MX_TIM4_Init	32	static
../Core/Src/main.c:621:13:MX_TIM5_Init	48	static
../Core/Src/main.c:670:13:MX_USART1_UART_Init	8	static
../Core/Src/main.c:703:13:MX_GPIO_Init	48	static
../Core/Src/main.c:783:6:HAL_GPIO_EXTI_Callback	24	static
../Core/Src/main.c:813:6:Error_Handler	4	static,ignoring_inline_asm
