../Core/Src/motor_control.c:44:10:Motor_GetRPM	8	static
../Core/Src/motor_control.c:52:10:Motor_GetADC	4	static
../Core/Src/motor_control.c:53:10:Motor_GetPWMDuty	4	static
../Core/Src/motor_control.c:54:10:Motor_GetSetValue	4	static
../Core/Src/motor_control.c:55:10:Motor_GetPulseCount	4	static
../Core/Src/motor_control.c:56:10:Motor_GetOutputRevolutions	4	static
../Core/Src/motor_control.c:57:10:Motor_GetPreciseMotorRPM	4	static
../Core/Src/motor_control.c:58:10:Motor_GetPreciseOutputRPM	4	static
../Core/Src/motor_control.c:60:6:Motor_ForceRPMReset	4	static
../Core/Src/motor_control.c:65:6:Motor_SetCLITarget	16	static
../Core/Src/motor_control.c:70:6:Motor_SetPID	24	static
../Core/Src/motor_control.c:80:6:Motor_GetPID	24	static
../Core/Src/motor_control.c:86:6:Motor_GetPIDState	16	static
../Core/Src/motor_control.c:93:6:Motor_SetMode	16	static
../Core/Src/motor_control.c:100:18:Motor_GetMode	4	static
../Core/Src/motor_control.c:104:6:Motor_Process	80	static,ignoring_inline_asm
../Core/Src/motor_control.c:235:6:Motor_TIM_IC_CaptureCallback	64	static
../Core/Src/motor_control.c:284:6:Motor_TIM_PeriodElapsedCallback	16	static
