../Core/Src/motor_control.c:56:10:Motor_GetRPM	4	static
../Core/Src/motor_control.c:61:10:Motor_GetADC	4	static
../Core/Src/motor_control.c:62:10:Motor_GetPWMDuty	4	static
../Core/Src/motor_control.c:63:10:Motor_GetSetValue	4	static
../Core/Src/motor_control.c:64:10:Motor_GetPulseCount	4	static
../Core/Src/motor_control.c:65:10:Motor_GetOutputRevolutions	4	static
../Core/Src/motor_control.c:66:10:Motor_GetPreciseMotorRPM	4	static
../Core/Src/motor_control.c:67:10:Motor_GetPreciseOutputRPM	4	static
../Core/Src/motor_control.c:69:6:Motor_ForceRPMReset	4	static
../Core/Src/motor_control.c:74:6:Motor_SetCLITarget	16	static
../Core/Src/motor_control.c:79:6:Motor_SetPID	24	static
../Core/Src/motor_control.c:89:6:Motor_GetPID	24	static
../Core/Src/motor_control.c:95:6:Motor_GetPIDState	16	static
../Core/Src/motor_control.c:102:6:Motor_SetMode	16	static
../Core/Src/motor_control.c:109:18:Motor_GetMode	4	static
../Core/Src/motor_control.c:113:6:Motor_Process	160	static,ignoring_inline_asm
../Core/Src/motor_control.c:251:6:HAL_TIM_IC_CaptureCallback	72	static
../Core/Src/motor_control.c:302:6:HAL_TIM_PeriodElapsedCallback	16	static
../Core/Src/motor_control.c:311:6:Motor_RotaryIncrement	8	static
../Core/Src/motor_control.c:333:6:Motor_RotaryDecrement	8	static
