../Core/Src/motor_control.c:45:10:Motor_GetRPM	8	static
../Core/Src/motor_control.c:53:10:Motor_GetADC	4	static
../Core/Src/motor_control.c:54:10:Motor_GetPWMDuty	4	static
../Core/Src/motor_control.c:55:10:Motor_GetSetValue	4	static
../Core/Src/motor_control.c:56:10:Motor_GetPulseCount	4	static
../Core/Src/motor_control.c:57:10:Motor_GetOutputRevolutions	4	static
../Core/Src/motor_control.c:58:10:Motor_GetPreciseMotorRPM	4	static
../Core/Src/motor_control.c:59:10:Motor_GetPreciseOutputRPM	4	static
../Core/Src/motor_control.c:61:6:Motor_ForceRPMReset	4	static
../Core/Src/motor_control.c:66:6:Motor_SetCLITarget	16	static
../Core/Src/motor_control.c:71:6:Motor_SetPID	24	static
../Core/Src/motor_control.c:81:6:Motor_GetPID	24	static
../Core/Src/motor_control.c:87:6:Motor_GetPIDState	16	static
../Core/Src/motor_control.c:94:6:Motor_SetMode	16	static
../Core/Src/motor_control.c:101:18:Motor_GetMode	4	static
../Core/Src/motor_control.c:105:6:Motor_Process	72	static,ignoring_inline_asm
../Core/Src/motor_control.c:223:6:Motor_TIM_IC_CaptureCallback	64	static
../Core/Src/motor_control.c:272:6:Motor_TIM_PeriodElapsedCallback	16	static
../Core/Src/motor_control.c:281:6:Motor_RotaryIncrement	72	static
../Core/Src/motor_control.c:295:6:Motor_RotaryDecrement	72	static
