../Core/Src/motor_control.c:53:10:Motor_GetRPM	4	static
../Core/Src/motor_control.c:58:10:Motor_GetADC	4	static
../Core/Src/motor_control.c:59:10:Motor_GetPWMDuty	4	static
../Core/Src/motor_control.c:60:10:Motor_GetSetValue	4	static
../Core/Src/motor_control.c:61:10:Motor_GetPulseCount	4	static
../Core/Src/motor_control.c:62:10:Motor_GetOutputRevolutions	4	static
../Core/Src/motor_control.c:63:10:Motor_GetPreciseMotorRPM	4	static
../Core/Src/motor_control.c:64:10:Motor_GetPreciseOutputRPM	4	static
../Core/Src/motor_control.c:66:6:Motor_ForceRPMReset	4	static
../Core/Src/motor_control.c:71:6:Motor_SetCLITarget	16	static
../Core/Src/motor_control.c:76:6:Motor_SetPID	24	static
../Core/Src/motor_control.c:86:6:Motor_GetPID	24	static
../Core/Src/motor_control.c:92:6:Motor_GetPIDState	16	static
../Core/Src/motor_control.c:99:6:Motor_SetMode	16	static
../Core/Src/motor_control.c:106:18:Motor_GetMode	4	static
../Core/Src/motor_control.c:110:6:Motor_Process	160	static,ignoring_inline_asm
../Core/Src/motor_control.c:235:6:HAL_TIM_IC_CaptureCallback	72	static
../Core/Src/motor_control.c:287:6:HAL_TIM_PeriodElapsedCallback	16	static
../Core/Src/motor_control.c:296:6:Motor_RotaryIncrement	8	static
../Core/Src/motor_control.c:318:6:Motor_RotaryDecrement	8	static
