../Core/Src/w25q64.c:12:20:W25Q_CS_Low	8	static
../Core/Src/w25q64.c:16:20:W25Q_CS_High	8	static
../Core/Src/w25q64.c:20:16:W25Q_SPI_Transceive	32	static
../Core/Src/w25q64.c:27:6:W25Q64_Init	8	static
../Core/Src/w25q64.c:32:10:W25Q64_ReadID	16	static
../Core/Src/w25q64.c:44:9:W25Q64_ReadStatusRegister1	16	static
../Core/Src/w25q64.c:53:6:W25Q64_WriteStatusRegister1	16	static
../Core/Src/w25q64.c:62:6:W25Q64_WriteEnable	8	static
../Core/Src/w25q64.c:68:6:W25Q64_WriteDisable	8	static
../Core/Src/w25q64.c:74:6:W25Q64_WaitBusy	16	static
../Core/Src/w25q64.c:89:6:W25Q64_SectorErase	16	static
../Core/Src/w25q64.c:100:6:W25Q64_ChipErase	8	static
../Core/Src/w25q64.c:108:6:W25Q64_ReadData	32	static
../Core/Src/w25q64.c:125:6:W25Q64_PageProgram	32	static
